<?xml version="1.0" encoding="UTF-8"?>
<testsuites>
  <testsuite name="/app/phpunit-ci.xml" tests="433" assertions="5640" errors="0" failures="0" skipped="0" time="93.236074">
    <testsuite name="Unit" tests="64" assertions="69" errors="0" failures="0" skipped="0" time="2.854665">
      <testsuite name="Tests\Unit\Playground\Crm\Resource\Http\Requests\Client\CreateRequestTest" file="/app/tests/Unit/Http/Requests/Client/CreateRequestTest.php" tests="1" assertions="1" errors="0" failures="0" skipped="0" time="0.179557">
        <testcase name="test_request_instance" file="/app/vendor/gammamatrix/playground-test/src/Unit/Http/Requests/RequestCase.php" line="42" class="Tests\Unit\Playground\Crm\Resource\Http\Requests\Client\CreateRequestTest" classname="Tests.Unit.Playground.Crm.Resource.Http.Requests.Client.CreateRequestTest" assertions="1" time="0.179557"/>
      </testsuite>
      <testsuite name="Tests\Unit\Playground\Crm\Resource\Http\Requests\Client\DestroyRequestTest" file="/app/tests/Unit/Http/Requests/Client/DestroyRequestTest.php" tests="1" assertions="1" errors="0" failures="0" skipped="0" time="0.046594">
        <testcase name="test_request_instance" file="/app/vendor/gammamatrix/playground-test/src/Unit/Http/Requests/RequestCase.php" line="42" class="Tests\Unit\Playground\Crm\Resource\Http\Requests\Client\DestroyRequestTest" classname="Tests.Unit.Playground.Crm.Resource.Http.Requests.Client.DestroyRequestTest" assertions="1" time="0.046594"/>
      </testsuite>
      <testsuite name="Tests\Unit\Playground\Crm\Resource\Http\Requests\Client\EditRequestTest" file="/app/tests/Unit/Http/Requests/Client/EditRequestTest.php" tests="1" assertions="1" errors="0" failures="0" skipped="0" time="0.049782">
        <testcase name="test_request_instance" file="/app/vendor/gammamatrix/playground-test/src/Unit/Http/Requests/RequestCase.php" line="42" class="Tests\Unit\Playground\Crm\Resource\Http\Requests\Client\EditRequestTest" classname="Tests.Unit.Playground.Crm.Resource.Http.Requests.Client.EditRequestTest" assertions="1" time="0.049782"/>
      </testsuite>
      <testsuite name="Tests\Unit\Playground\Crm\Resource\Http\Requests\Client\IndexRequestTest" file="/app/tests/Unit/Http/Requests/Client/IndexRequestTest.php" tests="1" assertions="1" errors="0" failures="0" skipped="0" time="0.045432">
        <testcase name="test_request_instance" file="/app/vendor/gammamatrix/playground-test/src/Unit/Http/Requests/RequestCase.php" line="42" class="Tests\Unit\Playground\Crm\Resource\Http\Requests\Client\IndexRequestTest" classname="Tests.Unit.Playground.Crm.Resource.Http.Requests.Client.IndexRequestTest" assertions="1" time="0.045432"/>
      </testsuite>
      <testsuite name="Tests\Unit\Playground\Crm\Resource\Http\Requests\Client\LockRequestTest" file="/app/tests/Unit/Http/Requests/Client/LockRequestTest.php" tests="1" assertions="1" errors="0" failures="0" skipped="0" time="0.042298">
        <testcase name="test_request_instance" file="/app/vendor/gammamatrix/playground-test/src/Unit/Http/Requests/RequestCase.php" line="42" class="Tests\Unit\Playground\Crm\Resource\Http\Requests\Client\LockRequestTest" classname="Tests.Unit.Playground.Crm.Resource.Http.Requests.Client.LockRequestTest" assertions="1" time="0.042298"/>
      </testsuite>
      <testsuite name="Tests\Unit\Playground\Crm\Resource\Http\Requests\Client\RestoreRequestTest" file="/app/tests/Unit/Http/Requests/Client/RestoreRequestTest.php" tests="1" assertions="1" errors="0" failures="0" skipped="0" time="0.042224">
        <testcase name="test_request_instance" file="/app/vendor/gammamatrix/playground-test/src/Unit/Http/Requests/RequestCase.php" line="42" class="Tests\Unit\Playground\Crm\Resource\Http\Requests\Client\RestoreRequestTest" classname="Tests.Unit.Playground.Crm.Resource.Http.Requests.Client.RestoreRequestTest" assertions="1" time="0.042224"/>
      </testsuite>
      <testsuite name="Tests\Unit\Playground\Crm\Resource\Http\Requests\Client\ShowRequestTest" file="/app/tests/Unit/Http/Requests/Client/ShowRequestTest.php" tests="1" assertions="1" errors="0" failures="0" skipped="0" time="0.041787">
        <testcase name="test_request_instance" file="/app/vendor/gammamatrix/playground-test/src/Unit/Http/Requests/RequestCase.php" line="42" class="Tests\Unit\Playground\Crm\Resource\Http\Requests\Client\ShowRequestTest" classname="Tests.Unit.Playground.Crm.Resource.Http.Requests.Client.ShowRequestTest" assertions="1" time="0.041787"/>
      </testsuite>
      <testsuite name="Tests\Unit\Playground\Crm\Resource\Http\Requests\Client\StoreRequestTest" file="/app/tests/Unit/Http/Requests/Client/StoreRequestTest.php" tests="1" assertions="1" errors="0" failures="0" skipped="0" time="0.042867">
        <testcase name="test_request_instance" file="/app/vendor/gammamatrix/playground-test/src/Unit/Http/Requests/RequestCase.php" line="42" class="Tests\Unit\Playground\Crm\Resource\Http\Requests\Client\StoreRequestTest" classname="Tests.Unit.Playground.Crm.Resource.Http.Requests.Client.StoreRequestTest" assertions="1" time="0.042867"/>
      </testsuite>
      <testsuite name="Tests\Unit\Playground\Crm\Resource\Http\Requests\Client\UnlockRequestTest" file="/app/tests/Unit/Http/Requests/Client/UnlockRequestTest.php" tests="1" assertions="1" errors="0" failures="0" skipped="0" time="0.041567">
        <testcase name="test_request_instance" file="/app/vendor/gammamatrix/playground-test/src/Unit/Http/Requests/RequestCase.php" line="42" class="Tests\Unit\Playground\Crm\Resource\Http\Requests\Client\UnlockRequestTest" classname="Tests.Unit.Playground.Crm.Resource.Http.Requests.Client.UnlockRequestTest" assertions="1" time="0.041567"/>
      </testsuite>
      <testsuite name="Tests\Unit\Playground\Crm\Resource\Http\Requests\Client\UpdateRequestTest" file="/app/tests/Unit/Http/Requests/Client/UpdateRequestTest.php" tests="1" assertions="1" errors="0" failures="0" skipped="0" time="0.044129">
        <testcase name="test_request_instance" file="/app/vendor/gammamatrix/playground-test/src/Unit/Http/Requests/RequestCase.php" line="42" class="Tests\Unit\Playground\Crm\Resource\Http\Requests\Client\UpdateRequestTest" classname="Tests.Unit.Playground.Crm.Resource.Http.Requests.Client.UpdateRequestTest" assertions="1" time="0.044129"/>
      </testsuite>
      <testsuite name="Tests\Unit\Playground\Crm\Resource\Http\Requests\Contact\CreateRequestTest" file="/app/tests/Unit/Http/Requests/Contact/CreateRequestTest.php" tests="1" assertions="1" errors="0" failures="0" skipped="0" time="0.042088">
        <testcase name="test_request_instance" file="/app/vendor/gammamatrix/playground-test/src/Unit/Http/Requests/RequestCase.php" line="42" class="Tests\Unit\Playground\Crm\Resource\Http\Requests\Contact\CreateRequestTest" classname="Tests.Unit.Playground.Crm.Resource.Http.Requests.Contact.CreateRequestTest" assertions="1" time="0.042088"/>
      </testsuite>
      <testsuite name="Tests\Unit\Playground\Crm\Resource\Http\Requests\Contact\DestroyRequestTest" file="/app/tests/Unit/Http/Requests/Contact/DestroyRequestTest.php" tests="1" assertions="1" errors="0" failures="0" skipped="0" time="0.042763">
        <testcase name="test_request_instance" file="/app/vendor/gammamatrix/playground-test/src/Unit/Http/Requests/RequestCase.php" line="42" class="Tests\Unit\Playground\Crm\Resource\Http\Requests\Contact\DestroyRequestTest" classname="Tests.Unit.Playground.Crm.Resource.Http.Requests.Contact.DestroyRequestTest" assertions="1" time="0.042763"/>
      </testsuite>
      <testsuite name="Tests\Unit\Playground\Crm\Resource\Http\Requests\Contact\EditRequestTest" file="/app/tests/Unit/Http/Requests/Contact/EditRequestTest.php" tests="1" assertions="1" errors="0" failures="0" skipped="0" time="0.041730">
        <testcase name="test_request_instance" file="/app/vendor/gammamatrix/playground-test/src/Unit/Http/Requests/RequestCase.php" line="42" class="Tests\Unit\Playground\Crm\Resource\Http\Requests\Contact\EditRequestTest" classname="Tests.Unit.Playground.Crm.Resource.Http.Requests.Contact.EditRequestTest" assertions="1" time="0.041730"/>
      </testsuite>
      <testsuite name="Tests\Unit\Playground\Crm\Resource\Http\Requests\Contact\IndexRequestTest" file="/app/tests/Unit/Http/Requests/Contact/IndexRequestTest.php" tests="1" assertions="1" errors="0" failures="0" skipped="0" time="0.042180">
        <testcase name="test_request_instance" file="/app/vendor/gammamatrix/playground-test/src/Unit/Http/Requests/RequestCase.php" line="42" class="Tests\Unit\Playground\Crm\Resource\Http\Requests\Contact\IndexRequestTest" classname="Tests.Unit.Playground.Crm.Resource.Http.Requests.Contact.IndexRequestTest" assertions="1" time="0.042180"/>
      </testsuite>
      <testsuite name="Tests\Unit\Playground\Crm\Resource\Http\Requests\Contact\LockRequestTest" file="/app/tests/Unit/Http/Requests/Contact/LockRequestTest.php" tests="1" assertions="1" errors="0" failures="0" skipped="0" time="0.041943">
        <testcase name="test_request_instance" file="/app/vendor/gammamatrix/playground-test/src/Unit/Http/Requests/RequestCase.php" line="42" class="Tests\Unit\Playground\Crm\Resource\Http\Requests\Contact\LockRequestTest" classname="Tests.Unit.Playground.Crm.Resource.Http.Requests.Contact.LockRequestTest" assertions="1" time="0.041943"/>
      </testsuite>
      <testsuite name="Tests\Unit\Playground\Crm\Resource\Http\Requests\Contact\RestoreRequestTest" file="/app/tests/Unit/Http/Requests/Contact/RestoreRequestTest.php" tests="1" assertions="1" errors="0" failures="0" skipped="0" time="0.042432">
        <testcase name="test_request_instance" file="/app/vendor/gammamatrix/playground-test/src/Unit/Http/Requests/RequestCase.php" line="42" class="Tests\Unit\Playground\Crm\Resource\Http\Requests\Contact\RestoreRequestTest" classname="Tests.Unit.Playground.Crm.Resource.Http.Requests.Contact.RestoreRequestTest" assertions="1" time="0.042432"/>
      </testsuite>
      <testsuite name="Tests\Unit\Playground\Crm\Resource\Http\Requests\Contact\ShowRequestTest" file="/app/tests/Unit/Http/Requests/Contact/ShowRequestTest.php" tests="1" assertions="1" errors="0" failures="0" skipped="0" time="0.041847">
        <testcase name="test_request_instance" file="/app/vendor/gammamatrix/playground-test/src/Unit/Http/Requests/RequestCase.php" line="42" class="Tests\Unit\Playground\Crm\Resource\Http\Requests\Contact\ShowRequestTest" classname="Tests.Unit.Playground.Crm.Resource.Http.Requests.Contact.ShowRequestTest" assertions="1" time="0.041847"/>
      </testsuite>
      <testsuite name="Tests\Unit\Playground\Crm\Resource\Http\Requests\Contact\StoreRequestTest" file="/app/tests/Unit/Http/Requests/Contact/StoreRequestTest.php" tests="1" assertions="1" errors="0" failures="0" skipped="0" time="0.041735">
        <testcase name="test_request_instance" file="/app/vendor/gammamatrix/playground-test/src/Unit/Http/Requests/RequestCase.php" line="42" class="Tests\Unit\Playground\Crm\Resource\Http\Requests\Contact\StoreRequestTest" classname="Tests.Unit.Playground.Crm.Resource.Http.Requests.Contact.StoreRequestTest" assertions="1" time="0.041735"/>
      </testsuite>
      <testsuite name="Tests\Unit\Playground\Crm\Resource\Http\Requests\Contact\UnlockRequestTest" file="/app/tests/Unit/Http/Requests/Contact/UnlockRequestTest.php" tests="1" assertions="1" errors="0" failures="0" skipped="0" time="0.041449">
        <testcase name="test_request_instance" file="/app/vendor/gammamatrix/playground-test/src/Unit/Http/Requests/RequestCase.php" line="42" class="Tests\Unit\Playground\Crm\Resource\Http\Requests\Contact\UnlockRequestTest" classname="Tests.Unit.Playground.Crm.Resource.Http.Requests.Contact.UnlockRequestTest" assertions="1" time="0.041449"/>
      </testsuite>
      <testsuite name="Tests\Unit\Playground\Crm\Resource\Http\Requests\Contact\UpdateRequestTest" file="/app/tests/Unit/Http/Requests/Contact/UpdateRequestTest.php" tests="1" assertions="1" errors="0" failures="0" skipped="0" time="0.041382">
        <testcase name="test_request_instance" file="/app/vendor/gammamatrix/playground-test/src/Unit/Http/Requests/RequestCase.php" line="42" class="Tests\Unit\Playground\Crm\Resource\Http\Requests\Contact\UpdateRequestTest" classname="Tests.Unit.Playground.Crm.Resource.Http.Requests.Contact.UpdateRequestTest" assertions="1" time="0.041382"/>
      </testsuite>
      <testsuite name="Tests\Unit\Playground\Crm\Resource\Http\Requests\FormRequest\InstanceTest" file="/app/tests/Unit/Http/Requests/FormRequest/InstanceTest.php" tests="5" assertions="6" errors="0" failures="0" skipped="0" time="0.235270">
        <testcase name="test_form_request_authorize_without_user" file="/app/tests/Unit/Http/Requests/FormRequest/InstanceTest.php" line="23" class="Tests\Unit\Playground\Crm\Resource\Http\Requests\FormRequest\InstanceTest" classname="Tests.Unit.Playground.Crm.Resource.Http.Requests.FormRequest.InstanceTest" assertions="1" time="0.041454"/>
        <testcase name="test_rules_is_empty_by_default" file="/app/tests/Unit/Http/Requests/FormRequest/InstanceTest.php" line="30" class="Tests\Unit\Playground\Crm\Resource\Http\Requests\FormRequest\InstanceTest" classname="Tests.Unit.Playground.Crm.Resource.Http.Requests.FormRequest.InstanceTest" assertions="2" time="0.041515"/>
        <testcase name="test_user_has_admin_privileges_without_user" file="/app/tests/Unit/Http/Requests/FormRequest/InstanceTest.php" line="38" class="Tests\Unit\Playground\Crm\Resource\Http\Requests\FormRequest\InstanceTest" classname="Tests.Unit.Playground.Crm.Resource.Http.Requests.FormRequest.InstanceTest" assertions="1" time="0.041918"/>
        <testcase name="test_user_has_admin_privileges_with_admin" file="/app/tests/Unit/Http/Requests/FormRequest/InstanceTest.php" line="45" class="Tests\Unit\Playground\Crm\Resource\Http\Requests\FormRequest\InstanceTest" classname="Tests.Unit.Playground.Crm.Resource.Http.Requests.FormRequest.InstanceTest" assertions="1" time="0.063280"/>
        <testcase name="test_user_has_admin_privileges_with_default_laravel_user" file="/app/tests/Unit/Http/Requests/FormRequest/InstanceTest.php" line="57" class="Tests\Unit\Playground\Crm\Resource\Http\Requests\FormRequest\InstanceTest" classname="Tests.Unit.Playground.Crm.Resource.Http.Requests.FormRequest.InstanceTest" assertions="1" time="0.047103"/>
      </testsuite>
      <testsuite name="Tests\Unit\Playground\Crm\Resource\Http\Requests\Location\CreateRequestTest" file="/app/tests/Unit/Http/Requests/Location/CreateRequestTest.php" tests="1" assertions="1" errors="0" failures="0" skipped="0" time="0.041065">
        <testcase name="test_request_instance" file="/app/vendor/gammamatrix/playground-test/src/Unit/Http/Requests/RequestCase.php" line="42" class="Tests\Unit\Playground\Crm\Resource\Http\Requests\Location\CreateRequestTest" classname="Tests.Unit.Playground.Crm.Resource.Http.Requests.Location.CreateRequestTest" assertions="1" time="0.041065"/>
      </testsuite>
      <testsuite name="Tests\Unit\Playground\Crm\Resource\Http\Requests\Location\DestroyRequestTest" file="/app/tests/Unit/Http/Requests/Location/DestroyRequestTest.php" tests="1" assertions="1" errors="0" failures="0" skipped="0" time="0.041171">
        <testcase name="test_request_instance" file="/app/vendor/gammamatrix/playground-test/src/Unit/Http/Requests/RequestCase.php" line="42" class="Tests\Unit\Playground\Crm\Resource\Http\Requests\Location\DestroyRequestTest" classname="Tests.Unit.Playground.Crm.Resource.Http.Requests.Location.DestroyRequestTest" assertions="1" time="0.041171"/>
      </testsuite>
      <testsuite name="Tests\Unit\Playground\Crm\Resource\Http\Requests\Location\EditRequestTest" file="/app/tests/Unit/Http/Requests/Location/EditRequestTest.php" tests="1" assertions="1" errors="0" failures="0" skipped="0" time="0.040946">
        <testcase name="test_request_instance" file="/app/vendor/gammamatrix/playground-test/src/Unit/Http/Requests/RequestCase.php" line="42" class="Tests\Unit\Playground\Crm\Resource\Http\Requests\Location\EditRequestTest" classname="Tests.Unit.Playground.Crm.Resource.Http.Requests.Location.EditRequestTest" assertions="1" time="0.040946"/>
      </testsuite>
      <testsuite name="Tests\Unit\Playground\Crm\Resource\Http\Requests\Location\IndexRequestTest" file="/app/tests/Unit/Http/Requests/Location/IndexRequestTest.php" tests="1" assertions="1" errors="0" failures="0" skipped="0" time="0.041998">
        <testcase name="test_request_instance" file="/app/vendor/gammamatrix/playground-test/src/Unit/Http/Requests/RequestCase.php" line="42" class="Tests\Unit\Playground\Crm\Resource\Http\Requests\Location\IndexRequestTest" classname="Tests.Unit.Playground.Crm.Resource.Http.Requests.Location.IndexRequestTest" assertions="1" time="0.041998"/>
      </testsuite>
      <testsuite name="Tests\Unit\Playground\Crm\Resource\Http\Requests\Location\LockRequestTest" file="/app/tests/Unit/Http/Requests/Location/LockRequestTest.php" tests="1" assertions="1" errors="0" failures="0" skipped="0" time="0.040382">
        <testcase name="test_request_instance" file="/app/vendor/gammamatrix/playground-test/src/Unit/Http/Requests/RequestCase.php" line="42" class="Tests\Unit\Playground\Crm\Resource\Http\Requests\Location\LockRequestTest" classname="Tests.Unit.Playground.Crm.Resource.Http.Requests.Location.LockRequestTest" assertions="1" time="0.040382"/>
      </testsuite>
      <testsuite name="Tests\Unit\Playground\Crm\Resource\Http\Requests\Location\RestoreRequestTest" file="/app/tests/Unit/Http/Requests/Location/RestoreRequestTest.php" tests="1" assertions="1" errors="0" failures="0" skipped="0" time="0.040986">
        <testcase name="test_request_instance" file="/app/vendor/gammamatrix/playground-test/src/Unit/Http/Requests/RequestCase.php" line="42" class="Tests\Unit\Playground\Crm\Resource\Http\Requests\Location\RestoreRequestTest" classname="Tests.Unit.Playground.Crm.Resource.Http.Requests.Location.RestoreRequestTest" assertions="1" time="0.040986"/>
      </testsuite>
      <testsuite name="Tests\Unit\Playground\Crm\Resource\Http\Requests\Location\ShowRequestTest" file="/app/tests/Unit/Http/Requests/Location/ShowRequestTest.php" tests="1" assertions="1" errors="0" failures="0" skipped="0" time="0.040663">
        <testcase name="test_request_instance" file="/app/vendor/gammamatrix/playground-test/src/Unit/Http/Requests/RequestCase.php" line="42" class="Tests\Unit\Playground\Crm\Resource\Http\Requests\Location\ShowRequestTest" classname="Tests.Unit.Playground.Crm.Resource.Http.Requests.Location.ShowRequestTest" assertions="1" time="0.040663"/>
      </testsuite>
      <testsuite name="Tests\Unit\Playground\Crm\Resource\Http\Requests\Location\StoreRequestTest" file="/app/tests/Unit/Http/Requests/Location/StoreRequestTest.php" tests="1" assertions="1" errors="0" failures="0" skipped="0" time="0.040891">
        <testcase name="test_request_instance" file="/app/vendor/gammamatrix/playground-test/src/Unit/Http/Requests/RequestCase.php" line="42" class="Tests\Unit\Playground\Crm\Resource\Http\Requests\Location\StoreRequestTest" classname="Tests.Unit.Playground.Crm.Resource.Http.Requests.Location.StoreRequestTest" assertions="1" time="0.040891"/>
      </testsuite>
      <testsuite name="Tests\Unit\Playground\Crm\Resource\Http\Requests\Location\UnlockRequestTest" file="/app/tests/Unit/Http/Requests/Location/UnlockRequestTest.php" tests="1" assertions="1" errors="0" failures="0" skipped="0" time="0.044805">
        <testcase name="test_request_instance" file="/app/vendor/gammamatrix/playground-test/src/Unit/Http/Requests/RequestCase.php" line="42" class="Tests\Unit\Playground\Crm\Resource\Http\Requests\Location\UnlockRequestTest" classname="Tests.Unit.Playground.Crm.Resource.Http.Requests.Location.UnlockRequestTest" assertions="1" time="0.044805"/>
      </testsuite>
      <testsuite name="Tests\Unit\Playground\Crm\Resource\Http\Requests\Location\UpdateRequestTest" file="/app/tests/Unit/Http/Requests/Location/UpdateRequestTest.php" tests="1" assertions="1" errors="0" failures="0" skipped="0" time="0.041193">
        <testcase name="test_request_instance" file="/app/vendor/gammamatrix/playground-test/src/Unit/Http/Requests/RequestCase.php" line="42" class="Tests\Unit\Playground\Crm\Resource\Http\Requests\Location\UpdateRequestTest" classname="Tests.Unit.Playground.Crm.Resource.Http.Requests.Location.UpdateRequestTest" assertions="1" time="0.041193"/>
      </testsuite>
      <testsuite name="Tests\Unit\Playground\Crm\Resource\Http\Requests\Organization\CreateRequestTest" file="/app/tests/Unit/Http/Requests/Organization/CreateRequestTest.php" tests="1" assertions="1" errors="0" failures="0" skipped="0" time="0.040779">
        <testcase name="test_request_instance" file="/app/vendor/gammamatrix/playground-test/src/Unit/Http/Requests/RequestCase.php" line="42" class="Tests\Unit\Playground\Crm\Resource\Http\Requests\Organization\CreateRequestTest" classname="Tests.Unit.Playground.Crm.Resource.Http.Requests.Organization.CreateRequestTest" assertions="1" time="0.040779"/>
      </testsuite>
      <testsuite name="Tests\Unit\Playground\Crm\Resource\Http\Requests\Organization\DestroyRequestTest" file="/app/tests/Unit/Http/Requests/Organization/DestroyRequestTest.php" tests="1" assertions="1" errors="0" failures="0" skipped="0" time="0.040909">
        <testcase name="test_request_instance" file="/app/vendor/gammamatrix/playground-test/src/Unit/Http/Requests/RequestCase.php" line="42" class="Tests\Unit\Playground\Crm\Resource\Http\Requests\Organization\DestroyRequestTest" classname="Tests.Unit.Playground.Crm.Resource.Http.Requests.Organization.DestroyRequestTest" assertions="1" time="0.040909"/>
      </testsuite>
      <testsuite name="Tests\Unit\Playground\Crm\Resource\Http\Requests\Organization\EditRequestTest" file="/app/tests/Unit/Http/Requests/Organization/EditRequestTest.php" tests="1" assertions="1" errors="0" failures="0" skipped="0" time="0.041127">
        <testcase name="test_request_instance" file="/app/vendor/gammamatrix/playground-test/src/Unit/Http/Requests/RequestCase.php" line="42" class="Tests\Unit\Playground\Crm\Resource\Http\Requests\Organization\EditRequestTest" classname="Tests.Unit.Playground.Crm.Resource.Http.Requests.Organization.EditRequestTest" assertions="1" time="0.041127"/>
      </testsuite>
      <testsuite name="Tests\Unit\Playground\Crm\Resource\Http\Requests\Organization\IndexRequestTest" file="/app/tests/Unit/Http/Requests/Organization/IndexRequestTest.php" tests="1" assertions="1" errors="0" failures="0" skipped="0" time="0.041164">
        <testcase name="test_request_instance" file="/app/vendor/gammamatrix/playground-test/src/Unit/Http/Requests/RequestCase.php" line="42" class="Tests\Unit\Playground\Crm\Resource\Http\Requests\Organization\IndexRequestTest" classname="Tests.Unit.Playground.Crm.Resource.Http.Requests.Organization.IndexRequestTest" assertions="1" time="0.041164"/>
      </testsuite>
      <testsuite name="Tests\Unit\Playground\Crm\Resource\Http\Requests\Organization\LockRequestTest" file="/app/tests/Unit/Http/Requests/Organization/LockRequestTest.php" tests="1" assertions="1" errors="0" failures="0" skipped="0" time="0.042285">
        <testcase name="test_request_instance" file="/app/vendor/gammamatrix/playground-test/src/Unit/Http/Requests/RequestCase.php" line="42" class="Tests\Unit\Playground\Crm\Resource\Http\Requests\Organization\LockRequestTest" classname="Tests.Unit.Playground.Crm.Resource.Http.Requests.Organization.LockRequestTest" assertions="1" time="0.042285"/>
      </testsuite>
      <testsuite name="Tests\Unit\Playground\Crm\Resource\Http\Requests\Organization\RestoreRequestTest" file="/app/tests/Unit/Http/Requests/Organization/RestoreRequestTest.php" tests="1" assertions="1" errors="0" failures="0" skipped="0" time="0.040864">
        <testcase name="test_request_instance" file="/app/vendor/gammamatrix/playground-test/src/Unit/Http/Requests/RequestCase.php" line="42" class="Tests\Unit\Playground\Crm\Resource\Http\Requests\Organization\RestoreRequestTest" classname="Tests.Unit.Playground.Crm.Resource.Http.Requests.Organization.RestoreRequestTest" assertions="1" time="0.040864"/>
      </testsuite>
      <testsuite name="Tests\Unit\Playground\Crm\Resource\Http\Requests\Organization\ShowRequestTest" file="/app/tests/Unit/Http/Requests/Organization/ShowRequestTest.php" tests="1" assertions="1" errors="0" failures="0" skipped="0" time="0.040838">
        <testcase name="test_request_instance" file="/app/vendor/gammamatrix/playground-test/src/Unit/Http/Requests/RequestCase.php" line="42" class="Tests\Unit\Playground\Crm\Resource\Http\Requests\Organization\ShowRequestTest" classname="Tests.Unit.Playground.Crm.Resource.Http.Requests.Organization.ShowRequestTest" assertions="1" time="0.040838"/>
      </testsuite>
      <testsuite name="Tests\Unit\Playground\Crm\Resource\Http\Requests\Organization\StoreRequestTest" file="/app/tests/Unit/Http/Requests/Organization/StoreRequestTest.php" tests="1" assertions="1" errors="0" failures="0" skipped="0" time="0.041004">
        <testcase name="test_request_instance" file="/app/vendor/gammamatrix/playground-test/src/Unit/Http/Requests/RequestCase.php" line="42" class="Tests\Unit\Playground\Crm\Resource\Http\Requests\Organization\StoreRequestTest" classname="Tests.Unit.Playground.Crm.Resource.Http.Requests.Organization.StoreRequestTest" assertions="1" time="0.041004"/>
      </testsuite>
      <testsuite name="Tests\Unit\Playground\Crm\Resource\Http\Requests\Organization\UnlockRequestTest" file="/app/tests/Unit/Http/Requests/Organization/UnlockRequestTest.php" tests="1" assertions="1" errors="0" failures="0" skipped="0" time="0.040998">
        <testcase name="test_request_instance" file="/app/vendor/gammamatrix/playground-test/src/Unit/Http/Requests/RequestCase.php" line="42" class="Tests\Unit\Playground\Crm\Resource\Http\Requests\Organization\UnlockRequestTest" classname="Tests.Unit.Playground.Crm.Resource.Http.Requests.Organization.UnlockRequestTest" assertions="1" time="0.040998"/>
      </testsuite>
      <testsuite name="Tests\Unit\Playground\Crm\Resource\Http\Requests\Organization\UpdateRequestTest" file="/app/tests/Unit/Http/Requests/Organization/UpdateRequestTest.php" tests="1" assertions="1" errors="0" failures="0" skipped="0" time="0.040691">
        <testcase name="test_request_instance" file="/app/vendor/gammamatrix/playground-test/src/Unit/Http/Requests/RequestCase.php" line="42" class="Tests\Unit\Playground\Crm\Resource\Http\Requests\Organization\UpdateRequestTest" classname="Tests.Unit.Playground.Crm.Resource.Http.Requests.Organization.UpdateRequestTest" assertions="1" time="0.040691"/>
      </testsuite>
      <testsuite name="Tests\Unit\Playground\Crm\Resource\Http\Requests\People\CreateRequestTest" file="/app/tests/Unit/Http/Requests/People/CreateRequestTest.php" tests="1" assertions="1" errors="0" failures="0" skipped="0" time="0.041053">
        <testcase name="test_request_instance" file="/app/vendor/gammamatrix/playground-test/src/Unit/Http/Requests/RequestCase.php" line="42" class="Tests\Unit\Playground\Crm\Resource\Http\Requests\People\CreateRequestTest" classname="Tests.Unit.Playground.Crm.Resource.Http.Requests.People.CreateRequestTest" assertions="1" time="0.041053"/>
      </testsuite>
      <testsuite name="Tests\Unit\Playground\Crm\Resource\Http\Requests\People\DestroyRequestTest" file="/app/tests/Unit/Http/Requests/People/DestroyRequestTest.php" tests="1" assertions="1" errors="0" failures="0" skipped="0" time="0.041888">
        <testcase name="test_request_instance" file="/app/vendor/gammamatrix/playground-test/src/Unit/Http/Requests/RequestCase.php" line="42" class="Tests\Unit\Playground\Crm\Resource\Http\Requests\People\DestroyRequestTest" classname="Tests.Unit.Playground.Crm.Resource.Http.Requests.People.DestroyRequestTest" assertions="1" time="0.041888"/>
      </testsuite>
      <testsuite name="Tests\Unit\Playground\Crm\Resource\Http\Requests\People\EditRequestTest" file="/app/tests/Unit/Http/Requests/People/EditRequestTest.php" tests="1" assertions="1" errors="0" failures="0" skipped="0" time="0.041029">
        <testcase name="test_request_instance" file="/app/vendor/gammamatrix/playground-test/src/Unit/Http/Requests/RequestCase.php" line="42" class="Tests\Unit\Playground\Crm\Resource\Http\Requests\People\EditRequestTest" classname="Tests.Unit.Playground.Crm.Resource.Http.Requests.People.EditRequestTest" assertions="1" time="0.041029"/>
      </testsuite>
      <testsuite name="Tests\Unit\Playground\Crm\Resource\Http\Requests\People\IndexRequestTest" file="/app/tests/Unit/Http/Requests/People/IndexRequestTest.php" tests="1" assertions="1" errors="0" failures="0" skipped="0" time="0.042247">
        <testcase name="test_request_instance" file="/app/vendor/gammamatrix/playground-test/src/Unit/Http/Requests/RequestCase.php" line="42" class="Tests\Unit\Playground\Crm\Resource\Http\Requests\People\IndexRequestTest" classname="Tests.Unit.Playground.Crm.Resource.Http.Requests.People.IndexRequestTest" assertions="1" time="0.042247"/>
      </testsuite>
      <testsuite name="Tests\Unit\Playground\Crm\Resource\Http\Requests\People\LockRequestTest" file="/app/tests/Unit/Http/Requests/People/LockRequestTest.php" tests="1" assertions="1" errors="0" failures="0" skipped="0" time="0.041052">
        <testcase name="test_request_instance" file="/app/vendor/gammamatrix/playground-test/src/Unit/Http/Requests/RequestCase.php" line="42" class="Tests\Unit\Playground\Crm\Resource\Http\Requests\People\LockRequestTest" classname="Tests.Unit.Playground.Crm.Resource.Http.Requests.People.LockRequestTest" assertions="1" time="0.041052"/>
      </testsuite>
      <testsuite name="Tests\Unit\Playground\Crm\Resource\Http\Requests\People\RestoreRequestTest" file="/app/tests/Unit/Http/Requests/People/RestoreRequestTest.php" tests="1" assertions="1" errors="0" failures="0" skipped="0" time="0.045091">
        <testcase name="test_request_instance" file="/app/vendor/gammamatrix/playground-test/src/Unit/Http/Requests/RequestCase.php" line="42" class="Tests\Unit\Playground\Crm\Resource\Http\Requests\People\RestoreRequestTest" classname="Tests.Unit.Playground.Crm.Resource.Http.Requests.People.RestoreRequestTest" assertions="1" time="0.045091"/>
      </testsuite>
      <testsuite name="Tests\Unit\Playground\Crm\Resource\Http\Requests\People\ShowRequestTest" file="/app/tests/Unit/Http/Requests/People/ShowRequestTest.php" tests="1" assertions="1" errors="0" failures="0" skipped="0" time="0.041077">
        <testcase name="test_request_instance" file="/app/vendor/gammamatrix/playground-test/src/Unit/Http/Requests/RequestCase.php" line="42" class="Tests\Unit\Playground\Crm\Resource\Http\Requests\People\ShowRequestTest" classname="Tests.Unit.Playground.Crm.Resource.Http.Requests.People.ShowRequestTest" assertions="1" time="0.041077"/>
      </testsuite>
      <testsuite name="Tests\Unit\Playground\Crm\Resource\Http\Requests\People\StoreRequestTest" file="/app/tests/Unit/Http/Requests/People/StoreRequestTest.php" tests="1" assertions="1" errors="0" failures="0" skipped="0" time="0.041241">
        <testcase name="test_request_instance" file="/app/vendor/gammamatrix/playground-test/src/Unit/Http/Requests/RequestCase.php" line="42" class="Tests\Unit\Playground\Crm\Resource\Http\Requests\People\StoreRequestTest" classname="Tests.Unit.Playground.Crm.Resource.Http.Requests.People.StoreRequestTest" assertions="1" time="0.041241"/>
      </testsuite>
      <testsuite name="Tests\Unit\Playground\Crm\Resource\Http\Requests\People\UnlockRequestTest" file="/app/tests/Unit/Http/Requests/People/UnlockRequestTest.php" tests="1" assertions="1" errors="0" failures="0" skipped="0" time="0.040700">
        <testcase name="test_request_instance" file="/app/vendor/gammamatrix/playground-test/src/Unit/Http/Requests/RequestCase.php" line="42" class="Tests\Unit\Playground\Crm\Resource\Http\Requests\People\UnlockRequestTest" classname="Tests.Unit.Playground.Crm.Resource.Http.Requests.People.UnlockRequestTest" assertions="1" time="0.040700"/>
      </testsuite>
      <testsuite name="Tests\Unit\Playground\Crm\Resource\Http\Requests\People\UpdateRequestTest" file="/app/tests/Unit/Http/Requests/People/UpdateRequestTest.php" tests="1" assertions="1" errors="0" failures="0" skipped="0" time="0.040777">
        <testcase name="test_request_instance" file="/app/vendor/gammamatrix/playground-test/src/Unit/Http/Requests/RequestCase.php" line="42" class="Tests\Unit\Playground\Crm\Resource\Http\Requests\People\UpdateRequestTest" classname="Tests.Unit.Playground.Crm.Resource.Http.Requests.People.UpdateRequestTest" assertions="1" time="0.040777"/>
      </testsuite>
      <testsuite name="Tests\Unit\Playground\Crm\Resource\Policies\ClientPolicy\PolicyTest" file="/app/tests/Unit/Policies/ClientPolicy/PolicyTest.php" tests="1" assertions="1" errors="0" failures="0" skipped="0" time="0.052826">
        <testcase name="test_policy_instance" file="/app/tests/Unit/Policies/ClientPolicy/PolicyTest.php" line="21" class="Tests\Unit\Playground\Crm\Resource\Policies\ClientPolicy\PolicyTest" classname="Tests.Unit.Playground.Crm.Resource.Policies.ClientPolicy.PolicyTest" assertions="1" time="0.052826"/>
      </testsuite>
      <testsuite name="Tests\Unit\Playground\Crm\Resource\Policies\ContactPolicy\PolicyTest" file="/app/tests/Unit/Policies/ContactPolicy/PolicyTest.php" tests="1" assertions="1" errors="0" failures="0" skipped="0" time="0.040207">
        <testcase name="test_policy_instance" file="/app/tests/Unit/Policies/ContactPolicy/PolicyTest.php" line="21" class="Tests\Unit\Playground\Crm\Resource\Policies\ContactPolicy\PolicyTest" classname="Tests.Unit.Playground.Crm.Resource.Policies.ContactPolicy.PolicyTest" assertions="1" time="0.040207"/>
      </testsuite>
      <testsuite name="Tests\Unit\Playground\Crm\Resource\Policies\LocationPolicy\PolicyTest" file="/app/tests/Unit/Policies/LocationPolicy/PolicyTest.php" tests="1" assertions="1" errors="0" failures="0" skipped="0" time="0.040457">
        <testcase name="test_policy_instance" file="/app/tests/Unit/Policies/LocationPolicy/PolicyTest.php" line="21" class="Tests\Unit\Playground\Crm\Resource\Policies\LocationPolicy\PolicyTest" classname="Tests.Unit.Playground.Crm.Resource.Policies.LocationPolicy.PolicyTest" assertions="1" time="0.040457"/>
      </testsuite>
      <testsuite name="Tests\Unit\Playground\Crm\Resource\Policies\OrganizationPolicy\PolicyTest" file="/app/tests/Unit/Policies/OrganizationPolicy/PolicyTest.php" tests="1" assertions="1" errors="0" failures="0" skipped="0" time="0.040344">
        <testcase name="test_policy_instance" file="/app/tests/Unit/Policies/OrganizationPolicy/PolicyTest.php" line="21" class="Tests\Unit\Playground\Crm\Resource\Policies\OrganizationPolicy\PolicyTest" classname="Tests.Unit.Playground.Crm.Resource.Policies.OrganizationPolicy.PolicyTest" assertions="1" time="0.040344"/>
      </testsuite>
      <testsuite name="Tests\Unit\Playground\Crm\Resource\Policies\PeoplePolicy\PolicyTest" file="/app/tests/Unit/Policies/PeoplePolicy/PolicyTest.php" tests="1" assertions="1" errors="0" failures="0" skipped="0" time="0.041623">
        <testcase name="test_policy_instance" file="/app/tests/Unit/Policies/PeoplePolicy/PolicyTest.php" line="21" class="Tests\Unit\Playground\Crm\Resource\Policies\PeoplePolicy\PolicyTest" classname="Tests.Unit.Playground.Crm.Resource.Policies.PeoplePolicy.PolicyTest" assertions="1" time="0.041623"/>
      </testsuite>
      <testsuite name="Tests\Unit\Playground\Crm\Resource\ServiceProvider\InstanceTest" file="/app/tests/Unit/ServiceProvider/InstanceTest.php" tests="4" assertions="8" errors="0" failures="0" skipped="0" time="0.167235">
        <testcase name="test_version_matches" file="/app/tests/Unit/ServiceProvider/InstanceTest.php" line="22" class="Tests\Unit\Playground\Crm\Resource\ServiceProvider\InstanceTest" classname="Tests.Unit.Playground.Crm.Resource.ServiceProvider.InstanceTest" assertions="3" time="0.040477"/>
        <testcase name="test_set_policies_with_empty_array" file="/app/tests/Unit/ServiceProvider/InstanceTest.php" line="32" class="Tests\Unit\Playground\Crm\Resource\ServiceProvider\InstanceTest" classname="Tests.Unit.Playground.Crm.Resource.ServiceProvider.InstanceTest" assertions="1" time="0.040824"/>
        <testcase name="test_set_policies_with_invalid_model" file="/app/tests/Unit/ServiceProvider/InstanceTest.php" line="46" class="Tests\Unit\Playground\Crm\Resource\ServiceProvider\InstanceTest" classname="Tests.Unit.Playground.Crm.Resource.ServiceProvider.InstanceTest" assertions="2" time="0.044625"/>
        <testcase name="test_set_policies_with_invalid_policy" file="/app/tests/Unit/ServiceProvider/InstanceTest.php" line="77" class="Tests\Unit\Playground\Crm\Resource\ServiceProvider\InstanceTest" classname="Tests.Unit.Playground.Crm.Resource.ServiceProvider.InstanceTest" assertions="2" time="0.041309"/>
      </testsuite>
    </testsuite>
    <testsuite name="Feature" tests="369" assertions="5571" errors="0" failures="0" skipped="0" time="90.381409">
      <testsuite name="Tests\Feature\Playground\Crm\Resource\Console\Commands\About\CommandTest" file="/app/tests/Feature/Console/Commands/About/CommandTest.php" tests="1" assertions="2" errors="0" failures="0" skipped="0" time="0.461350">
        <testcase name="test_command_about_displays_package_information_and_succeed" file="/app/tests/Feature/Console/Commands/About/CommandTest.php" line="23" class="Tests\Feature\Playground\Crm\Resource\Console\Commands\About\CommandTest" classname="Tests.Feature.Playground.Crm.Resource.Console.Commands.About.CommandTest" assertions="2" time="0.461350"/>
      </testsuite>
      <testsuite name="Tests\Feature\Playground\Crm\Resource\Http\Controllers\Playground\ClientRouteTest" file="/app/tests/Feature/Http/Controllers/Playground/ClientRouteTest.php" tests="73" assertions="1113" errors="0" failures="0" skipped="0" time="17.941023">
        <testcase name="test_json_guest_cannot_get_create_info" file="/app/vendor/gammamatrix/playground-test/src/Feature/Http/Controllers/Resource/Playground/CreateJsonTrait.php" line="39" class="Tests\Feature\Playground\Crm\Resource\Http\Controllers\Playground\ClientRouteTest" classname="Tests.Feature.Playground.Crm.Resource.Http.Controllers.Playground.ClientRouteTest" assertions="1" time="0.230178"/>
        <testcase name="test_json_admin_can_get_create_info" file="/app/vendor/gammamatrix/playground-test/src/Feature/Http/Controllers/Resource/Playground/CreateJsonTrait.php" line="54" class="Tests\Feature\Playground\Crm\Resource\Http\Controllers\Playground\ClientRouteTest" classname="Tests.Feature.Playground.Crm.Resource.Http.Controllers.Playground.ClientRouteTest" assertions="99" time="0.253412"/>
        <testcase name="test_json_get_create_info_as_admin_with_invalid_parameter_and_fail_validation" file="/app/vendor/gammamatrix/playground-test/src/Feature/Http/Controllers/Resource/Playground/CreateJsonTrait.php" line="74" class="Tests\Feature\Playground\Crm\Resource\Http\Controllers\Playground\ClientRouteTest" classname="Tests.Feature.Playground.Crm.Resource.Http.Controllers.Playground.ClientRouteTest" assertions="4" time="0.231891"/>
        <testcase name="test_guest_cannot_render_create_view" file="/app/vendor/gammamatrix/playground-test/src/Feature/Http/Controllers/Resource/Playground/CreateTrait.php" line="34" class="Tests\Feature\Playground\Crm\Resource\Http\Controllers\Playground\ClientRouteTest" classname="Tests.Feature.Playground.Crm.Resource.Http.Controllers.Playground.ClientRouteTest" assertions="1" time="0.215435"/>
        <testcase name="test_admin_can_render_create_view" file="/app/vendor/gammamatrix/playground-test/src/Feature/Http/Controllers/Resource/Playground/CreateTrait.php" line="48" class="Tests\Feature\Playground\Crm\Resource\Http\Controllers\Playground\ClientRouteTest" classname="Tests.Feature.Playground.Crm.Resource.Http.Controllers.Playground.ClientRouteTest" assertions="2" time="0.303173"/>
        <testcase name="test_admin_can_render_create_view_with_return_url" file="/app/vendor/gammamatrix/playground-test/src/Feature/Http/Controllers/Resource/Playground/CreateTrait.php" line="66" class="Tests\Feature\Playground\Crm\Resource\Http\Controllers\Playground\ClientRouteTest" classname="Tests.Feature.Playground.Crm.Resource.Http.Controllers.Playground.ClientRouteTest" assertions="3" time="0.262617"/>
        <testcase name="test_create_view_as_admin_with_invalid_parameter_and_fail_validation_and_redirect" file="/app/vendor/gammamatrix/playground-test/src/Feature/Http/Controllers/Resource/Playground/CreateTrait.php" line="90" class="Tests\Feature\Playground\Crm\Resource\Http\Controllers\Playground\ClientRouteTest" classname="Tests.Feature.Playground.Crm.Resource.Http.Controllers.Playground.ClientRouteTest" assertions="5" time="0.224601"/>
        <testcase name="test_json_guest_cannot_destroy" file="/app/vendor/gammamatrix/playground-test/src/Feature/Http/Controllers/Resource/Playground/DestroyJsonTrait.php" line="32" class="Tests\Feature\Playground\Crm\Resource\Http\Controllers\Playground\ClientRouteTest" classname="Tests.Feature.Playground.Crm.Resource.Http.Controllers.Playground.ClientRouteTest" assertions="3" time="0.220707"/>
        <testcase name="test_json_destroy_as_admin_and_succeed" file="/app/vendor/gammamatrix/playground-test/src/Feature/Http/Controllers/Resource/Playground/DestroyJsonTrait.php" line="62" class="Tests\Feature\Playground\Crm\Resource\Http\Controllers\Playground\ClientRouteTest" classname="Tests.Feature.Playground.Crm.Resource.Http.Controllers.Playground.ClientRouteTest" assertions="5" time="0.229579"/>
        <testcase name="test_json_destroy_as_admin_and_succeed_with_force_delete" file="/app/vendor/gammamatrix/playground-test/src/Feature/Http/Controllers/Resource/Playground/DestroyJsonTrait.php" line="101" class="Tests\Feature\Playground\Crm\Resource\Http\Controllers\Playground\ClientRouteTest" classname="Tests.Feature.Playground.Crm.Resource.Http.Controllers.Playground.ClientRouteTest" assertions="4" time="0.230008"/>
        <testcase name="test_json_destroy_as_admin_and_succeed_with_no_content" file="/app/vendor/gammamatrix/playground-test/src/Feature/Http/Controllers/Resource/Playground/DestroyJsonTrait.php" line="133" class="Tests\Feature\Playground\Crm\Resource\Http\Controllers\Playground\ClientRouteTest" classname="Tests.Feature.Playground.Crm.Resource.Http.Controllers.Playground.ClientRouteTest" assertions="5" time="0.230464"/>
        <testcase name="test_json_destroy_as_admin_and_succeed_and_ignore_redirect" file="/app/vendor/gammamatrix/playground-test/src/Feature/Http/Controllers/Resource/Playground/DestroyJsonTrait.php" line="168" class="Tests\Feature\Playground\Crm\Resource\Http\Controllers\Playground\ClientRouteTest" classname="Tests.Feature.Playground.Crm.Resource.Http.Controllers.Playground.ClientRouteTest" assertions="5" time="0.240726"/>
        <testcase name="test_json_destroy_as_user_and_get_denied_and_no_force_delete_allowed" file="/app/vendor/gammamatrix/playground-test/src/Feature/Http/Controllers/Resource/Playground/DestroyJsonTrait.php" line="210" class="Tests\Feature\Playground\Crm\Resource\Http\Controllers\Playground\ClientRouteTest" classname="Tests.Feature.Playground.Crm.Resource.Http.Controllers.Playground.ClientRouteTest" assertions="3" time="0.229269"/>
        <testcase name="test_guest_cannot_destroy" file="/app/vendor/gammamatrix/playground-test/src/Feature/Http/Controllers/Resource/Playground/DestroyTrait.php" line="32" class="Tests\Feature\Playground\Crm\Resource\Http\Controllers\Playground\ClientRouteTest" classname="Tests.Feature.Playground.Crm.Resource.Http.Controllers.Playground.ClientRouteTest" assertions="3" time="0.224071"/>
        <testcase name="test_destroy_as_admin_and_succeed" file="/app/vendor/gammamatrix/playground-test/src/Feature/Http/Controllers/Resource/Playground/DestroyTrait.php" line="62" class="Tests\Feature\Playground\Crm\Resource\Http\Controllers\Playground\ClientRouteTest" classname="Tests.Feature.Playground.Crm.Resource.Http.Controllers.Playground.ClientRouteTest" assertions="5" time="0.231234"/>
        <testcase name="test_destroy_as_admin_and_succeed_with_force_delete" file="/app/vendor/gammamatrix/playground-test/src/Feature/Http/Controllers/Resource/Playground/DestroyTrait.php" line="98" class="Tests\Feature\Playground\Crm\Resource\Http\Controllers\Playground\ClientRouteTest" classname="Tests.Feature.Playground.Crm.Resource.Http.Controllers.Playground.ClientRouteTest" assertions="4" time="0.233202"/>
        <testcase name="test_destroy_as_admin_and_succeed_with_redirect_to_index_with_trash" file="/app/vendor/gammamatrix/playground-test/src/Feature/Http/Controllers/Resource/Playground/DestroyTrait.php" line="130" class="Tests\Feature\Playground\Crm\Resource\Http\Controllers\Playground\ClientRouteTest" classname="Tests.Feature.Playground.Crm.Resource.Http.Controllers.Playground.ClientRouteTest" assertions="5" time="0.232498"/>
        <testcase name="test_destroy_as_user_and_get_denied_and_no_force_delete_allowed" file="/app/vendor/gammamatrix/playground-test/src/Feature/Http/Controllers/Resource/Playground/DestroyTrait.php" line="172" class="Tests\Feature\Playground\Crm\Resource\Http\Controllers\Playground\ClientRouteTest" classname="Tests.Feature.Playground.Crm.Resource.Http.Controllers.Playground.ClientRouteTest" assertions="3" time="0.232879"/>
        <testcase name="test_json_guest_cannot_get_edit_info" file="/app/vendor/gammamatrix/playground-test/src/Feature/Http/Controllers/Resource/Playground/EditJsonTrait.php" line="39" class="Tests\Feature\Playground\Crm\Resource\Http\Controllers\Playground\ClientRouteTest" classname="Tests.Feature.Playground.Crm.Resource.Http.Controllers.Playground.ClientRouteTest" assertions="1" time="0.219858"/>
        <testcase name="test_json_admin_can_get_edit_info" file="/app/vendor/gammamatrix/playground-test/src/Feature/Http/Controllers/Resource/Playground/EditJsonTrait.php" line="59" class="Tests\Feature\Playground\Crm\Resource\Http\Controllers\Playground\ClientRouteTest" classname="Tests.Feature.Playground.Crm.Resource.Http.Controllers.Playground.ClientRouteTest" assertions="4" time="0.249090"/>
        <testcase name="test_json_edit_as_admin_and_fail_validation_with_invalid_parameter" file="/app/vendor/gammamatrix/playground-test/src/Feature/Http/Controllers/Resource/Playground/EditJsonTrait.php" line="88" class="Tests\Feature\Playground\Crm\Resource\Http\Controllers\Playground\ClientRouteTest" classname="Tests.Feature.Playground.Crm.Resource.Http.Controllers.Playground.ClientRouteTest" assertions="4" time="0.240362"/>
        <testcase name="test_guest_cannot_render_edit_view" file="/app/vendor/gammamatrix/playground-test/src/Feature/Http/Controllers/Resource/Playground/EditTrait.php" line="34" class="Tests\Feature\Playground\Crm\Resource\Http\Controllers\Playground\ClientRouteTest" classname="Tests.Feature.Playground.Crm.Resource.Http.Controllers.Playground.ClientRouteTest" assertions="1" time="0.224146"/>
        <testcase name="test_admin_can_render_edit_view" file="/app/vendor/gammamatrix/playground-test/src/Feature/Http/Controllers/Resource/Playground/EditTrait.php" line="54" class="Tests\Feature\Playground\Crm\Resource\Http\Controllers\Playground\ClientRouteTest" classname="Tests.Feature.Playground.Crm.Resource.Http.Controllers.Playground.ClientRouteTest" assertions="2" time="0.276213"/>
        <testcase name="test_admin_can_render_edit_view_with_return_url" file="/app/vendor/gammamatrix/playground-test/src/Feature/Http/Controllers/Resource/Playground/EditTrait.php" line="78" class="Tests\Feature\Playground\Crm\Resource\Http\Controllers\Playground\ClientRouteTest" classname="Tests.Feature.Playground.Crm.Resource.Http.Controllers.Playground.ClientRouteTest" assertions="3" time="0.276439"/>
        <testcase name="test_edit_view_as_admin_with_invalid_parameter_and_fail_validation_and_redirect" file="/app/vendor/gammamatrix/playground-test/src/Feature/Http/Controllers/Resource/Playground/EditTrait.php" line="107" class="Tests\Feature\Playground\Crm\Resource\Http\Controllers\Playground\ClientRouteTest" classname="Tests.Feature.Playground.Crm.Resource.Http.Controllers.Playground.ClientRouteTest" assertions="4" time="0.243770"/>
        <testcase name="test_json_guest_cannot_get_index" file="/app/vendor/gammamatrix/playground-test/src/Feature/Http/Controllers/Resource/Playground/IndexJsonTrait.php" line="35" class="Tests\Feature\Playground\Crm\Resource\Http\Controllers\Playground\ClientRouteTest" classname="Tests.Feature.Playground.Crm.Resource.Http.Controllers.Playground.ClientRouteTest" assertions="1" time="0.220309"/>
        <testcase name="test_json_admin_can_get_index" file="/app/vendor/gammamatrix/playground-test/src/Feature/Http/Controllers/Resource/Playground/IndexJsonTrait.php" line="50" class="Tests\Feature\Playground\Crm\Resource\Http\Controllers\Playground\ClientRouteTest" classname="Tests.Feature.Playground.Crm.Resource.Http.Controllers.Playground.ClientRouteTest" assertions="103" time="0.252960"/>
        <testcase name="test_json_admin_can_get_index_with_filters" file="/app/vendor/gammamatrix/playground-test/src/Feature/Http/Controllers/Resource/Playground/IndexJsonTrait.php" line="86" class="Tests\Feature\Playground\Crm\Resource\Http\Controllers\Playground\ClientRouteTest" classname="Tests.Feature.Playground.Crm.Resource.Http.Controllers.Playground.ClientRouteTest" assertions="3" time="0.247566"/>
        <testcase name="test_guest_cannot_render_index_view" file="/app/vendor/gammamatrix/playground-test/src/Feature/Http/Controllers/Resource/Playground/IndexTrait.php" line="30" class="Tests\Feature\Playground\Crm\Resource\Http\Controllers\Playground\ClientRouteTest" classname="Tests.Feature.Playground.Crm.Resource.Http.Controllers.Playground.ClientRouteTest" assertions="1" time="0.222387"/>
        <testcase name="test_admin_can_render_index_view" file="/app/vendor/gammamatrix/playground-test/src/Feature/Http/Controllers/Resource/Playground/IndexTrait.php" line="45" class="Tests\Feature\Playground\Crm\Resource\Http\Controllers\Playground\ClientRouteTest" classname="Tests.Feature.Playground.Crm.Resource.Http.Controllers.Playground.ClientRouteTest" assertions="2" time="0.299106"/>
        <testcase name="test_admin_can_render_index_view_with_filters" file="/app/vendor/gammamatrix/playground-test/src/Feature/Http/Controllers/Resource/Playground/IndexTrait.php" line="78" class="Tests\Feature\Playground\Crm\Resource\Http\Controllers\Playground\ClientRouteTest" classname="Tests.Feature.Playground.Crm.Resource.Http.Controllers.Playground.ClientRouteTest" assertions="3" time="0.277455"/>
        <testcase name="test_json_guest_cannot_lock" file="/app/vendor/gammamatrix/playground-test/src/Feature/Http/Controllers/Resource/Playground/LockJsonTrait.php" line="37" class="Tests\Feature\Playground\Crm\Resource\Http\Controllers\Playground\ClientRouteTest" classname="Tests.Feature.Playground.Crm.Resource.Http.Controllers.Playground.ClientRouteTest" assertions="3" time="0.225007"/>
        <testcase name="test_json_lock_as_admin_and_succeed" file="/app/vendor/gammamatrix/playground-test/src/Feature/Http/Controllers/Resource/Playground/LockJsonTrait.php" line="67" class="Tests\Feature\Playground\Crm\Resource\Http\Controllers\Playground\ClientRouteTest" classname="Tests.Feature.Playground.Crm.Resource.Http.Controllers.Playground.ClientRouteTest" assertions="3" time="0.245085"/>
        <testcase name="test_json_lock_as_admin_and_succeed_with_no_redirect" file="/app/vendor/gammamatrix/playground-test/src/Feature/Http/Controllers/Resource/Playground/LockJsonTrait.php" line="99" class="Tests\Feature\Playground\Crm\Resource\Http\Controllers\Playground\ClientRouteTest" classname="Tests.Feature.Playground.Crm.Resource.Http.Controllers.Playground.ClientRouteTest" assertions="101" time="0.252184"/>
        <testcase name="test_json_lock_as_user_and_get_denied" file="/app/vendor/gammamatrix/playground-test/src/Feature/Http/Controllers/Resource/Playground/LockJsonTrait.php" line="144" class="Tests\Feature\Playground\Crm\Resource\Http\Controllers\Playground\ClientRouteTest" classname="Tests.Feature.Playground.Crm.Resource.Http.Controllers.Playground.ClientRouteTest" assertions="3" time="0.235502"/>
        <testcase name="test_guest_cannot_lock" file="/app/vendor/gammamatrix/playground-test/src/Feature/Http/Controllers/Resource/Playground/LockTrait.php" line="32" class="Tests\Feature\Playground\Crm\Resource\Http\Controllers\Playground\ClientRouteTest" classname="Tests.Feature.Playground.Crm.Resource.Http.Controllers.Playground.ClientRouteTest" assertions="3" time="0.226122"/>
        <testcase name="test_lock_as_admin_and_succeed" file="/app/vendor/gammamatrix/playground-test/src/Feature/Http/Controllers/Resource/Playground/LockTrait.php" line="62" class="Tests\Feature\Playground\Crm\Resource\Http\Controllers\Playground\ClientRouteTest" classname="Tests.Feature.Playground.Crm.Resource.Http.Controllers.Playground.ClientRouteTest" assertions="4" time="0.241947"/>
        <testcase name="test_lock_as_admin_and_succeed_with_redirect_to_index_with_sorted_by_locked_desc" file="/app/vendor/gammamatrix/playground-test/src/Feature/Http/Controllers/Resource/Playground/LockTrait.php" line="96" class="Tests\Feature\Playground\Crm\Resource\Http\Controllers\Playground\ClientRouteTest" classname="Tests.Feature.Playground.Crm.Resource.Http.Controllers.Playground.ClientRouteTest" assertions="4" time="0.249625"/>
        <testcase name="test_lock_as_user_and_get_denied" file="/app/vendor/gammamatrix/playground-test/src/Feature/Http/Controllers/Resource/Playground/LockTrait.php" line="133" class="Tests\Feature\Playground\Crm\Resource\Http\Controllers\Playground\ClientRouteTest" classname="Tests.Feature.Playground.Crm.Resource.Http.Controllers.Playground.ClientRouteTest" assertions="3" time="0.235485"/>
        <testcase name="test_json_guest_cannot_restore" file="/app/vendor/gammamatrix/playground-test/src/Feature/Http/Controllers/Resource/Playground/RestoreJsonTrait.php" line="33" class="Tests\Feature\Playground\Crm\Resource\Http\Controllers\Playground\ClientRouteTest" classname="Tests.Feature.Playground.Crm.Resource.Http.Controllers.Playground.ClientRouteTest" assertions="3" time="0.225785"/>
        <testcase name="test_json_restore_as_admin_and_succeed" file="/app/vendor/gammamatrix/playground-test/src/Feature/Http/Controllers/Resource/Playground/RestoreJsonTrait.php" line="65" class="Tests\Feature\Playground\Crm\Resource\Http\Controllers\Playground\ClientRouteTest" classname="Tests.Feature.Playground.Crm.Resource.Http.Controllers.Playground.ClientRouteTest" assertions="101" time="0.247887"/>
        <testcase name="test_json_restore_as_admin_and_succeed_with_no_redirect" file="/app/vendor/gammamatrix/playground-test/src/Feature/Http/Controllers/Resource/Playground/RestoreJsonTrait.php" line="101" class="Tests\Feature\Playground\Crm\Resource\Http\Controllers\Playground\ClientRouteTest" classname="Tests.Feature.Playground.Crm.Resource.Http.Controllers.Playground.ClientRouteTest" assertions="101" time="0.254968"/>
        <testcase name="test_json_restore_as_user_and_get_denied" file="/app/vendor/gammamatrix/playground-test/src/Feature/Http/Controllers/Resource/Playground/RestoreJsonTrait.php" line="144" class="Tests\Feature\Playground\Crm\Resource\Http\Controllers\Playground\ClientRouteTest" classname="Tests.Feature.Playground.Crm.Resource.Http.Controllers.Playground.ClientRouteTest" assertions="3" time="0.238324"/>
        <testcase name="test_guest_cannot_restore" file="/app/vendor/gammamatrix/playground-test/src/Feature/Http/Controllers/Resource/Playground/RestoreTrait.php" line="33" class="Tests\Feature\Playground\Crm\Resource\Http\Controllers\Playground\ClientRouteTest" classname="Tests.Feature.Playground.Crm.Resource.Http.Controllers.Playground.ClientRouteTest" assertions="3" time="0.227394"/>
        <testcase name="test_restore_as_admin_and_succeed" file="/app/vendor/gammamatrix/playground-test/src/Feature/Http/Controllers/Resource/Playground/RestoreTrait.php" line="65" class="Tests\Feature\Playground\Crm\Resource\Http\Controllers\Playground\ClientRouteTest" classname="Tests.Feature.Playground.Crm.Resource.Http.Controllers.Playground.ClientRouteTest" assertions="4" time="0.245418"/>
        <testcase name="test_restore_as_admin_and_succeed_with_redirect_to_index_with_only_trash" file="/app/vendor/gammamatrix/playground-test/src/Feature/Http/Controllers/Resource/Playground/RestoreTrait.php" line="101" class="Tests\Feature\Playground\Crm\Resource\Http\Controllers\Playground\ClientRouteTest" classname="Tests.Feature.Playground.Crm.Resource.Http.Controllers.Playground.ClientRouteTest" assertions="4" time="0.245346"/>
        <testcase name="test_restore_as_user_and_get_denied" file="/app/vendor/gammamatrix/playground-test/src/Feature/Http/Controllers/Resource/Playground/RestoreTrait.php" line="147" class="Tests\Feature\Playground\Crm\Resource\Http\Controllers\Playground\ClientRouteTest" classname="Tests.Feature.Playground.Crm.Resource.Http.Controllers.Playground.ClientRouteTest" assertions="3" time="0.239291"/>
        <testcase name="test_json_guest_cannot_see_info" file="/app/vendor/gammamatrix/playground-test/src/Feature/Http/Controllers/Resource/Playground/ShowJsonTrait.php" line="30" class="Tests\Feature\Playground\Crm\Resource\Http\Controllers\Playground\ClientRouteTest" classname="Tests.Feature.Playground.Crm.Resource.Http.Controllers.Playground.ClientRouteTest" assertions="1" time="0.226316"/>
        <testcase name="test_json_show_info_for_admin" file="/app/vendor/gammamatrix/playground-test/src/Feature/Http/Controllers/Resource/Playground/ShowJsonTrait.php" line="50" class="Tests\Feature\Playground\Crm\Resource\Http\Controllers\Playground\ClientRouteTest" classname="Tests.Feature.Playground.Crm.Resource.Http.Controllers.Playground.ClientRouteTest" assertions="100" time="0.246502"/>
        <testcase name="test_guest_cannot_render_show_view" file="/app/vendor/gammamatrix/playground-test/src/Feature/Http/Controllers/Resource/Playground/ShowTrait.php" line="30" class="Tests\Feature\Playground\Crm\Resource\Http\Controllers\Playground\ClientRouteTest" classname="Tests.Feature.Playground.Crm.Resource.Http.Controllers.Playground.ClientRouteTest" assertions="1" time="0.232778"/>
        <testcase name="test_show_view_rendered_by_admin" file="/app/vendor/gammamatrix/playground-test/src/Feature/Http/Controllers/Resource/Playground/ShowTrait.php" line="50" class="Tests\Feature\Playground\Crm\Resource\Http\Controllers\Playground\ClientRouteTest" classname="Tests.Feature.Playground.Crm.Resource.Http.Controllers.Playground.ClientRouteTest" assertions="2" time="0.270039"/>
        <testcase name="test_json_guest_cannot_store" file="/app/vendor/gammamatrix/playground-test/src/Feature/Http/Controllers/Resource/Playground/StoreJsonTrait.php" line="44" class="Tests\Feature\Playground\Crm\Resource\Http\Controllers\Playground\ClientRouteTest" classname="Tests.Feature.Playground.Crm.Resource.Http.Controllers.Playground.ClientRouteTest" assertions="3" time="0.225099"/>
        <testcase name="test_json_store_as_admin_without_payload_and_fail_validation" file="/app/vendor/gammamatrix/playground-test/src/Feature/Http/Controllers/Resource/Playground/StoreJsonTrait.php" line="67" class="Tests\Feature\Playground\Crm\Resource\Http\Controllers\Playground\ClientRouteTest" classname="Tests.Feature.Playground.Crm.Resource.Http.Controllers.Playground.ClientRouteTest" assertions="5" time="0.241794"/>
        <testcase name="test_json_store_as_admin_and_succeed" file="/app/vendor/gammamatrix/playground-test/src/Feature/Http/Controllers/Resource/Playground/StoreJsonTrait.php" line="93" class="Tests\Feature\Playground\Crm\Resource\Http\Controllers\Playground\ClientRouteTest" classname="Tests.Feature.Playground.Crm.Resource.Http.Controllers.Playground.ClientRouteTest" assertions="3" time="0.294343"/>
        <testcase name="test_guest_cannot_store" file="/app/vendor/gammamatrix/playground-test/src/Feature/Http/Controllers/Resource/Playground/StoreTrait.php" line="39" class="Tests\Feature\Playground\Crm\Resource\Http\Controllers\Playground\ClientRouteTest" classname="Tests.Feature.Playground.Crm.Resource.Http.Controllers.Playground.ClientRouteTest" assertions="3" time="0.226011"/>
        <testcase name="test_store_as_admin_without_payload_and_fail_validation" file="/app/vendor/gammamatrix/playground-test/src/Feature/Http/Controllers/Resource/Playground/StoreTrait.php" line="62" class="Tests\Feature\Playground\Crm\Resource\Http\Controllers\Playground\ClientRouteTest" classname="Tests.Feature.Playground.Crm.Resource.Http.Controllers.Playground.ClientRouteTest" assertions="5" time="0.238298"/>
        <testcase name="test_store_as_admin_and_succeed" file="/app/vendor/gammamatrix/playground-test/src/Feature/Http/Controllers/Resource/Playground/StoreTrait.php" line="91" class="Tests\Feature\Playground\Crm\Resource\Http\Controllers\Playground\ClientRouteTest" classname="Tests.Feature.Playground.Crm.Resource.Http.Controllers.Playground.ClientRouteTest" assertions="4" time="0.269542"/>
        <testcase name="test_store_as_admin_and_succeed_with_return_url" file="/app/vendor/gammamatrix/playground-test/src/Feature/Http/Controllers/Resource/Playground/StoreTrait.php" line="136" class="Tests\Feature\Playground\Crm\Resource\Http\Controllers\Playground\ClientRouteTest" classname="Tests.Feature.Playground.Crm.Resource.Http.Controllers.Playground.ClientRouteTest" assertions="4" time="0.274825"/>
        <testcase name="test_json_guest_cannot_unlock" file="/app/vendor/gammamatrix/playground-test/src/Feature/Http/Controllers/Resource/Playground/UnlockJsonTrait.php" line="37" class="Tests\Feature\Playground\Crm\Resource\Http\Controllers\Playground\ClientRouteTest" classname="Tests.Feature.Playground.Crm.Resource.Http.Controllers.Playground.ClientRouteTest" assertions="3" time="0.231153"/>
        <testcase name="test_json_unlock_as_admin_and_succeed" file="/app/vendor/gammamatrix/playground-test/src/Feature/Http/Controllers/Resource/Playground/UnlockJsonTrait.php" line="69" class="Tests\Feature\Playground\Crm\Resource\Http\Controllers\Playground\ClientRouteTest" classname="Tests.Feature.Playground.Crm.Resource.Http.Controllers.Playground.ClientRouteTest" assertions="101" time="0.253111"/>
        <testcase name="test_json_unlock_as_admin_and_succeed_with_no_redirect" file="/app/vendor/gammamatrix/playground-test/src/Feature/Http/Controllers/Resource/Playground/UnlockJsonTrait.php" line="105" class="Tests\Feature\Playground\Crm\Resource\Http\Controllers\Playground\ClientRouteTest" classname="Tests.Feature.Playground.Crm.Resource.Http.Controllers.Playground.ClientRouteTest" assertions="101" time="0.254326"/>
        <testcase name="test_json_unlock_as_user_and_get_denied" file="/app/vendor/gammamatrix/playground-test/src/Feature/Http/Controllers/Resource/Playground/UnlockJsonTrait.php" line="146" class="Tests\Feature\Playground\Crm\Resource\Http\Controllers\Playground\ClientRouteTest" classname="Tests.Feature.Playground.Crm.Resource.Http.Controllers.Playground.ClientRouteTest" assertions="3" time="0.244667"/>
        <testcase name="test_guest_cannot_unlock" file="/app/vendor/gammamatrix/playground-test/src/Feature/Http/Controllers/Resource/Playground/UnlockTrait.php" line="37" class="Tests\Feature\Playground\Crm\Resource\Http\Controllers\Playground\ClientRouteTest" classname="Tests.Feature.Playground.Crm.Resource.Http.Controllers.Playground.ClientRouteTest" assertions="3" time="0.236157"/>
        <testcase name="test_unlock_as_admin_and_succeed" file="/app/vendor/gammamatrix/playground-test/src/Feature/Http/Controllers/Resource/Playground/UnlockTrait.php" line="69" class="Tests\Feature\Playground\Crm\Resource\Http\Controllers\Playground\ClientRouteTest" classname="Tests.Feature.Playground.Crm.Resource.Http.Controllers.Playground.ClientRouteTest" assertions="4" time="0.250322"/>
        <testcase name="test_unlock_as_admin_and_succeed_with_redirect_to_index_with_sorted_by_unlocked_desc" file="/app/vendor/gammamatrix/playground-test/src/Feature/Http/Controllers/Resource/Playground/UnlockTrait.php" line="110" class="Tests\Feature\Playground\Crm\Resource\Http\Controllers\Playground\ClientRouteTest" classname="Tests.Feature.Playground.Crm.Resource.Http.Controllers.Playground.ClientRouteTest" assertions="4" time="0.259290"/>
        <testcase name="test_unlock_as_user_and_get_denied" file="/app/vendor/gammamatrix/playground-test/src/Feature/Http/Controllers/Resource/Playground/UnlockTrait.php" line="149" class="Tests\Feature\Playground\Crm\Resource\Http\Controllers\Playground\ClientRouteTest" classname="Tests.Feature.Playground.Crm.Resource.Http.Controllers.Playground.ClientRouteTest" assertions="3" time="0.243980"/>
        <testcase name="test_json_guest_cannot_update" file="/app/vendor/gammamatrix/playground-test/src/Feature/Http/Controllers/Resource/Playground/UpdateJsonTrait.php" line="46" class="Tests\Feature\Playground\Crm\Resource\Http\Controllers\Playground\ClientRouteTest" classname="Tests.Feature.Playground.Crm.Resource.Http.Controllers.Playground.ClientRouteTest" assertions="1" time="0.233920"/>
        <testcase name="test_json_update_as_admin_without_payload_and_passes_validation" file="/app/vendor/gammamatrix/playground-test/src/Feature/Http/Controllers/Resource/Playground/UpdateJsonTrait.php" line="66" class="Tests\Feature\Playground\Crm\Resource\Http\Controllers\Playground\ClientRouteTest" classname="Tests.Feature.Playground.Crm.Resource.Http.Controllers.Playground.ClientRouteTest" assertions="2" time="0.261145"/>
        <testcase name="test_json_admin_can_update" file="/app/vendor/gammamatrix/playground-test/src/Feature/Http/Controllers/Resource/Playground/UpdateJsonTrait.php" line="114" class="Tests\Feature\Playground\Crm\Resource\Http\Controllers\Playground\ClientRouteTest" classname="Tests.Feature.Playground.Crm.Resource.Http.Controllers.Playground.ClientRouteTest" assertions="103" time="0.298967"/>
        <testcase name="test_guest_cannot_update" file="/app/vendor/gammamatrix/playground-test/src/Feature/Http/Controllers/Resource/Playground/UpdateTrait.php" line="46" class="Tests\Feature\Playground\Crm\Resource\Http\Controllers\Playground\ClientRouteTest" classname="Tests.Feature.Playground.Crm.Resource.Http.Controllers.Playground.ClientRouteTest" assertions="1" time="0.235603"/>
        <testcase name="test_update_as_admin_without_payload_and_passes_validation" file="/app/vendor/gammamatrix/playground-test/src/Feature/Http/Controllers/Resource/Playground/UpdateTrait.php" line="66" class="Tests\Feature\Playground\Crm\Resource\Http\Controllers\Playground\ClientRouteTest" classname="Tests.Feature.Playground.Crm.Resource.Http.Controllers.Playground.ClientRouteTest" assertions="3" time="0.256978"/>
        <testcase name="test_admin_can_update" file="/app/vendor/gammamatrix/playground-test/src/Feature/Http/Controllers/Resource/Playground/UpdateTrait.php" line="117" class="Tests\Feature\Playground\Crm\Resource\Http\Controllers\Playground\ClientRouteTest" classname="Tests.Feature.Playground.Crm.Resource.Http.Controllers.Playground.ClientRouteTest" assertions="6" time="0.293614"/>
        <testcase name="test_admin_can_update_view_with_return_url" file="/app/vendor/gammamatrix/playground-test/src/Feature/Http/Controllers/Resource/Playground/UpdateTrait.php" line="160" class="Tests\Feature\Playground\Crm\Resource\Http\Controllers\Playground\ClientRouteTest" classname="Tests.Feature.Playground.Crm.Resource.Http.Controllers.Playground.ClientRouteTest" assertions="6" time="0.301266"/>
      </testsuite>
      <testsuite name="Tests\Feature\Playground\Crm\Resource\Http\Controllers\Playground\ContactRouteTest" file="/app/tests/Feature/Http/Controllers/Playground/ContactRouteTest.php" tests="73" assertions="1113" errors="0" failures="0" skipped="0" time="17.823681">
        <testcase name="test_json_guest_cannot_get_create_info" file="/app/vendor/gammamatrix/playground-test/src/Feature/Http/Controllers/Resource/Playground/CreateJsonTrait.php" line="39" class="Tests\Feature\Playground\Crm\Resource\Http\Controllers\Playground\ContactRouteTest" classname="Tests.Feature.Playground.Crm.Resource.Http.Controllers.Playground.ContactRouteTest" assertions="1" time="0.205372"/>
        <testcase name="test_json_admin_can_get_create_info" file="/app/vendor/gammamatrix/playground-test/src/Feature/Http/Controllers/Resource/Playground/CreateJsonTrait.php" line="54" class="Tests\Feature\Playground\Crm\Resource\Http\Controllers\Playground\ContactRouteTest" classname="Tests.Feature.Playground.Crm.Resource.Http.Controllers.Playground.ContactRouteTest" assertions="99" time="0.228101"/>
        <testcase name="test_json_get_create_info_as_admin_with_invalid_parameter_and_fail_validation" file="/app/vendor/gammamatrix/playground-test/src/Feature/Http/Controllers/Resource/Playground/CreateJsonTrait.php" line="74" class="Tests\Feature\Playground\Crm\Resource\Http\Controllers\Playground\ContactRouteTest" classname="Tests.Feature.Playground.Crm.Resource.Http.Controllers.Playground.ContactRouteTest" assertions="4" time="0.221734"/>
        <testcase name="test_guest_cannot_render_create_view" file="/app/vendor/gammamatrix/playground-test/src/Feature/Http/Controllers/Resource/Playground/CreateTrait.php" line="34" class="Tests\Feature\Playground\Crm\Resource\Http\Controllers\Playground\ContactRouteTest" classname="Tests.Feature.Playground.Crm.Resource.Http.Controllers.Playground.ContactRouteTest" assertions="1" time="0.205712"/>
        <testcase name="test_admin_can_render_create_view" file="/app/vendor/gammamatrix/playground-test/src/Feature/Http/Controllers/Resource/Playground/CreateTrait.php" line="48" class="Tests\Feature\Playground\Crm\Resource\Http\Controllers\Playground\ContactRouteTest" classname="Tests.Feature.Playground.Crm.Resource.Http.Controllers.Playground.ContactRouteTest" assertions="2" time="0.266627"/>
        <testcase name="test_admin_can_render_create_view_with_return_url" file="/app/vendor/gammamatrix/playground-test/src/Feature/Http/Controllers/Resource/Playground/CreateTrait.php" line="66" class="Tests\Feature\Playground\Crm\Resource\Http\Controllers\Playground\ContactRouteTest" classname="Tests.Feature.Playground.Crm.Resource.Http.Controllers.Playground.ContactRouteTest" assertions="3" time="0.266828"/>
        <testcase name="test_create_view_as_admin_with_invalid_parameter_and_fail_validation_and_redirect" file="/app/vendor/gammamatrix/playground-test/src/Feature/Http/Controllers/Resource/Playground/CreateTrait.php" line="90" class="Tests\Feature\Playground\Crm\Resource\Http\Controllers\Playground\ContactRouteTest" classname="Tests.Feature.Playground.Crm.Resource.Http.Controllers.Playground.ContactRouteTest" assertions="5" time="0.225204"/>
        <testcase name="test_json_guest_cannot_destroy" file="/app/vendor/gammamatrix/playground-test/src/Feature/Http/Controllers/Resource/Playground/DestroyJsonTrait.php" line="32" class="Tests\Feature\Playground\Crm\Resource\Http\Controllers\Playground\ContactRouteTest" classname="Tests.Feature.Playground.Crm.Resource.Http.Controllers.Playground.ContactRouteTest" assertions="3" time="0.216918"/>
        <testcase name="test_json_destroy_as_admin_and_succeed" file="/app/vendor/gammamatrix/playground-test/src/Feature/Http/Controllers/Resource/Playground/DestroyJsonTrait.php" line="62" class="Tests\Feature\Playground\Crm\Resource\Http\Controllers\Playground\ContactRouteTest" classname="Tests.Feature.Playground.Crm.Resource.Http.Controllers.Playground.ContactRouteTest" assertions="5" time="0.229894"/>
        <testcase name="test_json_destroy_as_admin_and_succeed_with_force_delete" file="/app/vendor/gammamatrix/playground-test/src/Feature/Http/Controllers/Resource/Playground/DestroyJsonTrait.php" line="101" class="Tests\Feature\Playground\Crm\Resource\Http\Controllers\Playground\ContactRouteTest" classname="Tests.Feature.Playground.Crm.Resource.Http.Controllers.Playground.ContactRouteTest" assertions="4" time="0.237955"/>
        <testcase name="test_json_destroy_as_admin_and_succeed_with_no_content" file="/app/vendor/gammamatrix/playground-test/src/Feature/Http/Controllers/Resource/Playground/DestroyJsonTrait.php" line="133" class="Tests\Feature\Playground\Crm\Resource\Http\Controllers\Playground\ContactRouteTest" classname="Tests.Feature.Playground.Crm.Resource.Http.Controllers.Playground.ContactRouteTest" assertions="5" time="0.230385"/>
        <testcase name="test_json_destroy_as_admin_and_succeed_and_ignore_redirect" file="/app/vendor/gammamatrix/playground-test/src/Feature/Http/Controllers/Resource/Playground/DestroyJsonTrait.php" line="168" class="Tests\Feature\Playground\Crm\Resource\Http\Controllers\Playground\ContactRouteTest" classname="Tests.Feature.Playground.Crm.Resource.Http.Controllers.Playground.ContactRouteTest" assertions="5" time="0.231019"/>
        <testcase name="test_json_destroy_as_user_and_get_denied_and_no_force_delete_allowed" file="/app/vendor/gammamatrix/playground-test/src/Feature/Http/Controllers/Resource/Playground/DestroyJsonTrait.php" line="210" class="Tests\Feature\Playground\Crm\Resource\Http\Controllers\Playground\ContactRouteTest" classname="Tests.Feature.Playground.Crm.Resource.Http.Controllers.Playground.ContactRouteTest" assertions="3" time="0.229753"/>
        <testcase name="test_guest_cannot_destroy" file="/app/vendor/gammamatrix/playground-test/src/Feature/Http/Controllers/Resource/Playground/DestroyTrait.php" line="32" class="Tests\Feature\Playground\Crm\Resource\Http\Controllers\Playground\ContactRouteTest" classname="Tests.Feature.Playground.Crm.Resource.Http.Controllers.Playground.ContactRouteTest" assertions="3" time="0.226384"/>
        <testcase name="test_destroy_as_admin_and_succeed" file="/app/vendor/gammamatrix/playground-test/src/Feature/Http/Controllers/Resource/Playground/DestroyTrait.php" line="62" class="Tests\Feature\Playground\Crm\Resource\Http\Controllers\Playground\ContactRouteTest" classname="Tests.Feature.Playground.Crm.Resource.Http.Controllers.Playground.ContactRouteTest" assertions="5" time="0.233630"/>
        <testcase name="test_destroy_as_admin_and_succeed_with_force_delete" file="/app/vendor/gammamatrix/playground-test/src/Feature/Http/Controllers/Resource/Playground/DestroyTrait.php" line="98" class="Tests\Feature\Playground\Crm\Resource\Http\Controllers\Playground\ContactRouteTest" classname="Tests.Feature.Playground.Crm.Resource.Http.Controllers.Playground.ContactRouteTest" assertions="4" time="0.232046"/>
        <testcase name="test_destroy_as_admin_and_succeed_with_redirect_to_index_with_trash" file="/app/vendor/gammamatrix/playground-test/src/Feature/Http/Controllers/Resource/Playground/DestroyTrait.php" line="130" class="Tests\Feature\Playground\Crm\Resource\Http\Controllers\Playground\ContactRouteTest" classname="Tests.Feature.Playground.Crm.Resource.Http.Controllers.Playground.ContactRouteTest" assertions="5" time="0.233831"/>
        <testcase name="test_destroy_as_user_and_get_denied_and_no_force_delete_allowed" file="/app/vendor/gammamatrix/playground-test/src/Feature/Http/Controllers/Resource/Playground/DestroyTrait.php" line="172" class="Tests\Feature\Playground\Crm\Resource\Http\Controllers\Playground\ContactRouteTest" classname="Tests.Feature.Playground.Crm.Resource.Http.Controllers.Playground.ContactRouteTest" assertions="3" time="0.232569"/>
        <testcase name="test_json_guest_cannot_get_edit_info" file="/app/vendor/gammamatrix/playground-test/src/Feature/Http/Controllers/Resource/Playground/EditJsonTrait.php" line="39" class="Tests\Feature\Playground\Crm\Resource\Http\Controllers\Playground\ContactRouteTest" classname="Tests.Feature.Playground.Crm.Resource.Http.Controllers.Playground.ContactRouteTest" assertions="1" time="0.220839"/>
        <testcase name="test_json_admin_can_get_edit_info" file="/app/vendor/gammamatrix/playground-test/src/Feature/Http/Controllers/Resource/Playground/EditJsonTrait.php" line="59" class="Tests\Feature\Playground\Crm\Resource\Http\Controllers\Playground\ContactRouteTest" classname="Tests.Feature.Playground.Crm.Resource.Http.Controllers.Playground.ContactRouteTest" assertions="4" time="0.243122"/>
        <testcase name="test_json_edit_as_admin_and_fail_validation_with_invalid_parameter" file="/app/vendor/gammamatrix/playground-test/src/Feature/Http/Controllers/Resource/Playground/EditJsonTrait.php" line="88" class="Tests\Feature\Playground\Crm\Resource\Http\Controllers\Playground\ContactRouteTest" classname="Tests.Feature.Playground.Crm.Resource.Http.Controllers.Playground.ContactRouteTest" assertions="4" time="0.244532"/>
        <testcase name="test_guest_cannot_render_edit_view" file="/app/vendor/gammamatrix/playground-test/src/Feature/Http/Controllers/Resource/Playground/EditTrait.php" line="34" class="Tests\Feature\Playground\Crm\Resource\Http\Controllers\Playground\ContactRouteTest" classname="Tests.Feature.Playground.Crm.Resource.Http.Controllers.Playground.ContactRouteTest" assertions="1" time="0.228139"/>
        <testcase name="test_admin_can_render_edit_view" file="/app/vendor/gammamatrix/playground-test/src/Feature/Http/Controllers/Resource/Playground/EditTrait.php" line="54" class="Tests\Feature\Playground\Crm\Resource\Http\Controllers\Playground\ContactRouteTest" classname="Tests.Feature.Playground.Crm.Resource.Http.Controllers.Playground.ContactRouteTest" assertions="2" time="0.278422"/>
        <testcase name="test_admin_can_render_edit_view_with_return_url" file="/app/vendor/gammamatrix/playground-test/src/Feature/Http/Controllers/Resource/Playground/EditTrait.php" line="78" class="Tests\Feature\Playground\Crm\Resource\Http\Controllers\Playground\ContactRouteTest" classname="Tests.Feature.Playground.Crm.Resource.Http.Controllers.Playground.ContactRouteTest" assertions="3" time="0.276706"/>
        <testcase name="test_edit_view_as_admin_with_invalid_parameter_and_fail_validation_and_redirect" file="/app/vendor/gammamatrix/playground-test/src/Feature/Http/Controllers/Resource/Playground/EditTrait.php" line="107" class="Tests\Feature\Playground\Crm\Resource\Http\Controllers\Playground\ContactRouteTest" classname="Tests.Feature.Playground.Crm.Resource.Http.Controllers.Playground.ContactRouteTest" assertions="4" time="0.249449"/>
        <testcase name="test_json_guest_cannot_get_index" file="/app/vendor/gammamatrix/playground-test/src/Feature/Http/Controllers/Resource/Playground/IndexJsonTrait.php" line="35" class="Tests\Feature\Playground\Crm\Resource\Http\Controllers\Playground\ContactRouteTest" classname="Tests.Feature.Playground.Crm.Resource.Http.Controllers.Playground.ContactRouteTest" assertions="1" time="0.221394"/>
        <testcase name="test_json_admin_can_get_index" file="/app/vendor/gammamatrix/playground-test/src/Feature/Http/Controllers/Resource/Playground/IndexJsonTrait.php" line="50" class="Tests\Feature\Playground\Crm\Resource\Http\Controllers\Playground\ContactRouteTest" classname="Tests.Feature.Playground.Crm.Resource.Http.Controllers.Playground.ContactRouteTest" assertions="103" time="0.260394"/>
        <testcase name="test_json_admin_can_get_index_with_filters" file="/app/vendor/gammamatrix/playground-test/src/Feature/Http/Controllers/Resource/Playground/IndexJsonTrait.php" line="86" class="Tests\Feature\Playground\Crm\Resource\Http\Controllers\Playground\ContactRouteTest" classname="Tests.Feature.Playground.Crm.Resource.Http.Controllers.Playground.ContactRouteTest" assertions="3" time="0.248852"/>
        <testcase name="test_guest_cannot_render_index_view" file="/app/vendor/gammamatrix/playground-test/src/Feature/Http/Controllers/Resource/Playground/IndexTrait.php" line="30" class="Tests\Feature\Playground\Crm\Resource\Http\Controllers\Playground\ContactRouteTest" classname="Tests.Feature.Playground.Crm.Resource.Http.Controllers.Playground.ContactRouteTest" assertions="1" time="0.228516"/>
        <testcase name="test_admin_can_render_index_view" file="/app/vendor/gammamatrix/playground-test/src/Feature/Http/Controllers/Resource/Playground/IndexTrait.php" line="45" class="Tests\Feature\Playground\Crm\Resource\Http\Controllers\Playground\ContactRouteTest" classname="Tests.Feature.Playground.Crm.Resource.Http.Controllers.Playground.ContactRouteTest" assertions="2" time="0.273531"/>
        <testcase name="test_admin_can_render_index_view_with_filters" file="/app/vendor/gammamatrix/playground-test/src/Feature/Http/Controllers/Resource/Playground/IndexTrait.php" line="78" class="Tests\Feature\Playground\Crm\Resource\Http\Controllers\Playground\ContactRouteTest" classname="Tests.Feature.Playground.Crm.Resource.Http.Controllers.Playground.ContactRouteTest" assertions="3" time="0.272209"/>
        <testcase name="test_json_guest_cannot_lock" file="/app/vendor/gammamatrix/playground-test/src/Feature/Http/Controllers/Resource/Playground/LockJsonTrait.php" line="37" class="Tests\Feature\Playground\Crm\Resource\Http\Controllers\Playground\ContactRouteTest" classname="Tests.Feature.Playground.Crm.Resource.Http.Controllers.Playground.ContactRouteTest" assertions="3" time="0.224127"/>
        <testcase name="test_json_lock_as_admin_and_succeed" file="/app/vendor/gammamatrix/playground-test/src/Feature/Http/Controllers/Resource/Playground/LockJsonTrait.php" line="67" class="Tests\Feature\Playground\Crm\Resource\Http\Controllers\Playground\ContactRouteTest" classname="Tests.Feature.Playground.Crm.Resource.Http.Controllers.Playground.ContactRouteTest" assertions="3" time="0.246010"/>
        <testcase name="test_json_lock_as_admin_and_succeed_with_no_redirect" file="/app/vendor/gammamatrix/playground-test/src/Feature/Http/Controllers/Resource/Playground/LockJsonTrait.php" line="99" class="Tests\Feature\Playground\Crm\Resource\Http\Controllers\Playground\ContactRouteTest" classname="Tests.Feature.Playground.Crm.Resource.Http.Controllers.Playground.ContactRouteTest" assertions="101" time="0.255555"/>
        <testcase name="test_json_lock_as_user_and_get_denied" file="/app/vendor/gammamatrix/playground-test/src/Feature/Http/Controllers/Resource/Playground/LockJsonTrait.php" line="144" class="Tests\Feature\Playground\Crm\Resource\Http\Controllers\Playground\ContactRouteTest" classname="Tests.Feature.Playground.Crm.Resource.Http.Controllers.Playground.ContactRouteTest" assertions="3" time="0.235402"/>
        <testcase name="test_guest_cannot_lock" file="/app/vendor/gammamatrix/playground-test/src/Feature/Http/Controllers/Resource/Playground/LockTrait.php" line="32" class="Tests\Feature\Playground\Crm\Resource\Http\Controllers\Playground\ContactRouteTest" classname="Tests.Feature.Playground.Crm.Resource.Http.Controllers.Playground.ContactRouteTest" assertions="3" time="0.231193"/>
        <testcase name="test_lock_as_admin_and_succeed" file="/app/vendor/gammamatrix/playground-test/src/Feature/Http/Controllers/Resource/Playground/LockTrait.php" line="62" class="Tests\Feature\Playground\Crm\Resource\Http\Controllers\Playground\ContactRouteTest" classname="Tests.Feature.Playground.Crm.Resource.Http.Controllers.Playground.ContactRouteTest" assertions="4" time="0.245215"/>
        <testcase name="test_lock_as_admin_and_succeed_with_redirect_to_index_with_sorted_by_locked_desc" file="/app/vendor/gammamatrix/playground-test/src/Feature/Http/Controllers/Resource/Playground/LockTrait.php" line="96" class="Tests\Feature\Playground\Crm\Resource\Http\Controllers\Playground\ContactRouteTest" classname="Tests.Feature.Playground.Crm.Resource.Http.Controllers.Playground.ContactRouteTest" assertions="4" time="0.246072"/>
        <testcase name="test_lock_as_user_and_get_denied" file="/app/vendor/gammamatrix/playground-test/src/Feature/Http/Controllers/Resource/Playground/LockTrait.php" line="133" class="Tests\Feature\Playground\Crm\Resource\Http\Controllers\Playground\ContactRouteTest" classname="Tests.Feature.Playground.Crm.Resource.Http.Controllers.Playground.ContactRouteTest" assertions="3" time="0.235521"/>
        <testcase name="test_json_guest_cannot_restore" file="/app/vendor/gammamatrix/playground-test/src/Feature/Http/Controllers/Resource/Playground/RestoreJsonTrait.php" line="33" class="Tests\Feature\Playground\Crm\Resource\Http\Controllers\Playground\ContactRouteTest" classname="Tests.Feature.Playground.Crm.Resource.Http.Controllers.Playground.ContactRouteTest" assertions="3" time="0.225743"/>
        <testcase name="test_json_restore_as_admin_and_succeed" file="/app/vendor/gammamatrix/playground-test/src/Feature/Http/Controllers/Resource/Playground/RestoreJsonTrait.php" line="65" class="Tests\Feature\Playground\Crm\Resource\Http\Controllers\Playground\ContactRouteTest" classname="Tests.Feature.Playground.Crm.Resource.Http.Controllers.Playground.ContactRouteTest" assertions="101" time="0.248892"/>
        <testcase name="test_json_restore_as_admin_and_succeed_with_no_redirect" file="/app/vendor/gammamatrix/playground-test/src/Feature/Http/Controllers/Resource/Playground/RestoreJsonTrait.php" line="101" class="Tests\Feature\Playground\Crm\Resource\Http\Controllers\Playground\ContactRouteTest" classname="Tests.Feature.Playground.Crm.Resource.Http.Controllers.Playground.ContactRouteTest" assertions="101" time="0.247163"/>
        <testcase name="test_json_restore_as_user_and_get_denied" file="/app/vendor/gammamatrix/playground-test/src/Feature/Http/Controllers/Resource/Playground/RestoreJsonTrait.php" line="144" class="Tests\Feature\Playground\Crm\Resource\Http\Controllers\Playground\ContactRouteTest" classname="Tests.Feature.Playground.Crm.Resource.Http.Controllers.Playground.ContactRouteTest" assertions="3" time="0.237919"/>
        <testcase name="test_guest_cannot_restore" file="/app/vendor/gammamatrix/playground-test/src/Feature/Http/Controllers/Resource/Playground/RestoreTrait.php" line="33" class="Tests\Feature\Playground\Crm\Resource\Http\Controllers\Playground\ContactRouteTest" classname="Tests.Feature.Playground.Crm.Resource.Http.Controllers.Playground.ContactRouteTest" assertions="3" time="0.233544"/>
        <testcase name="test_restore_as_admin_and_succeed" file="/app/vendor/gammamatrix/playground-test/src/Feature/Http/Controllers/Resource/Playground/RestoreTrait.php" line="65" class="Tests\Feature\Playground\Crm\Resource\Http\Controllers\Playground\ContactRouteTest" classname="Tests.Feature.Playground.Crm.Resource.Http.Controllers.Playground.ContactRouteTest" assertions="4" time="0.246797"/>
        <testcase name="test_restore_as_admin_and_succeed_with_redirect_to_index_with_only_trash" file="/app/vendor/gammamatrix/playground-test/src/Feature/Http/Controllers/Resource/Playground/RestoreTrait.php" line="101" class="Tests\Feature\Playground\Crm\Resource\Http\Controllers\Playground\ContactRouteTest" classname="Tests.Feature.Playground.Crm.Resource.Http.Controllers.Playground.ContactRouteTest" assertions="4" time="0.243663"/>
        <testcase name="test_restore_as_user_and_get_denied" file="/app/vendor/gammamatrix/playground-test/src/Feature/Http/Controllers/Resource/Playground/RestoreTrait.php" line="147" class="Tests\Feature\Playground\Crm\Resource\Http\Controllers\Playground\ContactRouteTest" classname="Tests.Feature.Playground.Crm.Resource.Http.Controllers.Playground.ContactRouteTest" assertions="3" time="0.239092"/>
        <testcase name="test_json_guest_cannot_see_info" file="/app/vendor/gammamatrix/playground-test/src/Feature/Http/Controllers/Resource/Playground/ShowJsonTrait.php" line="30" class="Tests\Feature\Playground\Crm\Resource\Http\Controllers\Playground\ContactRouteTest" classname="Tests.Feature.Playground.Crm.Resource.Http.Controllers.Playground.ContactRouteTest" assertions="1" time="0.228122"/>
        <testcase name="test_json_show_info_for_admin" file="/app/vendor/gammamatrix/playground-test/src/Feature/Http/Controllers/Resource/Playground/ShowJsonTrait.php" line="50" class="Tests\Feature\Playground\Crm\Resource\Http\Controllers\Playground\ContactRouteTest" classname="Tests.Feature.Playground.Crm.Resource.Http.Controllers.Playground.ContactRouteTest" assertions="100" time="0.251158"/>
        <testcase name="test_guest_cannot_render_show_view" file="/app/vendor/gammamatrix/playground-test/src/Feature/Http/Controllers/Resource/Playground/ShowTrait.php" line="30" class="Tests\Feature\Playground\Crm\Resource\Http\Controllers\Playground\ContactRouteTest" classname="Tests.Feature.Playground.Crm.Resource.Http.Controllers.Playground.ContactRouteTest" assertions="1" time="0.228599"/>
        <testcase name="test_show_view_rendered_by_admin" file="/app/vendor/gammamatrix/playground-test/src/Feature/Http/Controllers/Resource/Playground/ShowTrait.php" line="50" class="Tests\Feature\Playground\Crm\Resource\Http\Controllers\Playground\ContactRouteTest" classname="Tests.Feature.Playground.Crm.Resource.Http.Controllers.Playground.ContactRouteTest" assertions="2" time="0.263137"/>
        <testcase name="test_json_guest_cannot_store" file="/app/vendor/gammamatrix/playground-test/src/Feature/Http/Controllers/Resource/Playground/StoreJsonTrait.php" line="44" class="Tests\Feature\Playground\Crm\Resource\Http\Controllers\Playground\ContactRouteTest" classname="Tests.Feature.Playground.Crm.Resource.Http.Controllers.Playground.ContactRouteTest" assertions="3" time="0.224821"/>
        <testcase name="test_json_store_as_admin_without_payload_and_fail_validation" file="/app/vendor/gammamatrix/playground-test/src/Feature/Http/Controllers/Resource/Playground/StoreJsonTrait.php" line="67" class="Tests\Feature\Playground\Crm\Resource\Http\Controllers\Playground\ContactRouteTest" classname="Tests.Feature.Playground.Crm.Resource.Http.Controllers.Playground.ContactRouteTest" assertions="5" time="0.242181"/>
        <testcase name="test_json_store_as_admin_and_succeed" file="/app/vendor/gammamatrix/playground-test/src/Feature/Http/Controllers/Resource/Playground/StoreJsonTrait.php" line="93" class="Tests\Feature\Playground\Crm\Resource\Http\Controllers\Playground\ContactRouteTest" classname="Tests.Feature.Playground.Crm.Resource.Http.Controllers.Playground.ContactRouteTest" assertions="3" time="0.288520"/>
        <testcase name="test_guest_cannot_store" file="/app/vendor/gammamatrix/playground-test/src/Feature/Http/Controllers/Resource/Playground/StoreTrait.php" line="39" class="Tests\Feature\Playground\Crm\Resource\Http\Controllers\Playground\ContactRouteTest" classname="Tests.Feature.Playground.Crm.Resource.Http.Controllers.Playground.ContactRouteTest" assertions="3" time="0.226448"/>
        <testcase name="test_store_as_admin_without_payload_and_fail_validation" file="/app/vendor/gammamatrix/playground-test/src/Feature/Http/Controllers/Resource/Playground/StoreTrait.php" line="62" class="Tests\Feature\Playground\Crm\Resource\Http\Controllers\Playground\ContactRouteTest" classname="Tests.Feature.Playground.Crm.Resource.Http.Controllers.Playground.ContactRouteTest" assertions="5" time="0.242360"/>
        <testcase name="test_store_as_admin_and_succeed" file="/app/vendor/gammamatrix/playground-test/src/Feature/Http/Controllers/Resource/Playground/StoreTrait.php" line="91" class="Tests\Feature\Playground\Crm\Resource\Http\Controllers\Playground\ContactRouteTest" classname="Tests.Feature.Playground.Crm.Resource.Http.Controllers.Playground.ContactRouteTest" assertions="4" time="0.266749"/>
        <testcase name="test_store_as_admin_and_succeed_with_return_url" file="/app/vendor/gammamatrix/playground-test/src/Feature/Http/Controllers/Resource/Playground/StoreTrait.php" line="136" class="Tests\Feature\Playground\Crm\Resource\Http\Controllers\Playground\ContactRouteTest" classname="Tests.Feature.Playground.Crm.Resource.Http.Controllers.Playground.ContactRouteTest" assertions="4" time="0.267559"/>
        <testcase name="test_json_guest_cannot_unlock" file="/app/vendor/gammamatrix/playground-test/src/Feature/Http/Controllers/Resource/Playground/UnlockJsonTrait.php" line="37" class="Tests\Feature\Playground\Crm\Resource\Http\Controllers\Playground\ContactRouteTest" classname="Tests.Feature.Playground.Crm.Resource.Http.Controllers.Playground.ContactRouteTest" assertions="3" time="0.236195"/>
        <testcase name="test_json_unlock_as_admin_and_succeed" file="/app/vendor/gammamatrix/playground-test/src/Feature/Http/Controllers/Resource/Playground/UnlockJsonTrait.php" line="69" class="Tests\Feature\Playground\Crm\Resource\Http\Controllers\Playground\ContactRouteTest" classname="Tests.Feature.Playground.Crm.Resource.Http.Controllers.Playground.ContactRouteTest" assertions="101" time="0.261795"/>
        <testcase name="test_json_unlock_as_admin_and_succeed_with_no_redirect" file="/app/vendor/gammamatrix/playground-test/src/Feature/Http/Controllers/Resource/Playground/UnlockJsonTrait.php" line="105" class="Tests\Feature\Playground\Crm\Resource\Http\Controllers\Playground\ContactRouteTest" classname="Tests.Feature.Playground.Crm.Resource.Http.Controllers.Playground.ContactRouteTest" assertions="101" time="0.253075"/>
        <testcase name="test_json_unlock_as_user_and_get_denied" file="/app/vendor/gammamatrix/playground-test/src/Feature/Http/Controllers/Resource/Playground/UnlockJsonTrait.php" line="146" class="Tests\Feature\Playground\Crm\Resource\Http\Controllers\Playground\ContactRouteTest" classname="Tests.Feature.Playground.Crm.Resource.Http.Controllers.Playground.ContactRouteTest" assertions="3" time="0.243002"/>
        <testcase name="test_guest_cannot_unlock" file="/app/vendor/gammamatrix/playground-test/src/Feature/Http/Controllers/Resource/Playground/UnlockTrait.php" line="37" class="Tests\Feature\Playground\Crm\Resource\Http\Controllers\Playground\ContactRouteTest" classname="Tests.Feature.Playground.Crm.Resource.Http.Controllers.Playground.ContactRouteTest" assertions="3" time="0.234486"/>
        <testcase name="test_unlock_as_admin_and_succeed" file="/app/vendor/gammamatrix/playground-test/src/Feature/Http/Controllers/Resource/Playground/UnlockTrait.php" line="69" class="Tests\Feature\Playground\Crm\Resource\Http\Controllers\Playground\ContactRouteTest" classname="Tests.Feature.Playground.Crm.Resource.Http.Controllers.Playground.ContactRouteTest" assertions="4" time="0.250693"/>
        <testcase name="test_unlock_as_admin_and_succeed_with_redirect_to_index_with_sorted_by_unlocked_desc" file="/app/vendor/gammamatrix/playground-test/src/Feature/Http/Controllers/Resource/Playground/UnlockTrait.php" line="110" class="Tests\Feature\Playground\Crm\Resource\Http\Controllers\Playground\ContactRouteTest" classname="Tests.Feature.Playground.Crm.Resource.Http.Controllers.Playground.ContactRouteTest" assertions="4" time="0.249866"/>
        <testcase name="test_unlock_as_user_and_get_denied" file="/app/vendor/gammamatrix/playground-test/src/Feature/Http/Controllers/Resource/Playground/UnlockTrait.php" line="149" class="Tests\Feature\Playground\Crm\Resource\Http\Controllers\Playground\ContactRouteTest" classname="Tests.Feature.Playground.Crm.Resource.Http.Controllers.Playground.ContactRouteTest" assertions="3" time="0.243810"/>
        <testcase name="test_json_guest_cannot_update" file="/app/vendor/gammamatrix/playground-test/src/Feature/Http/Controllers/Resource/Playground/UpdateJsonTrait.php" line="46" class="Tests\Feature\Playground\Crm\Resource\Http\Controllers\Playground\ContactRouteTest" classname="Tests.Feature.Playground.Crm.Resource.Http.Controllers.Playground.ContactRouteTest" assertions="1" time="0.239050"/>
        <testcase name="test_json_update_as_admin_without_payload_and_passes_validation" file="/app/vendor/gammamatrix/playground-test/src/Feature/Http/Controllers/Resource/Playground/UpdateJsonTrait.php" line="66" class="Tests\Feature\Playground\Crm\Resource\Http\Controllers\Playground\ContactRouteTest" classname="Tests.Feature.Playground.Crm.Resource.Http.Controllers.Playground.ContactRouteTest" assertions="2" time="0.260367"/>
        <testcase name="test_json_admin_can_update" file="/app/vendor/gammamatrix/playground-test/src/Feature/Http/Controllers/Resource/Playground/UpdateJsonTrait.php" line="114" class="Tests\Feature\Playground\Crm\Resource\Http\Controllers\Playground\ContactRouteTest" classname="Tests.Feature.Playground.Crm.Resource.Http.Controllers.Playground.ContactRouteTest" assertions="103" time="0.296621"/>
        <testcase name="test_guest_cannot_update" file="/app/vendor/gammamatrix/playground-test/src/Feature/Http/Controllers/Resource/Playground/UpdateTrait.php" line="46" class="Tests\Feature\Playground\Crm\Resource\Http\Controllers\Playground\ContactRouteTest" classname="Tests.Feature.Playground.Crm.Resource.Http.Controllers.Playground.ContactRouteTest" assertions="1" time="0.233582"/>
        <testcase name="test_update_as_admin_without_payload_and_passes_validation" file="/app/vendor/gammamatrix/playground-test/src/Feature/Http/Controllers/Resource/Playground/UpdateTrait.php" line="66" class="Tests\Feature\Playground\Crm\Resource\Http\Controllers\Playground\ContactRouteTest" classname="Tests.Feature.Playground.Crm.Resource.Http.Controllers.Playground.ContactRouteTest" assertions="3" time="0.263837"/>
        <testcase name="test_admin_can_update" file="/app/vendor/gammamatrix/playground-test/src/Feature/Http/Controllers/Resource/Playground/UpdateTrait.php" line="117" class="Tests\Feature\Playground\Crm\Resource\Http\Controllers\Playground\ContactRouteTest" classname="Tests.Feature.Playground.Crm.Resource.Http.Controllers.Playground.ContactRouteTest" assertions="6" time="0.292064"/>
        <testcase name="test_admin_can_update_view_with_return_url" file="/app/vendor/gammamatrix/playground-test/src/Feature/Http/Controllers/Resource/Playground/UpdateTrait.php" line="160" class="Tests\Feature\Playground\Crm\Resource\Http\Controllers\Playground\ContactRouteTest" classname="Tests.Feature.Playground.Crm.Resource.Http.Controllers.Playground.ContactRouteTest" assertions="6" time="0.293606"/>
      </testsuite>
      <testsuite name="Tests\Feature\Playground\Crm\Resource\Http\Controllers\Playground\IndexRouteTest" file="/app/tests/Feature/Http/Controllers/Playground/IndexRouteTest.php" tests="2" assertions="3" errors="0" failures="0" skipped="0" time="0.427944">
        <testcase name="test_guest_cannot_render_index_view" file="/app/tests/Feature/Http/Controllers/Playground/IndexRouteTest.php" line="21" class="Tests\Feature\Playground\Crm\Resource\Http\Controllers\Playground\IndexRouteTest" classname="Tests.Feature.Playground.Crm.Resource.Http.Controllers.Playground.IndexRouteTest" assertions="1" time="0.202821"/>
        <testcase name="test_admin_can_render_index_view" file="/app/tests/Feature/Http/Controllers/Playground/IndexRouteTest.php" line="30" class="Tests\Feature\Playground\Crm\Resource\Http\Controllers\Playground\IndexRouteTest" classname="Tests.Feature.Playground.Crm.Resource.Http.Controllers.Playground.IndexRouteTest" assertions="2" time="0.225123"/>
      </testsuite>
      <testsuite name="Tests\Feature\Playground\Crm\Resource\Http\Controllers\Playground\LocationRouteTest" file="/app/tests/Feature/Http/Controllers/Playground/LocationRouteTest.php" tests="73" assertions="1113" errors="0" failures="0" skipped="0" time="17.815791">
        <testcase name="test_json_guest_cannot_get_create_info" file="/app/vendor/gammamatrix/playground-test/src/Feature/Http/Controllers/Resource/Playground/CreateJsonTrait.php" line="39" class="Tests\Feature\Playground\Crm\Resource\Http\Controllers\Playground\LocationRouteTest" classname="Tests.Feature.Playground.Crm.Resource.Http.Controllers.Playground.LocationRouteTest" assertions="1" time="0.204979"/>
        <testcase name="test_json_admin_can_get_create_info" file="/app/vendor/gammamatrix/playground-test/src/Feature/Http/Controllers/Resource/Playground/CreateJsonTrait.php" line="54" class="Tests\Feature\Playground\Crm\Resource\Http\Controllers\Playground\LocationRouteTest" classname="Tests.Feature.Playground.Crm.Resource.Http.Controllers.Playground.LocationRouteTest" assertions="99" time="0.231500"/>
        <testcase name="test_json_get_create_info_as_admin_with_invalid_parameter_and_fail_validation" file="/app/vendor/gammamatrix/playground-test/src/Feature/Http/Controllers/Resource/Playground/CreateJsonTrait.php" line="74" class="Tests\Feature\Playground\Crm\Resource\Http\Controllers\Playground\LocationRouteTest" classname="Tests.Feature.Playground.Crm.Resource.Http.Controllers.Playground.LocationRouteTest" assertions="4" time="0.232297"/>
        <testcase name="test_guest_cannot_render_create_view" file="/app/vendor/gammamatrix/playground-test/src/Feature/Http/Controllers/Resource/Playground/CreateTrait.php" line="34" class="Tests\Feature\Playground\Crm\Resource\Http\Controllers\Playground\LocationRouteTest" classname="Tests.Feature.Playground.Crm.Resource.Http.Controllers.Playground.LocationRouteTest" assertions="1" time="0.209885"/>
        <testcase name="test_admin_can_render_create_view" file="/app/vendor/gammamatrix/playground-test/src/Feature/Http/Controllers/Resource/Playground/CreateTrait.php" line="48" class="Tests\Feature\Playground\Crm\Resource\Http\Controllers\Playground\LocationRouteTest" classname="Tests.Feature.Playground.Crm.Resource.Http.Controllers.Playground.LocationRouteTest" assertions="2" time="0.263847"/>
        <testcase name="test_admin_can_render_create_view_with_return_url" file="/app/vendor/gammamatrix/playground-test/src/Feature/Http/Controllers/Resource/Playground/CreateTrait.php" line="66" class="Tests\Feature\Playground\Crm\Resource\Http\Controllers\Playground\LocationRouteTest" classname="Tests.Feature.Playground.Crm.Resource.Http.Controllers.Playground.LocationRouteTest" assertions="3" time="0.266167"/>
        <testcase name="test_create_view_as_admin_with_invalid_parameter_and_fail_validation_and_redirect" file="/app/vendor/gammamatrix/playground-test/src/Feature/Http/Controllers/Resource/Playground/CreateTrait.php" line="90" class="Tests\Feature\Playground\Crm\Resource\Http\Controllers\Playground\LocationRouteTest" classname="Tests.Feature.Playground.Crm.Resource.Http.Controllers.Playground.LocationRouteTest" assertions="5" time="0.226181"/>
        <testcase name="test_json_guest_cannot_destroy" file="/app/vendor/gammamatrix/playground-test/src/Feature/Http/Controllers/Resource/Playground/DestroyJsonTrait.php" line="32" class="Tests\Feature\Playground\Crm\Resource\Http\Controllers\Playground\LocationRouteTest" classname="Tests.Feature.Playground.Crm.Resource.Http.Controllers.Playground.LocationRouteTest" assertions="3" time="0.218449"/>
        <testcase name="test_json_destroy_as_admin_and_succeed" file="/app/vendor/gammamatrix/playground-test/src/Feature/Http/Controllers/Resource/Playground/DestroyJsonTrait.php" line="62" class="Tests\Feature\Playground\Crm\Resource\Http\Controllers\Playground\LocationRouteTest" classname="Tests.Feature.Playground.Crm.Resource.Http.Controllers.Playground.LocationRouteTest" assertions="5" time="0.230387"/>
        <testcase name="test_json_destroy_as_admin_and_succeed_with_force_delete" file="/app/vendor/gammamatrix/playground-test/src/Feature/Http/Controllers/Resource/Playground/DestroyJsonTrait.php" line="101" class="Tests\Feature\Playground\Crm\Resource\Http\Controllers\Playground\LocationRouteTest" classname="Tests.Feature.Playground.Crm.Resource.Http.Controllers.Playground.LocationRouteTest" assertions="4" time="0.229525"/>
        <testcase name="test_json_destroy_as_admin_and_succeed_with_no_content" file="/app/vendor/gammamatrix/playground-test/src/Feature/Http/Controllers/Resource/Playground/DestroyJsonTrait.php" line="133" class="Tests\Feature\Playground\Crm\Resource\Http\Controllers\Playground\LocationRouteTest" classname="Tests.Feature.Playground.Crm.Resource.Http.Controllers.Playground.LocationRouteTest" assertions="5" time="0.231019"/>
        <testcase name="test_json_destroy_as_admin_and_succeed_and_ignore_redirect" file="/app/vendor/gammamatrix/playground-test/src/Feature/Http/Controllers/Resource/Playground/DestroyJsonTrait.php" line="168" class="Tests\Feature\Playground\Crm\Resource\Http\Controllers\Playground\LocationRouteTest" classname="Tests.Feature.Playground.Crm.Resource.Http.Controllers.Playground.LocationRouteTest" assertions="5" time="0.234680"/>
        <testcase name="test_json_destroy_as_user_and_get_denied_and_no_force_delete_allowed" file="/app/vendor/gammamatrix/playground-test/src/Feature/Http/Controllers/Resource/Playground/DestroyJsonTrait.php" line="210" class="Tests\Feature\Playground\Crm\Resource\Http\Controllers\Playground\LocationRouteTest" classname="Tests.Feature.Playground.Crm.Resource.Http.Controllers.Playground.LocationRouteTest" assertions="3" time="0.227464"/>
        <testcase name="test_guest_cannot_destroy" file="/app/vendor/gammamatrix/playground-test/src/Feature/Http/Controllers/Resource/Playground/DestroyTrait.php" line="32" class="Tests\Feature\Playground\Crm\Resource\Http\Controllers\Playground\LocationRouteTest" classname="Tests.Feature.Playground.Crm.Resource.Http.Controllers.Playground.LocationRouteTest" assertions="3" time="0.227026"/>
        <testcase name="test_destroy_as_admin_and_succeed" file="/app/vendor/gammamatrix/playground-test/src/Feature/Http/Controllers/Resource/Playground/DestroyTrait.php" line="62" class="Tests\Feature\Playground\Crm\Resource\Http\Controllers\Playground\LocationRouteTest" classname="Tests.Feature.Playground.Crm.Resource.Http.Controllers.Playground.LocationRouteTest" assertions="5" time="0.232680"/>
        <testcase name="test_destroy_as_admin_and_succeed_with_force_delete" file="/app/vendor/gammamatrix/playground-test/src/Feature/Http/Controllers/Resource/Playground/DestroyTrait.php" line="98" class="Tests\Feature\Playground\Crm\Resource\Http\Controllers\Playground\LocationRouteTest" classname="Tests.Feature.Playground.Crm.Resource.Http.Controllers.Playground.LocationRouteTest" assertions="4" time="0.233825"/>
        <testcase name="test_destroy_as_admin_and_succeed_with_redirect_to_index_with_trash" file="/app/vendor/gammamatrix/playground-test/src/Feature/Http/Controllers/Resource/Playground/DestroyTrait.php" line="130" class="Tests\Feature\Playground\Crm\Resource\Http\Controllers\Playground\LocationRouteTest" classname="Tests.Feature.Playground.Crm.Resource.Http.Controllers.Playground.LocationRouteTest" assertions="5" time="0.232870"/>
        <testcase name="test_destroy_as_user_and_get_denied_and_no_force_delete_allowed" file="/app/vendor/gammamatrix/playground-test/src/Feature/Http/Controllers/Resource/Playground/DestroyTrait.php" line="172" class="Tests\Feature\Playground\Crm\Resource\Http\Controllers\Playground\LocationRouteTest" classname="Tests.Feature.Playground.Crm.Resource.Http.Controllers.Playground.LocationRouteTest" assertions="3" time="0.230250"/>
        <testcase name="test_json_guest_cannot_get_edit_info" file="/app/vendor/gammamatrix/playground-test/src/Feature/Http/Controllers/Resource/Playground/EditJsonTrait.php" line="39" class="Tests\Feature\Playground\Crm\Resource\Http\Controllers\Playground\LocationRouteTest" classname="Tests.Feature.Playground.Crm.Resource.Http.Controllers.Playground.LocationRouteTest" assertions="1" time="0.219405"/>
        <testcase name="test_json_admin_can_get_edit_info" file="/app/vendor/gammamatrix/playground-test/src/Feature/Http/Controllers/Resource/Playground/EditJsonTrait.php" line="59" class="Tests\Feature\Playground\Crm\Resource\Http\Controllers\Playground\LocationRouteTest" classname="Tests.Feature.Playground.Crm.Resource.Http.Controllers.Playground.LocationRouteTest" assertions="4" time="0.252429"/>
        <testcase name="test_json_edit_as_admin_and_fail_validation_with_invalid_parameter" file="/app/vendor/gammamatrix/playground-test/src/Feature/Http/Controllers/Resource/Playground/EditJsonTrait.php" line="88" class="Tests\Feature\Playground\Crm\Resource\Http\Controllers\Playground\LocationRouteTest" classname="Tests.Feature.Playground.Crm.Resource.Http.Controllers.Playground.LocationRouteTest" assertions="4" time="0.241370"/>
        <testcase name="test_guest_cannot_render_edit_view" file="/app/vendor/gammamatrix/playground-test/src/Feature/Http/Controllers/Resource/Playground/EditTrait.php" line="34" class="Tests\Feature\Playground\Crm\Resource\Http\Controllers\Playground\LocationRouteTest" classname="Tests.Feature.Playground.Crm.Resource.Http.Controllers.Playground.LocationRouteTest" assertions="1" time="0.228932"/>
        <testcase name="test_admin_can_render_edit_view" file="/app/vendor/gammamatrix/playground-test/src/Feature/Http/Controllers/Resource/Playground/EditTrait.php" line="54" class="Tests\Feature\Playground\Crm\Resource\Http\Controllers\Playground\LocationRouteTest" classname="Tests.Feature.Playground.Crm.Resource.Http.Controllers.Playground.LocationRouteTest" assertions="2" time="0.277959"/>
        <testcase name="test_admin_can_render_edit_view_with_return_url" file="/app/vendor/gammamatrix/playground-test/src/Feature/Http/Controllers/Resource/Playground/EditTrait.php" line="78" class="Tests\Feature\Playground\Crm\Resource\Http\Controllers\Playground\LocationRouteTest" classname="Tests.Feature.Playground.Crm.Resource.Http.Controllers.Playground.LocationRouteTest" assertions="3" time="0.280163"/>
        <testcase name="test_edit_view_as_admin_with_invalid_parameter_and_fail_validation_and_redirect" file="/app/vendor/gammamatrix/playground-test/src/Feature/Http/Controllers/Resource/Playground/EditTrait.php" line="107" class="Tests\Feature\Playground\Crm\Resource\Http\Controllers\Playground\LocationRouteTest" classname="Tests.Feature.Playground.Crm.Resource.Http.Controllers.Playground.LocationRouteTest" assertions="4" time="0.242193"/>
        <testcase name="test_json_guest_cannot_get_index" file="/app/vendor/gammamatrix/playground-test/src/Feature/Http/Controllers/Resource/Playground/IndexJsonTrait.php" line="35" class="Tests\Feature\Playground\Crm\Resource\Http\Controllers\Playground\LocationRouteTest" classname="Tests.Feature.Playground.Crm.Resource.Http.Controllers.Playground.LocationRouteTest" assertions="1" time="0.220862"/>
        <testcase name="test_json_admin_can_get_index" file="/app/vendor/gammamatrix/playground-test/src/Feature/Http/Controllers/Resource/Playground/IndexJsonTrait.php" line="50" class="Tests\Feature\Playground\Crm\Resource\Http\Controllers\Playground\LocationRouteTest" classname="Tests.Feature.Playground.Crm.Resource.Http.Controllers.Playground.LocationRouteTest" assertions="103" time="0.246322"/>
        <testcase name="test_json_admin_can_get_index_with_filters" file="/app/vendor/gammamatrix/playground-test/src/Feature/Http/Controllers/Resource/Playground/IndexJsonTrait.php" line="86" class="Tests\Feature\Playground\Crm\Resource\Http\Controllers\Playground\LocationRouteTest" classname="Tests.Feature.Playground.Crm.Resource.Http.Controllers.Playground.LocationRouteTest" assertions="3" time="0.248151"/>
        <testcase name="test_guest_cannot_render_index_view" file="/app/vendor/gammamatrix/playground-test/src/Feature/Http/Controllers/Resource/Playground/IndexTrait.php" line="30" class="Tests\Feature\Playground\Crm\Resource\Http\Controllers\Playground\LocationRouteTest" classname="Tests.Feature.Playground.Crm.Resource.Http.Controllers.Playground.LocationRouteTest" assertions="1" time="0.230217"/>
        <testcase name="test_admin_can_render_index_view" file="/app/vendor/gammamatrix/playground-test/src/Feature/Http/Controllers/Resource/Playground/IndexTrait.php" line="45" class="Tests\Feature\Playground\Crm\Resource\Http\Controllers\Playground\LocationRouteTest" classname="Tests.Feature.Playground.Crm.Resource.Http.Controllers.Playground.LocationRouteTest" assertions="2" time="0.273981"/>
        <testcase name="test_admin_can_render_index_view_with_filters" file="/app/vendor/gammamatrix/playground-test/src/Feature/Http/Controllers/Resource/Playground/IndexTrait.php" line="78" class="Tests\Feature\Playground\Crm\Resource\Http\Controllers\Playground\LocationRouteTest" classname="Tests.Feature.Playground.Crm.Resource.Http.Controllers.Playground.LocationRouteTest" assertions="3" time="0.273283"/>
        <testcase name="test_json_guest_cannot_lock" file="/app/vendor/gammamatrix/playground-test/src/Feature/Http/Controllers/Resource/Playground/LockJsonTrait.php" line="37" class="Tests\Feature\Playground\Crm\Resource\Http\Controllers\Playground\LocationRouteTest" classname="Tests.Feature.Playground.Crm.Resource.Http.Controllers.Playground.LocationRouteTest" assertions="3" time="0.223602"/>
        <testcase name="test_json_lock_as_admin_and_succeed" file="/app/vendor/gammamatrix/playground-test/src/Feature/Http/Controllers/Resource/Playground/LockJsonTrait.php" line="67" class="Tests\Feature\Playground\Crm\Resource\Http\Controllers\Playground\LocationRouteTest" classname="Tests.Feature.Playground.Crm.Resource.Http.Controllers.Playground.LocationRouteTest" assertions="3" time="0.245151"/>
        <testcase name="test_json_lock_as_admin_and_succeed_with_no_redirect" file="/app/vendor/gammamatrix/playground-test/src/Feature/Http/Controllers/Resource/Playground/LockJsonTrait.php" line="99" class="Tests\Feature\Playground\Crm\Resource\Http\Controllers\Playground\LocationRouteTest" classname="Tests.Feature.Playground.Crm.Resource.Http.Controllers.Playground.LocationRouteTest" assertions="101" time="0.246487"/>
        <testcase name="test_json_lock_as_user_and_get_denied" file="/app/vendor/gammamatrix/playground-test/src/Feature/Http/Controllers/Resource/Playground/LockJsonTrait.php" line="144" class="Tests\Feature\Playground\Crm\Resource\Http\Controllers\Playground\LocationRouteTest" classname="Tests.Feature.Playground.Crm.Resource.Http.Controllers.Playground.LocationRouteTest" assertions="3" time="0.234819"/>
        <testcase name="test_guest_cannot_lock" file="/app/vendor/gammamatrix/playground-test/src/Feature/Http/Controllers/Resource/Playground/LockTrait.php" line="32" class="Tests\Feature\Playground\Crm\Resource\Http\Controllers\Playground\LocationRouteTest" classname="Tests.Feature.Playground.Crm.Resource.Http.Controllers.Playground.LocationRouteTest" assertions="3" time="0.232286"/>
        <testcase name="test_lock_as_admin_and_succeed" file="/app/vendor/gammamatrix/playground-test/src/Feature/Http/Controllers/Resource/Playground/LockTrait.php" line="62" class="Tests\Feature\Playground\Crm\Resource\Http\Controllers\Playground\LocationRouteTest" classname="Tests.Feature.Playground.Crm.Resource.Http.Controllers.Playground.LocationRouteTest" assertions="4" time="0.242497"/>
        <testcase name="test_lock_as_admin_and_succeed_with_redirect_to_index_with_sorted_by_locked_desc" file="/app/vendor/gammamatrix/playground-test/src/Feature/Http/Controllers/Resource/Playground/LockTrait.php" line="96" class="Tests\Feature\Playground\Crm\Resource\Http\Controllers\Playground\LocationRouteTest" classname="Tests.Feature.Playground.Crm.Resource.Http.Controllers.Playground.LocationRouteTest" assertions="4" time="0.242365"/>
        <testcase name="test_lock_as_user_and_get_denied" file="/app/vendor/gammamatrix/playground-test/src/Feature/Http/Controllers/Resource/Playground/LockTrait.php" line="133" class="Tests\Feature\Playground\Crm\Resource\Http\Controllers\Playground\LocationRouteTest" classname="Tests.Feature.Playground.Crm.Resource.Http.Controllers.Playground.LocationRouteTest" assertions="3" time="0.237270"/>
        <testcase name="test_json_guest_cannot_restore" file="/app/vendor/gammamatrix/playground-test/src/Feature/Http/Controllers/Resource/Playground/RestoreJsonTrait.php" line="33" class="Tests\Feature\Playground\Crm\Resource\Http\Controllers\Playground\LocationRouteTest" classname="Tests.Feature.Playground.Crm.Resource.Http.Controllers.Playground.LocationRouteTest" assertions="3" time="0.228119"/>
        <testcase name="test_json_restore_as_admin_and_succeed" file="/app/vendor/gammamatrix/playground-test/src/Feature/Http/Controllers/Resource/Playground/RestoreJsonTrait.php" line="65" class="Tests\Feature\Playground\Crm\Resource\Http\Controllers\Playground\LocationRouteTest" classname="Tests.Feature.Playground.Crm.Resource.Http.Controllers.Playground.LocationRouteTest" assertions="101" time="0.250650"/>
        <testcase name="test_json_restore_as_admin_and_succeed_with_no_redirect" file="/app/vendor/gammamatrix/playground-test/src/Feature/Http/Controllers/Resource/Playground/RestoreJsonTrait.php" line="101" class="Tests\Feature\Playground\Crm\Resource\Http\Controllers\Playground\LocationRouteTest" classname="Tests.Feature.Playground.Crm.Resource.Http.Controllers.Playground.LocationRouteTest" assertions="101" time="0.249579"/>
        <testcase name="test_json_restore_as_user_and_get_denied" file="/app/vendor/gammamatrix/playground-test/src/Feature/Http/Controllers/Resource/Playground/RestoreJsonTrait.php" line="144" class="Tests\Feature\Playground\Crm\Resource\Http\Controllers\Playground\LocationRouteTest" classname="Tests.Feature.Playground.Crm.Resource.Http.Controllers.Playground.LocationRouteTest" assertions="3" time="0.237739"/>
        <testcase name="test_guest_cannot_restore" file="/app/vendor/gammamatrix/playground-test/src/Feature/Http/Controllers/Resource/Playground/RestoreTrait.php" line="33" class="Tests\Feature\Playground\Crm\Resource\Http\Controllers\Playground\LocationRouteTest" classname="Tests.Feature.Playground.Crm.Resource.Http.Controllers.Playground.LocationRouteTest" assertions="3" time="0.233894"/>
        <testcase name="test_restore_as_admin_and_succeed" file="/app/vendor/gammamatrix/playground-test/src/Feature/Http/Controllers/Resource/Playground/RestoreTrait.php" line="65" class="Tests\Feature\Playground\Crm\Resource\Http\Controllers\Playground\LocationRouteTest" classname="Tests.Feature.Playground.Crm.Resource.Http.Controllers.Playground.LocationRouteTest" assertions="4" time="0.246421"/>
        <testcase name="test_restore_as_admin_and_succeed_with_redirect_to_index_with_only_trash" file="/app/vendor/gammamatrix/playground-test/src/Feature/Http/Controllers/Resource/Playground/RestoreTrait.php" line="101" class="Tests\Feature\Playground\Crm\Resource\Http\Controllers\Playground\LocationRouteTest" classname="Tests.Feature.Playground.Crm.Resource.Http.Controllers.Playground.LocationRouteTest" assertions="4" time="0.245148"/>
        <testcase name="test_restore_as_user_and_get_denied" file="/app/vendor/gammamatrix/playground-test/src/Feature/Http/Controllers/Resource/Playground/RestoreTrait.php" line="147" class="Tests\Feature\Playground\Crm\Resource\Http\Controllers\Playground\LocationRouteTest" classname="Tests.Feature.Playground.Crm.Resource.Http.Controllers.Playground.LocationRouteTest" assertions="3" time="0.239548"/>
        <testcase name="test_json_guest_cannot_see_info" file="/app/vendor/gammamatrix/playground-test/src/Feature/Http/Controllers/Resource/Playground/ShowJsonTrait.php" line="30" class="Tests\Feature\Playground\Crm\Resource\Http\Controllers\Playground\LocationRouteTest" classname="Tests.Feature.Playground.Crm.Resource.Http.Controllers.Playground.LocationRouteTest" assertions="1" time="0.227259"/>
        <testcase name="test_json_show_info_for_admin" file="/app/vendor/gammamatrix/playground-test/src/Feature/Http/Controllers/Resource/Playground/ShowJsonTrait.php" line="50" class="Tests\Feature\Playground\Crm\Resource\Http\Controllers\Playground\LocationRouteTest" classname="Tests.Feature.Playground.Crm.Resource.Http.Controllers.Playground.LocationRouteTest" assertions="100" time="0.244832"/>
        <testcase name="test_guest_cannot_render_show_view" file="/app/vendor/gammamatrix/playground-test/src/Feature/Http/Controllers/Resource/Playground/ShowTrait.php" line="30" class="Tests\Feature\Playground\Crm\Resource\Http\Controllers\Playground\LocationRouteTest" classname="Tests.Feature.Playground.Crm.Resource.Http.Controllers.Playground.LocationRouteTest" assertions="1" time="0.230202"/>
        <testcase name="test_show_view_rendered_by_admin" file="/app/vendor/gammamatrix/playground-test/src/Feature/Http/Controllers/Resource/Playground/ShowTrait.php" line="50" class="Tests\Feature\Playground\Crm\Resource\Http\Controllers\Playground\LocationRouteTest" classname="Tests.Feature.Playground.Crm.Resource.Http.Controllers.Playground.LocationRouteTest" assertions="2" time="0.263733"/>
        <testcase name="test_json_guest_cannot_store" file="/app/vendor/gammamatrix/playground-test/src/Feature/Http/Controllers/Resource/Playground/StoreJsonTrait.php" line="44" class="Tests\Feature\Playground\Crm\Resource\Http\Controllers\Playground\LocationRouteTest" classname="Tests.Feature.Playground.Crm.Resource.Http.Controllers.Playground.LocationRouteTest" assertions="3" time="0.224342"/>
        <testcase name="test_json_store_as_admin_without_payload_and_fail_validation" file="/app/vendor/gammamatrix/playground-test/src/Feature/Http/Controllers/Resource/Playground/StoreJsonTrait.php" line="67" class="Tests\Feature\Playground\Crm\Resource\Http\Controllers\Playground\LocationRouteTest" classname="Tests.Feature.Playground.Crm.Resource.Http.Controllers.Playground.LocationRouteTest" assertions="5" time="0.239237"/>
        <testcase name="test_json_store_as_admin_and_succeed" file="/app/vendor/gammamatrix/playground-test/src/Feature/Http/Controllers/Resource/Playground/StoreJsonTrait.php" line="93" class="Tests\Feature\Playground\Crm\Resource\Http\Controllers\Playground\LocationRouteTest" classname="Tests.Feature.Playground.Crm.Resource.Http.Controllers.Playground.LocationRouteTest" assertions="3" time="0.282598"/>
        <testcase name="test_guest_cannot_store" file="/app/vendor/gammamatrix/playground-test/src/Feature/Http/Controllers/Resource/Playground/StoreTrait.php" line="39" class="Tests\Feature\Playground\Crm\Resource\Http\Controllers\Playground\LocationRouteTest" classname="Tests.Feature.Playground.Crm.Resource.Http.Controllers.Playground.LocationRouteTest" assertions="3" time="0.226131"/>
        <testcase name="test_store_as_admin_without_payload_and_fail_validation" file="/app/vendor/gammamatrix/playground-test/src/Feature/Http/Controllers/Resource/Playground/StoreTrait.php" line="62" class="Tests\Feature\Playground\Crm\Resource\Http\Controllers\Playground\LocationRouteTest" classname="Tests.Feature.Playground.Crm.Resource.Http.Controllers.Playground.LocationRouteTest" assertions="5" time="0.240928"/>
        <testcase name="test_store_as_admin_and_succeed" file="/app/vendor/gammamatrix/playground-test/src/Feature/Http/Controllers/Resource/Playground/StoreTrait.php" line="91" class="Tests\Feature\Playground\Crm\Resource\Http\Controllers\Playground\LocationRouteTest" classname="Tests.Feature.Playground.Crm.Resource.Http.Controllers.Playground.LocationRouteTest" assertions="4" time="0.266970"/>
        <testcase name="test_store_as_admin_and_succeed_with_return_url" file="/app/vendor/gammamatrix/playground-test/src/Feature/Http/Controllers/Resource/Playground/StoreTrait.php" line="136" class="Tests\Feature\Playground\Crm\Resource\Http\Controllers\Playground\LocationRouteTest" classname="Tests.Feature.Playground.Crm.Resource.Http.Controllers.Playground.LocationRouteTest" assertions="4" time="0.274750"/>
        <testcase name="test_json_guest_cannot_unlock" file="/app/vendor/gammamatrix/playground-test/src/Feature/Http/Controllers/Resource/Playground/UnlockJsonTrait.php" line="37" class="Tests\Feature\Playground\Crm\Resource\Http\Controllers\Playground\LocationRouteTest" classname="Tests.Feature.Playground.Crm.Resource.Http.Controllers.Playground.LocationRouteTest" assertions="3" time="0.235077"/>
        <testcase name="test_json_unlock_as_admin_and_succeed" file="/app/vendor/gammamatrix/playground-test/src/Feature/Http/Controllers/Resource/Playground/UnlockJsonTrait.php" line="69" class="Tests\Feature\Playground\Crm\Resource\Http\Controllers\Playground\LocationRouteTest" classname="Tests.Feature.Playground.Crm.Resource.Http.Controllers.Playground.LocationRouteTest" assertions="101" time="0.253321"/>
        <testcase name="test_json_unlock_as_admin_and_succeed_with_no_redirect" file="/app/vendor/gammamatrix/playground-test/src/Feature/Http/Controllers/Resource/Playground/UnlockJsonTrait.php" line="105" class="Tests\Feature\Playground\Crm\Resource\Http\Controllers\Playground\LocationRouteTest" classname="Tests.Feature.Playground.Crm.Resource.Http.Controllers.Playground.LocationRouteTest" assertions="101" time="0.256732"/>
        <testcase name="test_json_unlock_as_user_and_get_denied" file="/app/vendor/gammamatrix/playground-test/src/Feature/Http/Controllers/Resource/Playground/UnlockJsonTrait.php" line="146" class="Tests\Feature\Playground\Crm\Resource\Http\Controllers\Playground\LocationRouteTest" classname="Tests.Feature.Playground.Crm.Resource.Http.Controllers.Playground.LocationRouteTest" assertions="3" time="0.243669"/>
        <testcase name="test_guest_cannot_unlock" file="/app/vendor/gammamatrix/playground-test/src/Feature/Http/Controllers/Resource/Playground/UnlockTrait.php" line="37" class="Tests\Feature\Playground\Crm\Resource\Http\Controllers\Playground\LocationRouteTest" classname="Tests.Feature.Playground.Crm.Resource.Http.Controllers.Playground.LocationRouteTest" assertions="3" time="0.236516"/>
        <testcase name="test_unlock_as_admin_and_succeed" file="/app/vendor/gammamatrix/playground-test/src/Feature/Http/Controllers/Resource/Playground/UnlockTrait.php" line="69" class="Tests\Feature\Playground\Crm\Resource\Http\Controllers\Playground\LocationRouteTest" classname="Tests.Feature.Playground.Crm.Resource.Http.Controllers.Playground.LocationRouteTest" assertions="4" time="0.249972"/>
        <testcase name="test_unlock_as_admin_and_succeed_with_redirect_to_index_with_sorted_by_unlocked_desc" file="/app/vendor/gammamatrix/playground-test/src/Feature/Http/Controllers/Resource/Playground/UnlockTrait.php" line="110" class="Tests\Feature\Playground\Crm\Resource\Http\Controllers\Playground\LocationRouteTest" classname="Tests.Feature.Playground.Crm.Resource.Http.Controllers.Playground.LocationRouteTest" assertions="4" time="0.258178"/>
        <testcase name="test_unlock_as_user_and_get_denied" file="/app/vendor/gammamatrix/playground-test/src/Feature/Http/Controllers/Resource/Playground/UnlockTrait.php" line="149" class="Tests\Feature\Playground\Crm\Resource\Http\Controllers\Playground\LocationRouteTest" classname="Tests.Feature.Playground.Crm.Resource.Http.Controllers.Playground.LocationRouteTest" assertions="3" time="0.245271"/>
        <testcase name="test_json_guest_cannot_update" file="/app/vendor/gammamatrix/playground-test/src/Feature/Http/Controllers/Resource/Playground/UpdateJsonTrait.php" line="46" class="Tests\Feature\Playground\Crm\Resource\Http\Controllers\Playground\LocationRouteTest" classname="Tests.Feature.Playground.Crm.Resource.Http.Controllers.Playground.LocationRouteTest" assertions="1" time="0.237424"/>
        <testcase name="test_json_update_as_admin_without_payload_and_passes_validation" file="/app/vendor/gammamatrix/playground-test/src/Feature/Http/Controllers/Resource/Playground/UpdateJsonTrait.php" line="66" class="Tests\Feature\Playground\Crm\Resource\Http\Controllers\Playground\LocationRouteTest" classname="Tests.Feature.Playground.Crm.Resource.Http.Controllers.Playground.LocationRouteTest" assertions="2" time="0.263265"/>
        <testcase name="test_json_admin_can_update" file="/app/vendor/gammamatrix/playground-test/src/Feature/Http/Controllers/Resource/Playground/UpdateJsonTrait.php" line="114" class="Tests\Feature\Playground\Crm\Resource\Http\Controllers\Playground\LocationRouteTest" classname="Tests.Feature.Playground.Crm.Resource.Http.Controllers.Playground.LocationRouteTest" assertions="103" time="0.300444"/>
        <testcase name="test_guest_cannot_update" file="/app/vendor/gammamatrix/playground-test/src/Feature/Http/Controllers/Resource/Playground/UpdateTrait.php" line="46" class="Tests\Feature\Playground\Crm\Resource\Http\Controllers\Playground\LocationRouteTest" classname="Tests.Feature.Playground.Crm.Resource.Http.Controllers.Playground.LocationRouteTest" assertions="1" time="0.233993"/>
        <testcase name="test_update_as_admin_without_payload_and_passes_validation" file="/app/vendor/gammamatrix/playground-test/src/Feature/Http/Controllers/Resource/Playground/UpdateTrait.php" line="66" class="Tests\Feature\Playground\Crm\Resource\Http\Controllers\Playground\LocationRouteTest" classname="Tests.Feature.Playground.Crm.Resource.Http.Controllers.Playground.LocationRouteTest" assertions="3" time="0.257267"/>
        <testcase name="test_admin_can_update" file="/app/vendor/gammamatrix/playground-test/src/Feature/Http/Controllers/Resource/Playground/UpdateTrait.php" line="117" class="Tests\Feature\Playground\Crm\Resource\Http\Controllers\Playground\LocationRouteTest" classname="Tests.Feature.Playground.Crm.Resource.Http.Controllers.Playground.LocationRouteTest" assertions="6" time="0.295359"/>
        <testcase name="test_admin_can_update_view_with_return_url" file="/app/vendor/gammamatrix/playground-test/src/Feature/Http/Controllers/Resource/Playground/UpdateTrait.php" line="160" class="Tests\Feature\Playground\Crm\Resource\Http\Controllers\Playground\LocationRouteTest" classname="Tests.Feature.Playground.Crm.Resource.Http.Controllers.Playground.LocationRouteTest" assertions="6" time="0.294449"/>
      </testsuite>
      <testsuite name="Tests\Feature\Playground\Crm\Resource\Http\Controllers\Playground\OrganizationRouteTest" file="/app/tests/Feature/Http/Controllers/Playground/OrganizationRouteTest.php" tests="73" assertions="1113" errors="0" failures="0" skipped="0" time="17.842673">
        <testcase name="test_json_guest_cannot_get_create_info" file="/app/vendor/gammamatrix/playground-test/src/Feature/Http/Controllers/Resource/Playground/CreateJsonTrait.php" line="39" class="Tests\Feature\Playground\Crm\Resource\Http\Controllers\Playground\OrganizationRouteTest" classname="Tests.Feature.Playground.Crm.Resource.Http.Controllers.Playground.OrganizationRouteTest" assertions="1" time="0.210690"/>
        <testcase name="test_json_admin_can_get_create_info" file="/app/vendor/gammamatrix/playground-test/src/Feature/Http/Controllers/Resource/Playground/CreateJsonTrait.php" line="54" class="Tests\Feature\Playground\Crm\Resource\Http\Controllers\Playground\OrganizationRouteTest" classname="Tests.Feature.Playground.Crm.Resource.Http.Controllers.Playground.OrganizationRouteTest" assertions="99" time="0.230653"/>
        <testcase name="test_json_get_create_info_as_admin_with_invalid_parameter_and_fail_validation" file="/app/vendor/gammamatrix/playground-test/src/Feature/Http/Controllers/Resource/Playground/CreateJsonTrait.php" line="74" class="Tests\Feature\Playground\Crm\Resource\Http\Controllers\Playground\OrganizationRouteTest" classname="Tests.Feature.Playground.Crm.Resource.Http.Controllers.Playground.OrganizationRouteTest" assertions="4" time="0.224208"/>
        <testcase name="test_guest_cannot_render_create_view" file="/app/vendor/gammamatrix/playground-test/src/Feature/Http/Controllers/Resource/Playground/CreateTrait.php" line="34" class="Tests\Feature\Playground\Crm\Resource\Http\Controllers\Playground\OrganizationRouteTest" classname="Tests.Feature.Playground.Crm.Resource.Http.Controllers.Playground.OrganizationRouteTest" assertions="1" time="0.207650"/>
        <testcase name="test_admin_can_render_create_view" file="/app/vendor/gammamatrix/playground-test/src/Feature/Http/Controllers/Resource/Playground/CreateTrait.php" line="48" class="Tests\Feature\Playground\Crm\Resource\Http\Controllers\Playground\OrganizationRouteTest" classname="Tests.Feature.Playground.Crm.Resource.Http.Controllers.Playground.OrganizationRouteTest" assertions="2" time="0.265435"/>
        <testcase name="test_admin_can_render_create_view_with_return_url" file="/app/vendor/gammamatrix/playground-test/src/Feature/Http/Controllers/Resource/Playground/CreateTrait.php" line="66" class="Tests\Feature\Playground\Crm\Resource\Http\Controllers\Playground\OrganizationRouteTest" classname="Tests.Feature.Playground.Crm.Resource.Http.Controllers.Playground.OrganizationRouteTest" assertions="3" time="0.261698"/>
        <testcase name="test_create_view_as_admin_with_invalid_parameter_and_fail_validation_and_redirect" file="/app/vendor/gammamatrix/playground-test/src/Feature/Http/Controllers/Resource/Playground/CreateTrait.php" line="90" class="Tests\Feature\Playground\Crm\Resource\Http\Controllers\Playground\OrganizationRouteTest" classname="Tests.Feature.Playground.Crm.Resource.Http.Controllers.Playground.OrganizationRouteTest" assertions="5" time="0.225122"/>
        <testcase name="test_json_guest_cannot_destroy" file="/app/vendor/gammamatrix/playground-test/src/Feature/Http/Controllers/Resource/Playground/DestroyJsonTrait.php" line="32" class="Tests\Feature\Playground\Crm\Resource\Http\Controllers\Playground\OrganizationRouteTest" classname="Tests.Feature.Playground.Crm.Resource.Http.Controllers.Playground.OrganizationRouteTest" assertions="3" time="0.225486"/>
        <testcase name="test_json_destroy_as_admin_and_succeed" file="/app/vendor/gammamatrix/playground-test/src/Feature/Http/Controllers/Resource/Playground/DestroyJsonTrait.php" line="62" class="Tests\Feature\Playground\Crm\Resource\Http\Controllers\Playground\OrganizationRouteTest" classname="Tests.Feature.Playground.Crm.Resource.Http.Controllers.Playground.OrganizationRouteTest" assertions="5" time="0.230681"/>
        <testcase name="test_json_destroy_as_admin_and_succeed_with_force_delete" file="/app/vendor/gammamatrix/playground-test/src/Feature/Http/Controllers/Resource/Playground/DestroyJsonTrait.php" line="101" class="Tests\Feature\Playground\Crm\Resource\Http\Controllers\Playground\OrganizationRouteTest" classname="Tests.Feature.Playground.Crm.Resource.Http.Controllers.Playground.OrganizationRouteTest" assertions="4" time="0.231429"/>
        <testcase name="test_json_destroy_as_admin_and_succeed_with_no_content" file="/app/vendor/gammamatrix/playground-test/src/Feature/Http/Controllers/Resource/Playground/DestroyJsonTrait.php" line="133" class="Tests\Feature\Playground\Crm\Resource\Http\Controllers\Playground\OrganizationRouteTest" classname="Tests.Feature.Playground.Crm.Resource.Http.Controllers.Playground.OrganizationRouteTest" assertions="5" time="0.232052"/>
        <testcase name="test_json_destroy_as_admin_and_succeed_and_ignore_redirect" file="/app/vendor/gammamatrix/playground-test/src/Feature/Http/Controllers/Resource/Playground/DestroyJsonTrait.php" line="168" class="Tests\Feature\Playground\Crm\Resource\Http\Controllers\Playground\OrganizationRouteTest" classname="Tests.Feature.Playground.Crm.Resource.Http.Controllers.Playground.OrganizationRouteTest" assertions="5" time="0.232644"/>
        <testcase name="test_json_destroy_as_user_and_get_denied_and_no_force_delete_allowed" file="/app/vendor/gammamatrix/playground-test/src/Feature/Http/Controllers/Resource/Playground/DestroyJsonTrait.php" line="210" class="Tests\Feature\Playground\Crm\Resource\Http\Controllers\Playground\OrganizationRouteTest" classname="Tests.Feature.Playground.Crm.Resource.Http.Controllers.Playground.OrganizationRouteTest" assertions="3" time="0.242587"/>
        <testcase name="test_guest_cannot_destroy" file="/app/vendor/gammamatrix/playground-test/src/Feature/Http/Controllers/Resource/Playground/DestroyTrait.php" line="32" class="Tests\Feature\Playground\Crm\Resource\Http\Controllers\Playground\OrganizationRouteTest" classname="Tests.Feature.Playground.Crm.Resource.Http.Controllers.Playground.OrganizationRouteTest" assertions="3" time="0.220346"/>
        <testcase name="test_destroy_as_admin_and_succeed" file="/app/vendor/gammamatrix/playground-test/src/Feature/Http/Controllers/Resource/Playground/DestroyTrait.php" line="62" class="Tests\Feature\Playground\Crm\Resource\Http\Controllers\Playground\OrganizationRouteTest" classname="Tests.Feature.Playground.Crm.Resource.Http.Controllers.Playground.OrganizationRouteTest" assertions="5" time="0.232596"/>
        <testcase name="test_destroy_as_admin_and_succeed_with_force_delete" file="/app/vendor/gammamatrix/playground-test/src/Feature/Http/Controllers/Resource/Playground/DestroyTrait.php" line="98" class="Tests\Feature\Playground\Crm\Resource\Http\Controllers\Playground\OrganizationRouteTest" classname="Tests.Feature.Playground.Crm.Resource.Http.Controllers.Playground.OrganizationRouteTest" assertions="4" time="0.237977"/>
        <testcase name="test_destroy_as_admin_and_succeed_with_redirect_to_index_with_trash" file="/app/vendor/gammamatrix/playground-test/src/Feature/Http/Controllers/Resource/Playground/DestroyTrait.php" line="130" class="Tests\Feature\Playground\Crm\Resource\Http\Controllers\Playground\OrganizationRouteTest" classname="Tests.Feature.Playground.Crm.Resource.Http.Controllers.Playground.OrganizationRouteTest" assertions="5" time="0.241557"/>
        <testcase name="test_destroy_as_user_and_get_denied_and_no_force_delete_allowed" file="/app/vendor/gammamatrix/playground-test/src/Feature/Http/Controllers/Resource/Playground/DestroyTrait.php" line="172" class="Tests\Feature\Playground\Crm\Resource\Http\Controllers\Playground\OrganizationRouteTest" classname="Tests.Feature.Playground.Crm.Resource.Http.Controllers.Playground.OrganizationRouteTest" assertions="3" time="0.230754"/>
        <testcase name="test_json_guest_cannot_get_edit_info" file="/app/vendor/gammamatrix/playground-test/src/Feature/Http/Controllers/Resource/Playground/EditJsonTrait.php" line="39" class="Tests\Feature\Playground\Crm\Resource\Http\Controllers\Playground\OrganizationRouteTest" classname="Tests.Feature.Playground.Crm.Resource.Http.Controllers.Playground.OrganizationRouteTest" assertions="1" time="0.219648"/>
        <testcase name="test_json_admin_can_get_edit_info" file="/app/vendor/gammamatrix/playground-test/src/Feature/Http/Controllers/Resource/Playground/EditJsonTrait.php" line="59" class="Tests\Feature\Playground\Crm\Resource\Http\Controllers\Playground\OrganizationRouteTest" classname="Tests.Feature.Playground.Crm.Resource.Http.Controllers.Playground.OrganizationRouteTest" assertions="4" time="0.245814"/>
        <testcase name="test_json_edit_as_admin_and_fail_validation_with_invalid_parameter" file="/app/vendor/gammamatrix/playground-test/src/Feature/Http/Controllers/Resource/Playground/EditJsonTrait.php" line="88" class="Tests\Feature\Playground\Crm\Resource\Http\Controllers\Playground\OrganizationRouteTest" classname="Tests.Feature.Playground.Crm.Resource.Http.Controllers.Playground.OrganizationRouteTest" assertions="4" time="0.240460"/>
        <testcase name="test_guest_cannot_render_edit_view" file="/app/vendor/gammamatrix/playground-test/src/Feature/Http/Controllers/Resource/Playground/EditTrait.php" line="34" class="Tests\Feature\Playground\Crm\Resource\Http\Controllers\Playground\OrganizationRouteTest" classname="Tests.Feature.Playground.Crm.Resource.Http.Controllers.Playground.OrganizationRouteTest" assertions="1" time="0.223098"/>
        <testcase name="test_admin_can_render_edit_view" file="/app/vendor/gammamatrix/playground-test/src/Feature/Http/Controllers/Resource/Playground/EditTrait.php" line="54" class="Tests\Feature\Playground\Crm\Resource\Http\Controllers\Playground\OrganizationRouteTest" classname="Tests.Feature.Playground.Crm.Resource.Http.Controllers.Playground.OrganizationRouteTest" assertions="2" time="0.282648"/>
        <testcase name="test_admin_can_render_edit_view_with_return_url" file="/app/vendor/gammamatrix/playground-test/src/Feature/Http/Controllers/Resource/Playground/EditTrait.php" line="78" class="Tests\Feature\Playground\Crm\Resource\Http\Controllers\Playground\OrganizationRouteTest" classname="Tests.Feature.Playground.Crm.Resource.Http.Controllers.Playground.OrganizationRouteTest" assertions="3" time="0.280176"/>
        <testcase name="test_edit_view_as_admin_with_invalid_parameter_and_fail_validation_and_redirect" file="/app/vendor/gammamatrix/playground-test/src/Feature/Http/Controllers/Resource/Playground/EditTrait.php" line="107" class="Tests\Feature\Playground\Crm\Resource\Http\Controllers\Playground\OrganizationRouteTest" classname="Tests.Feature.Playground.Crm.Resource.Http.Controllers.Playground.OrganizationRouteTest" assertions="4" time="0.243876"/>
        <testcase name="test_json_guest_cannot_get_index" file="/app/vendor/gammamatrix/playground-test/src/Feature/Http/Controllers/Resource/Playground/IndexJsonTrait.php" line="35" class="Tests\Feature\Playground\Crm\Resource\Http\Controllers\Playground\OrganizationRouteTest" classname="Tests.Feature.Playground.Crm.Resource.Http.Controllers.Playground.OrganizationRouteTest" assertions="1" time="0.221854"/>
        <testcase name="test_json_admin_can_get_index" file="/app/vendor/gammamatrix/playground-test/src/Feature/Http/Controllers/Resource/Playground/IndexJsonTrait.php" line="50" class="Tests\Feature\Playground\Crm\Resource\Http\Controllers\Playground\OrganizationRouteTest" classname="Tests.Feature.Playground.Crm.Resource.Http.Controllers.Playground.OrganizationRouteTest" assertions="103" time="0.246616"/>
        <testcase name="test_json_admin_can_get_index_with_filters" file="/app/vendor/gammamatrix/playground-test/src/Feature/Http/Controllers/Resource/Playground/IndexJsonTrait.php" line="86" class="Tests\Feature\Playground\Crm\Resource\Http\Controllers\Playground\OrganizationRouteTest" classname="Tests.Feature.Playground.Crm.Resource.Http.Controllers.Playground.OrganizationRouteTest" assertions="3" time="0.250266"/>
        <testcase name="test_guest_cannot_render_index_view" file="/app/vendor/gammamatrix/playground-test/src/Feature/Http/Controllers/Resource/Playground/IndexTrait.php" line="30" class="Tests\Feature\Playground\Crm\Resource\Http\Controllers\Playground\OrganizationRouteTest" classname="Tests.Feature.Playground.Crm.Resource.Http.Controllers.Playground.OrganizationRouteTest" assertions="1" time="0.226023"/>
        <testcase name="test_admin_can_render_index_view" file="/app/vendor/gammamatrix/playground-test/src/Feature/Http/Controllers/Resource/Playground/IndexTrait.php" line="45" class="Tests\Feature\Playground\Crm\Resource\Http\Controllers\Playground\OrganizationRouteTest" classname="Tests.Feature.Playground.Crm.Resource.Http.Controllers.Playground.OrganizationRouteTest" assertions="2" time="0.281206"/>
        <testcase name="test_admin_can_render_index_view_with_filters" file="/app/vendor/gammamatrix/playground-test/src/Feature/Http/Controllers/Resource/Playground/IndexTrait.php" line="78" class="Tests\Feature\Playground\Crm\Resource\Http\Controllers\Playground\OrganizationRouteTest" classname="Tests.Feature.Playground.Crm.Resource.Http.Controllers.Playground.OrganizationRouteTest" assertions="3" time="0.274530"/>
        <testcase name="test_json_guest_cannot_lock" file="/app/vendor/gammamatrix/playground-test/src/Feature/Http/Controllers/Resource/Playground/LockJsonTrait.php" line="37" class="Tests\Feature\Playground\Crm\Resource\Http\Controllers\Playground\OrganizationRouteTest" classname="Tests.Feature.Playground.Crm.Resource.Http.Controllers.Playground.OrganizationRouteTest" assertions="3" time="0.224685"/>
        <testcase name="test_json_lock_as_admin_and_succeed" file="/app/vendor/gammamatrix/playground-test/src/Feature/Http/Controllers/Resource/Playground/LockJsonTrait.php" line="67" class="Tests\Feature\Playground\Crm\Resource\Http\Controllers\Playground\OrganizationRouteTest" classname="Tests.Feature.Playground.Crm.Resource.Http.Controllers.Playground.OrganizationRouteTest" assertions="3" time="0.246215"/>
        <testcase name="test_json_lock_as_admin_and_succeed_with_no_redirect" file="/app/vendor/gammamatrix/playground-test/src/Feature/Http/Controllers/Resource/Playground/LockJsonTrait.php" line="99" class="Tests\Feature\Playground\Crm\Resource\Http\Controllers\Playground\OrganizationRouteTest" classname="Tests.Feature.Playground.Crm.Resource.Http.Controllers.Playground.OrganizationRouteTest" assertions="101" time="0.249896"/>
        <testcase name="test_json_lock_as_user_and_get_denied" file="/app/vendor/gammamatrix/playground-test/src/Feature/Http/Controllers/Resource/Playground/LockJsonTrait.php" line="144" class="Tests\Feature\Playground\Crm\Resource\Http\Controllers\Playground\OrganizationRouteTest" classname="Tests.Feature.Playground.Crm.Resource.Http.Controllers.Playground.OrganizationRouteTest" assertions="3" time="0.234942"/>
        <testcase name="test_guest_cannot_lock" file="/app/vendor/gammamatrix/playground-test/src/Feature/Http/Controllers/Resource/Playground/LockTrait.php" line="32" class="Tests\Feature\Playground\Crm\Resource\Http\Controllers\Playground\OrganizationRouteTest" classname="Tests.Feature.Playground.Crm.Resource.Http.Controllers.Playground.OrganizationRouteTest" assertions="3" time="0.228509"/>
        <testcase name="test_lock_as_admin_and_succeed" file="/app/vendor/gammamatrix/playground-test/src/Feature/Http/Controllers/Resource/Playground/LockTrait.php" line="62" class="Tests\Feature\Playground\Crm\Resource\Http\Controllers\Playground\OrganizationRouteTest" classname="Tests.Feature.Playground.Crm.Resource.Http.Controllers.Playground.OrganizationRouteTest" assertions="4" time="0.250915"/>
        <testcase name="test_lock_as_admin_and_succeed_with_redirect_to_index_with_sorted_by_locked_desc" file="/app/vendor/gammamatrix/playground-test/src/Feature/Http/Controllers/Resource/Playground/LockTrait.php" line="96" class="Tests\Feature\Playground\Crm\Resource\Http\Controllers\Playground\OrganizationRouteTest" classname="Tests.Feature.Playground.Crm.Resource.Http.Controllers.Playground.OrganizationRouteTest" assertions="4" time="0.243983"/>
        <testcase name="test_lock_as_user_and_get_denied" file="/app/vendor/gammamatrix/playground-test/src/Feature/Http/Controllers/Resource/Playground/LockTrait.php" line="133" class="Tests\Feature\Playground\Crm\Resource\Http\Controllers\Playground\OrganizationRouteTest" classname="Tests.Feature.Playground.Crm.Resource.Http.Controllers.Playground.OrganizationRouteTest" assertions="3" time="0.235412"/>
        <testcase name="test_json_guest_cannot_restore" file="/app/vendor/gammamatrix/playground-test/src/Feature/Http/Controllers/Resource/Playground/RestoreJsonTrait.php" line="33" class="Tests\Feature\Playground\Crm\Resource\Http\Controllers\Playground\OrganizationRouteTest" classname="Tests.Feature.Playground.Crm.Resource.Http.Controllers.Playground.OrganizationRouteTest" assertions="3" time="0.235157"/>
        <testcase name="test_json_restore_as_admin_and_succeed" file="/app/vendor/gammamatrix/playground-test/src/Feature/Http/Controllers/Resource/Playground/RestoreJsonTrait.php" line="65" class="Tests\Feature\Playground\Crm\Resource\Http\Controllers\Playground\OrganizationRouteTest" classname="Tests.Feature.Playground.Crm.Resource.Http.Controllers.Playground.OrganizationRouteTest" assertions="101" time="0.247462"/>
        <testcase name="test_json_restore_as_admin_and_succeed_with_no_redirect" file="/app/vendor/gammamatrix/playground-test/src/Feature/Http/Controllers/Resource/Playground/RestoreJsonTrait.php" line="101" class="Tests\Feature\Playground\Crm\Resource\Http\Controllers\Playground\OrganizationRouteTest" classname="Tests.Feature.Playground.Crm.Resource.Http.Controllers.Playground.OrganizationRouteTest" assertions="101" time="0.248205"/>
        <testcase name="test_json_restore_as_user_and_get_denied" file="/app/vendor/gammamatrix/playground-test/src/Feature/Http/Controllers/Resource/Playground/RestoreJsonTrait.php" line="144" class="Tests\Feature\Playground\Crm\Resource\Http\Controllers\Playground\OrganizationRouteTest" classname="Tests.Feature.Playground.Crm.Resource.Http.Controllers.Playground.OrganizationRouteTest" assertions="3" time="0.238890"/>
        <testcase name="test_guest_cannot_restore" file="/app/vendor/gammamatrix/playground-test/src/Feature/Http/Controllers/Resource/Playground/RestoreTrait.php" line="33" class="Tests\Feature\Playground\Crm\Resource\Http\Controllers\Playground\OrganizationRouteTest" classname="Tests.Feature.Playground.Crm.Resource.Http.Controllers.Playground.OrganizationRouteTest" assertions="3" time="0.229767"/>
        <testcase name="test_restore_as_admin_and_succeed" file="/app/vendor/gammamatrix/playground-test/src/Feature/Http/Controllers/Resource/Playground/RestoreTrait.php" line="65" class="Tests\Feature\Playground\Crm\Resource\Http\Controllers\Playground\OrganizationRouteTest" classname="Tests.Feature.Playground.Crm.Resource.Http.Controllers.Playground.OrganizationRouteTest" assertions="4" time="0.249477"/>
        <testcase name="test_restore_as_admin_and_succeed_with_redirect_to_index_with_only_trash" file="/app/vendor/gammamatrix/playground-test/src/Feature/Http/Controllers/Resource/Playground/RestoreTrait.php" line="101" class="Tests\Feature\Playground\Crm\Resource\Http\Controllers\Playground\OrganizationRouteTest" classname="Tests.Feature.Playground.Crm.Resource.Http.Controllers.Playground.OrganizationRouteTest" assertions="4" time="0.243908"/>
        <testcase name="test_restore_as_user_and_get_denied" file="/app/vendor/gammamatrix/playground-test/src/Feature/Http/Controllers/Resource/Playground/RestoreTrait.php" line="147" class="Tests\Feature\Playground\Crm\Resource\Http\Controllers\Playground\OrganizationRouteTest" classname="Tests.Feature.Playground.Crm.Resource.Http.Controllers.Playground.OrganizationRouteTest" assertions="3" time="0.240754"/>
        <testcase name="test_json_guest_cannot_see_info" file="/app/vendor/gammamatrix/playground-test/src/Feature/Http/Controllers/Resource/Playground/ShowJsonTrait.php" line="30" class="Tests\Feature\Playground\Crm\Resource\Http\Controllers\Playground\OrganizationRouteTest" classname="Tests.Feature.Playground.Crm.Resource.Http.Controllers.Playground.OrganizationRouteTest" assertions="1" time="0.229278"/>
        <testcase name="test_json_show_info_for_admin" file="/app/vendor/gammamatrix/playground-test/src/Feature/Http/Controllers/Resource/Playground/ShowJsonTrait.php" line="50" class="Tests\Feature\Playground\Crm\Resource\Http\Controllers\Playground\OrganizationRouteTest" classname="Tests.Feature.Playground.Crm.Resource.Http.Controllers.Playground.OrganizationRouteTest" assertions="100" time="0.246426"/>
        <testcase name="test_guest_cannot_render_show_view" file="/app/vendor/gammamatrix/playground-test/src/Feature/Http/Controllers/Resource/Playground/ShowTrait.php" line="30" class="Tests\Feature\Playground\Crm\Resource\Http\Controllers\Playground\OrganizationRouteTest" classname="Tests.Feature.Playground.Crm.Resource.Http.Controllers.Playground.OrganizationRouteTest" assertions="1" time="0.231108"/>
        <testcase name="test_show_view_rendered_by_admin" file="/app/vendor/gammamatrix/playground-test/src/Feature/Http/Controllers/Resource/Playground/ShowTrait.php" line="50" class="Tests\Feature\Playground\Crm\Resource\Http\Controllers\Playground\OrganizationRouteTest" classname="Tests.Feature.Playground.Crm.Resource.Http.Controllers.Playground.OrganizationRouteTest" assertions="2" time="0.262560"/>
        <testcase name="test_json_guest_cannot_store" file="/app/vendor/gammamatrix/playground-test/src/Feature/Http/Controllers/Resource/Playground/StoreJsonTrait.php" line="44" class="Tests\Feature\Playground\Crm\Resource\Http\Controllers\Playground\OrganizationRouteTest" classname="Tests.Feature.Playground.Crm.Resource.Http.Controllers.Playground.OrganizationRouteTest" assertions="3" time="0.231498"/>
        <testcase name="test_json_store_as_admin_without_payload_and_fail_validation" file="/app/vendor/gammamatrix/playground-test/src/Feature/Http/Controllers/Resource/Playground/StoreJsonTrait.php" line="67" class="Tests\Feature\Playground\Crm\Resource\Http\Controllers\Playground\OrganizationRouteTest" classname="Tests.Feature.Playground.Crm.Resource.Http.Controllers.Playground.OrganizationRouteTest" assertions="5" time="0.239213"/>
        <testcase name="test_json_store_as_admin_and_succeed" file="/app/vendor/gammamatrix/playground-test/src/Feature/Http/Controllers/Resource/Playground/StoreJsonTrait.php" line="93" class="Tests\Feature\Playground\Crm\Resource\Http\Controllers\Playground\OrganizationRouteTest" classname="Tests.Feature.Playground.Crm.Resource.Http.Controllers.Playground.OrganizationRouteTest" assertions="3" time="0.271638"/>
        <testcase name="test_guest_cannot_store" file="/app/vendor/gammamatrix/playground-test/src/Feature/Http/Controllers/Resource/Playground/StoreTrait.php" line="39" class="Tests\Feature\Playground\Crm\Resource\Http\Controllers\Playground\OrganizationRouteTest" classname="Tests.Feature.Playground.Crm.Resource.Http.Controllers.Playground.OrganizationRouteTest" assertions="3" time="0.226122"/>
        <testcase name="test_store_as_admin_without_payload_and_fail_validation" file="/app/vendor/gammamatrix/playground-test/src/Feature/Http/Controllers/Resource/Playground/StoreTrait.php" line="62" class="Tests\Feature\Playground\Crm\Resource\Http\Controllers\Playground\OrganizationRouteTest" classname="Tests.Feature.Playground.Crm.Resource.Http.Controllers.Playground.OrganizationRouteTest" assertions="5" time="0.239558"/>
        <testcase name="test_store_as_admin_and_succeed" file="/app/vendor/gammamatrix/playground-test/src/Feature/Http/Controllers/Resource/Playground/StoreTrait.php" line="91" class="Tests\Feature\Playground\Crm\Resource\Http\Controllers\Playground\OrganizationRouteTest" classname="Tests.Feature.Playground.Crm.Resource.Http.Controllers.Playground.OrganizationRouteTest" assertions="4" time="0.267547"/>
        <testcase name="test_store_as_admin_and_succeed_with_return_url" file="/app/vendor/gammamatrix/playground-test/src/Feature/Http/Controllers/Resource/Playground/StoreTrait.php" line="136" class="Tests\Feature\Playground\Crm\Resource\Http\Controllers\Playground\OrganizationRouteTest" classname="Tests.Feature.Playground.Crm.Resource.Http.Controllers.Playground.OrganizationRouteTest" assertions="4" time="0.267980"/>
        <testcase name="test_json_guest_cannot_unlock" file="/app/vendor/gammamatrix/playground-test/src/Feature/Http/Controllers/Resource/Playground/UnlockJsonTrait.php" line="37" class="Tests\Feature\Playground\Crm\Resource\Http\Controllers\Playground\OrganizationRouteTest" classname="Tests.Feature.Playground.Crm.Resource.Http.Controllers.Playground.OrganizationRouteTest" assertions="3" time="0.231535"/>
        <testcase name="test_json_unlock_as_admin_and_succeed" file="/app/vendor/gammamatrix/playground-test/src/Feature/Http/Controllers/Resource/Playground/UnlockJsonTrait.php" line="69" class="Tests\Feature\Playground\Crm\Resource\Http\Controllers\Playground\OrganizationRouteTest" classname="Tests.Feature.Playground.Crm.Resource.Http.Controllers.Playground.OrganizationRouteTest" assertions="101" time="0.260022"/>
        <testcase name="test_json_unlock_as_admin_and_succeed_with_no_redirect" file="/app/vendor/gammamatrix/playground-test/src/Feature/Http/Controllers/Resource/Playground/UnlockJsonTrait.php" line="105" class="Tests\Feature\Playground\Crm\Resource\Http\Controllers\Playground\OrganizationRouteTest" classname="Tests.Feature.Playground.Crm.Resource.Http.Controllers.Playground.OrganizationRouteTest" assertions="101" time="0.254797"/>
        <testcase name="test_json_unlock_as_user_and_get_denied" file="/app/vendor/gammamatrix/playground-test/src/Feature/Http/Controllers/Resource/Playground/UnlockJsonTrait.php" line="146" class="Tests\Feature\Playground\Crm\Resource\Http\Controllers\Playground\OrganizationRouteTest" classname="Tests.Feature.Playground.Crm.Resource.Http.Controllers.Playground.OrganizationRouteTest" assertions="3" time="0.250080"/>
        <testcase name="test_guest_cannot_unlock" file="/app/vendor/gammamatrix/playground-test/src/Feature/Http/Controllers/Resource/Playground/UnlockTrait.php" line="37" class="Tests\Feature\Playground\Crm\Resource\Http\Controllers\Playground\OrganizationRouteTest" classname="Tests.Feature.Playground.Crm.Resource.Http.Controllers.Playground.OrganizationRouteTest" assertions="3" time="0.232952"/>
        <testcase name="test_unlock_as_admin_and_succeed" file="/app/vendor/gammamatrix/playground-test/src/Feature/Http/Controllers/Resource/Playground/UnlockTrait.php" line="69" class="Tests\Feature\Playground\Crm\Resource\Http\Controllers\Playground\OrganizationRouteTest" classname="Tests.Feature.Playground.Crm.Resource.Http.Controllers.Playground.OrganizationRouteTest" assertions="4" time="0.250725"/>
        <testcase name="test_unlock_as_admin_and_succeed_with_redirect_to_index_with_sorted_by_unlocked_desc" file="/app/vendor/gammamatrix/playground-test/src/Feature/Http/Controllers/Resource/Playground/UnlockTrait.php" line="110" class="Tests\Feature\Playground\Crm\Resource\Http\Controllers\Playground\OrganizationRouteTest" classname="Tests.Feature.Playground.Crm.Resource.Http.Controllers.Playground.OrganizationRouteTest" assertions="4" time="0.249981"/>
        <testcase name="test_unlock_as_user_and_get_denied" file="/app/vendor/gammamatrix/playground-test/src/Feature/Http/Controllers/Resource/Playground/UnlockTrait.php" line="149" class="Tests\Feature\Playground\Crm\Resource\Http\Controllers\Playground\OrganizationRouteTest" classname="Tests.Feature.Playground.Crm.Resource.Http.Controllers.Playground.OrganizationRouteTest" assertions="3" time="0.248296"/>
        <testcase name="test_json_guest_cannot_update" file="/app/vendor/gammamatrix/playground-test/src/Feature/Http/Controllers/Resource/Playground/UpdateJsonTrait.php" line="46" class="Tests\Feature\Playground\Crm\Resource\Http\Controllers\Playground\OrganizationRouteTest" classname="Tests.Feature.Playground.Crm.Resource.Http.Controllers.Playground.OrganizationRouteTest" assertions="1" time="0.238104"/>
        <testcase name="test_json_update_as_admin_without_payload_and_passes_validation" file="/app/vendor/gammamatrix/playground-test/src/Feature/Http/Controllers/Resource/Playground/UpdateJsonTrait.php" line="66" class="Tests\Feature\Playground\Crm\Resource\Http\Controllers\Playground\OrganizationRouteTest" classname="Tests.Feature.Playground.Crm.Resource.Http.Controllers.Playground.OrganizationRouteTest" assertions="2" time="0.262544"/>
        <testcase name="test_json_admin_can_update" file="/app/vendor/gammamatrix/playground-test/src/Feature/Http/Controllers/Resource/Playground/UpdateJsonTrait.php" line="114" class="Tests\Feature\Playground\Crm\Resource\Http\Controllers\Playground\OrganizationRouteTest" classname="Tests.Feature.Playground.Crm.Resource.Http.Controllers.Playground.OrganizationRouteTest" assertions="103" time="0.299243"/>
        <testcase name="test_guest_cannot_update" file="/app/vendor/gammamatrix/playground-test/src/Feature/Http/Controllers/Resource/Playground/UpdateTrait.php" line="46" class="Tests\Feature\Playground\Crm\Resource\Http\Controllers\Playground\OrganizationRouteTest" classname="Tests.Feature.Playground.Crm.Resource.Http.Controllers.Playground.OrganizationRouteTest" assertions="1" time="0.235372"/>
        <testcase name="test_update_as_admin_without_payload_and_passes_validation" file="/app/vendor/gammamatrix/playground-test/src/Feature/Http/Controllers/Resource/Playground/UpdateTrait.php" line="66" class="Tests\Feature\Playground\Crm\Resource\Http\Controllers\Playground\OrganizationRouteTest" classname="Tests.Feature.Playground.Crm.Resource.Http.Controllers.Playground.OrganizationRouteTest" assertions="3" time="0.257100"/>
        <testcase name="test_admin_can_update" file="/app/vendor/gammamatrix/playground-test/src/Feature/Http/Controllers/Resource/Playground/UpdateTrait.php" line="117" class="Tests\Feature\Playground\Crm\Resource\Http\Controllers\Playground\OrganizationRouteTest" classname="Tests.Feature.Playground.Crm.Resource.Http.Controllers.Playground.OrganizationRouteTest" assertions="6" time="0.294040"/>
        <testcase name="test_admin_can_update_view_with_return_url" file="/app/vendor/gammamatrix/playground-test/src/Feature/Http/Controllers/Resource/Playground/UpdateTrait.php" line="160" class="Tests\Feature\Playground\Crm\Resource\Http\Controllers\Playground\OrganizationRouteTest" classname="Tests.Feature.Playground.Crm.Resource.Http.Controllers.Playground.OrganizationRouteTest" assertions="6" time="0.296995"/>
      </testsuite>
      <testsuite name="Tests\Feature\Playground\Crm\Resource\Http\Controllers\Playground\PeopleRouteTest" file="/app/tests/Feature/Http/Controllers/Playground/PeopleRouteTest.php" tests="73" assertions="1113" errors="0" failures="0" skipped="0" time="17.859703">
        <testcase name="test_json_guest_cannot_get_create_info" file="/app/vendor/gammamatrix/playground-test/src/Feature/Http/Controllers/Resource/Playground/CreateJsonTrait.php" line="39" class="Tests\Feature\Playground\Crm\Resource\Http\Controllers\Playground\PeopleRouteTest" classname="Tests.Feature.Playground.Crm.Resource.Http.Controllers.Playground.PeopleRouteTest" assertions="1" time="0.211314"/>
        <testcase name="test_json_admin_can_get_create_info" file="/app/vendor/gammamatrix/playground-test/src/Feature/Http/Controllers/Resource/Playground/CreateJsonTrait.php" line="54" class="Tests\Feature\Playground\Crm\Resource\Http\Controllers\Playground\PeopleRouteTest" classname="Tests.Feature.Playground.Crm.Resource.Http.Controllers.Playground.PeopleRouteTest" assertions="99" time="0.229801"/>
        <testcase name="test_json_get_create_info_as_admin_with_invalid_parameter_and_fail_validation" file="/app/vendor/gammamatrix/playground-test/src/Feature/Http/Controllers/Resource/Playground/CreateJsonTrait.php" line="74" class="Tests\Feature\Playground\Crm\Resource\Http\Controllers\Playground\PeopleRouteTest" classname="Tests.Feature.Playground.Crm.Resource.Http.Controllers.Playground.PeopleRouteTest" assertions="4" time="0.225824"/>
        <testcase name="test_guest_cannot_render_create_view" file="/app/vendor/gammamatrix/playground-test/src/Feature/Http/Controllers/Resource/Playground/CreateTrait.php" line="34" class="Tests\Feature\Playground\Crm\Resource\Http\Controllers\Playground\PeopleRouteTest" classname="Tests.Feature.Playground.Crm.Resource.Http.Controllers.Playground.PeopleRouteTest" assertions="1" time="0.206830"/>
        <testcase name="test_admin_can_render_create_view" file="/app/vendor/gammamatrix/playground-test/src/Feature/Http/Controllers/Resource/Playground/CreateTrait.php" line="48" class="Tests\Feature\Playground\Crm\Resource\Http\Controllers\Playground\PeopleRouteTest" classname="Tests.Feature.Playground.Crm.Resource.Http.Controllers.Playground.PeopleRouteTest" assertions="2" time="0.263676"/>
        <testcase name="test_admin_can_render_create_view_with_return_url" file="/app/vendor/gammamatrix/playground-test/src/Feature/Http/Controllers/Resource/Playground/CreateTrait.php" line="66" class="Tests\Feature\Playground\Crm\Resource\Http\Controllers\Playground\PeopleRouteTest" classname="Tests.Feature.Playground.Crm.Resource.Http.Controllers.Playground.PeopleRouteTest" assertions="3" time="0.260932"/>
        <testcase name="test_create_view_as_admin_with_invalid_parameter_and_fail_validation_and_redirect" file="/app/vendor/gammamatrix/playground-test/src/Feature/Http/Controllers/Resource/Playground/CreateTrait.php" line="90" class="Tests\Feature\Playground\Crm\Resource\Http\Controllers\Playground\PeopleRouteTest" classname="Tests.Feature.Playground.Crm.Resource.Http.Controllers.Playground.PeopleRouteTest" assertions="5" time="0.232373"/>
        <testcase name="test_json_guest_cannot_destroy" file="/app/vendor/gammamatrix/playground-test/src/Feature/Http/Controllers/Resource/Playground/DestroyJsonTrait.php" line="32" class="Tests\Feature\Playground\Crm\Resource\Http\Controllers\Playground\PeopleRouteTest" classname="Tests.Feature.Playground.Crm.Resource.Http.Controllers.Playground.PeopleRouteTest" assertions="3" time="0.225412"/>
        <testcase name="test_json_destroy_as_admin_and_succeed" file="/app/vendor/gammamatrix/playground-test/src/Feature/Http/Controllers/Resource/Playground/DestroyJsonTrait.php" line="62" class="Tests\Feature\Playground\Crm\Resource\Http\Controllers\Playground\PeopleRouteTest" classname="Tests.Feature.Playground.Crm.Resource.Http.Controllers.Playground.PeopleRouteTest" assertions="5" time="0.231668"/>
        <testcase name="test_json_destroy_as_admin_and_succeed_with_force_delete" file="/app/vendor/gammamatrix/playground-test/src/Feature/Http/Controllers/Resource/Playground/DestroyJsonTrait.php" line="101" class="Tests\Feature\Playground\Crm\Resource\Http\Controllers\Playground\PeopleRouteTest" classname="Tests.Feature.Playground.Crm.Resource.Http.Controllers.Playground.PeopleRouteTest" assertions="4" time="0.231641"/>
        <testcase name="test_json_destroy_as_admin_and_succeed_with_no_content" file="/app/vendor/gammamatrix/playground-test/src/Feature/Http/Controllers/Resource/Playground/DestroyJsonTrait.php" line="133" class="Tests\Feature\Playground\Crm\Resource\Http\Controllers\Playground\PeopleRouteTest" classname="Tests.Feature.Playground.Crm.Resource.Http.Controllers.Playground.PeopleRouteTest" assertions="5" time="0.230476"/>
        <testcase name="test_json_destroy_as_admin_and_succeed_and_ignore_redirect" file="/app/vendor/gammamatrix/playground-test/src/Feature/Http/Controllers/Resource/Playground/DestroyJsonTrait.php" line="168" class="Tests\Feature\Playground\Crm\Resource\Http\Controllers\Playground\PeopleRouteTest" classname="Tests.Feature.Playground.Crm.Resource.Http.Controllers.Playground.PeopleRouteTest" assertions="5" time="0.233490"/>
        <testcase name="test_json_destroy_as_user_and_get_denied_and_no_force_delete_allowed" file="/app/vendor/gammamatrix/playground-test/src/Feature/Http/Controllers/Resource/Playground/DestroyJsonTrait.php" line="210" class="Tests\Feature\Playground\Crm\Resource\Http\Controllers\Playground\PeopleRouteTest" classname="Tests.Feature.Playground.Crm.Resource.Http.Controllers.Playground.PeopleRouteTest" assertions="3" time="0.230272"/>
        <testcase name="test_guest_cannot_destroy" file="/app/vendor/gammamatrix/playground-test/src/Feature/Http/Controllers/Resource/Playground/DestroyTrait.php" line="32" class="Tests\Feature\Playground\Crm\Resource\Http\Controllers\Playground\PeopleRouteTest" classname="Tests.Feature.Playground.Crm.Resource.Http.Controllers.Playground.PeopleRouteTest" assertions="3" time="0.225841"/>
        <testcase name="test_destroy_as_admin_and_succeed" file="/app/vendor/gammamatrix/playground-test/src/Feature/Http/Controllers/Resource/Playground/DestroyTrait.php" line="62" class="Tests\Feature\Playground\Crm\Resource\Http\Controllers\Playground\PeopleRouteTest" classname="Tests.Feature.Playground.Crm.Resource.Http.Controllers.Playground.PeopleRouteTest" assertions="5" time="0.233647"/>
        <testcase name="test_destroy_as_admin_and_succeed_with_force_delete" file="/app/vendor/gammamatrix/playground-test/src/Feature/Http/Controllers/Resource/Playground/DestroyTrait.php" line="98" class="Tests\Feature\Playground\Crm\Resource\Http\Controllers\Playground\PeopleRouteTest" classname="Tests.Feature.Playground.Crm.Resource.Http.Controllers.Playground.PeopleRouteTest" assertions="4" time="0.237229"/>
        <testcase name="test_destroy_as_admin_and_succeed_with_redirect_to_index_with_trash" file="/app/vendor/gammamatrix/playground-test/src/Feature/Http/Controllers/Resource/Playground/DestroyTrait.php" line="130" class="Tests\Feature\Playground\Crm\Resource\Http\Controllers\Playground\PeopleRouteTest" classname="Tests.Feature.Playground.Crm.Resource.Http.Controllers.Playground.PeopleRouteTest" assertions="5" time="0.234305"/>
        <testcase name="test_destroy_as_user_and_get_denied_and_no_force_delete_allowed" file="/app/vendor/gammamatrix/playground-test/src/Feature/Http/Controllers/Resource/Playground/DestroyTrait.php" line="172" class="Tests\Feature\Playground\Crm\Resource\Http\Controllers\Playground\PeopleRouteTest" classname="Tests.Feature.Playground.Crm.Resource.Http.Controllers.Playground.PeopleRouteTest" assertions="3" time="0.232979"/>
        <testcase name="test_json_guest_cannot_get_edit_info" file="/app/vendor/gammamatrix/playground-test/src/Feature/Http/Controllers/Resource/Playground/EditJsonTrait.php" line="39" class="Tests\Feature\Playground\Crm\Resource\Http\Controllers\Playground\PeopleRouteTest" classname="Tests.Feature.Playground.Crm.Resource.Http.Controllers.Playground.PeopleRouteTest" assertions="1" time="0.221975"/>
        <testcase name="test_json_admin_can_get_edit_info" file="/app/vendor/gammamatrix/playground-test/src/Feature/Http/Controllers/Resource/Playground/EditJsonTrait.php" line="59" class="Tests\Feature\Playground\Crm\Resource\Http\Controllers\Playground\PeopleRouteTest" classname="Tests.Feature.Playground.Crm.Resource.Http.Controllers.Playground.PeopleRouteTest" assertions="4" time="0.244779"/>
        <testcase name="test_json_edit_as_admin_and_fail_validation_with_invalid_parameter" file="/app/vendor/gammamatrix/playground-test/src/Feature/Http/Controllers/Resource/Playground/EditJsonTrait.php" line="88" class="Tests\Feature\Playground\Crm\Resource\Http\Controllers\Playground\PeopleRouteTest" classname="Tests.Feature.Playground.Crm.Resource.Http.Controllers.Playground.PeopleRouteTest" assertions="4" time="0.241720"/>
        <testcase name="test_guest_cannot_render_edit_view" file="/app/vendor/gammamatrix/playground-test/src/Feature/Http/Controllers/Resource/Playground/EditTrait.php" line="34" class="Tests\Feature\Playground\Crm\Resource\Http\Controllers\Playground\PeopleRouteTest" classname="Tests.Feature.Playground.Crm.Resource.Http.Controllers.Playground.PeopleRouteTest" assertions="1" time="0.224817"/>
        <testcase name="test_admin_can_render_edit_view" file="/app/vendor/gammamatrix/playground-test/src/Feature/Http/Controllers/Resource/Playground/EditTrait.php" line="54" class="Tests\Feature\Playground\Crm\Resource\Http\Controllers\Playground\PeopleRouteTest" classname="Tests.Feature.Playground.Crm.Resource.Http.Controllers.Playground.PeopleRouteTest" assertions="2" time="0.283111"/>
        <testcase name="test_admin_can_render_edit_view_with_return_url" file="/app/vendor/gammamatrix/playground-test/src/Feature/Http/Controllers/Resource/Playground/EditTrait.php" line="78" class="Tests\Feature\Playground\Crm\Resource\Http\Controllers\Playground\PeopleRouteTest" classname="Tests.Feature.Playground.Crm.Resource.Http.Controllers.Playground.PeopleRouteTest" assertions="3" time="0.278828"/>
        <testcase name="test_edit_view_as_admin_with_invalid_parameter_and_fail_validation_and_redirect" file="/app/vendor/gammamatrix/playground-test/src/Feature/Http/Controllers/Resource/Playground/EditTrait.php" line="107" class="Tests\Feature\Playground\Crm\Resource\Http\Controllers\Playground\PeopleRouteTest" classname="Tests.Feature.Playground.Crm.Resource.Http.Controllers.Playground.PeopleRouteTest" assertions="4" time="0.242857"/>
        <testcase name="test_json_guest_cannot_get_index" file="/app/vendor/gammamatrix/playground-test/src/Feature/Http/Controllers/Resource/Playground/IndexJsonTrait.php" line="35" class="Tests\Feature\Playground\Crm\Resource\Http\Controllers\Playground\PeopleRouteTest" classname="Tests.Feature.Playground.Crm.Resource.Http.Controllers.Playground.PeopleRouteTest" assertions="1" time="0.221972"/>
        <testcase name="test_json_admin_can_get_index" file="/app/vendor/gammamatrix/playground-test/src/Feature/Http/Controllers/Resource/Playground/IndexJsonTrait.php" line="50" class="Tests\Feature\Playground\Crm\Resource\Http\Controllers\Playground\PeopleRouteTest" classname="Tests.Feature.Playground.Crm.Resource.Http.Controllers.Playground.PeopleRouteTest" assertions="103" time="0.247149"/>
        <testcase name="test_json_admin_can_get_index_with_filters" file="/app/vendor/gammamatrix/playground-test/src/Feature/Http/Controllers/Resource/Playground/IndexJsonTrait.php" line="86" class="Tests\Feature\Playground\Crm\Resource\Http\Controllers\Playground\PeopleRouteTest" classname="Tests.Feature.Playground.Crm.Resource.Http.Controllers.Playground.PeopleRouteTest" assertions="3" time="0.248892"/>
        <testcase name="test_guest_cannot_render_index_view" file="/app/vendor/gammamatrix/playground-test/src/Feature/Http/Controllers/Resource/Playground/IndexTrait.php" line="30" class="Tests\Feature\Playground\Crm\Resource\Http\Controllers\Playground\PeopleRouteTest" classname="Tests.Feature.Playground.Crm.Resource.Http.Controllers.Playground.PeopleRouteTest" assertions="1" time="0.226605"/>
        <testcase name="test_admin_can_render_index_view" file="/app/vendor/gammamatrix/playground-test/src/Feature/Http/Controllers/Resource/Playground/IndexTrait.php" line="45" class="Tests\Feature\Playground\Crm\Resource\Http\Controllers\Playground\PeopleRouteTest" classname="Tests.Feature.Playground.Crm.Resource.Http.Controllers.Playground.PeopleRouteTest" assertions="2" time="0.278953"/>
        <testcase name="test_admin_can_render_index_view_with_filters" file="/app/vendor/gammamatrix/playground-test/src/Feature/Http/Controllers/Resource/Playground/IndexTrait.php" line="78" class="Tests\Feature\Playground\Crm\Resource\Http\Controllers\Playground\PeopleRouteTest" classname="Tests.Feature.Playground.Crm.Resource.Http.Controllers.Playground.PeopleRouteTest" assertions="3" time="0.275463"/>
        <testcase name="test_json_guest_cannot_lock" file="/app/vendor/gammamatrix/playground-test/src/Feature/Http/Controllers/Resource/Playground/LockJsonTrait.php" line="37" class="Tests\Feature\Playground\Crm\Resource\Http\Controllers\Playground\PeopleRouteTest" classname="Tests.Feature.Playground.Crm.Resource.Http.Controllers.Playground.PeopleRouteTest" assertions="3" time="0.225055"/>
        <testcase name="test_json_lock_as_admin_and_succeed" file="/app/vendor/gammamatrix/playground-test/src/Feature/Http/Controllers/Resource/Playground/LockJsonTrait.php" line="67" class="Tests\Feature\Playground\Crm\Resource\Http\Controllers\Playground\PeopleRouteTest" classname="Tests.Feature.Playground.Crm.Resource.Http.Controllers.Playground.PeopleRouteTest" assertions="3" time="0.246753"/>
        <testcase name="test_json_lock_as_admin_and_succeed_with_no_redirect" file="/app/vendor/gammamatrix/playground-test/src/Feature/Http/Controllers/Resource/Playground/LockJsonTrait.php" line="99" class="Tests\Feature\Playground\Crm\Resource\Http\Controllers\Playground\PeopleRouteTest" classname="Tests.Feature.Playground.Crm.Resource.Http.Controllers.Playground.PeopleRouteTest" assertions="101" time="0.250222"/>
        <testcase name="test_json_lock_as_user_and_get_denied" file="/app/vendor/gammamatrix/playground-test/src/Feature/Http/Controllers/Resource/Playground/LockJsonTrait.php" line="144" class="Tests\Feature\Playground\Crm\Resource\Http\Controllers\Playground\PeopleRouteTest" classname="Tests.Feature.Playground.Crm.Resource.Http.Controllers.Playground.PeopleRouteTest" assertions="3" time="0.236759"/>
        <testcase name="test_guest_cannot_lock" file="/app/vendor/gammamatrix/playground-test/src/Feature/Http/Controllers/Resource/Playground/LockTrait.php" line="32" class="Tests\Feature\Playground\Crm\Resource\Http\Controllers\Playground\PeopleRouteTest" classname="Tests.Feature.Playground.Crm.Resource.Http.Controllers.Playground.PeopleRouteTest" assertions="3" time="0.227082"/>
        <testcase name="test_lock_as_admin_and_succeed" file="/app/vendor/gammamatrix/playground-test/src/Feature/Http/Controllers/Resource/Playground/LockTrait.php" line="62" class="Tests\Feature\Playground\Crm\Resource\Http\Controllers\Playground\PeopleRouteTest" classname="Tests.Feature.Playground.Crm.Resource.Http.Controllers.Playground.PeopleRouteTest" assertions="4" time="0.251689"/>
        <testcase name="test_lock_as_admin_and_succeed_with_redirect_to_index_with_sorted_by_locked_desc" file="/app/vendor/gammamatrix/playground-test/src/Feature/Http/Controllers/Resource/Playground/LockTrait.php" line="96" class="Tests\Feature\Playground\Crm\Resource\Http\Controllers\Playground\PeopleRouteTest" classname="Tests.Feature.Playground.Crm.Resource.Http.Controllers.Playground.PeopleRouteTest" assertions="4" time="0.243671"/>
        <testcase name="test_lock_as_user_and_get_denied" file="/app/vendor/gammamatrix/playground-test/src/Feature/Http/Controllers/Resource/Playground/LockTrait.php" line="133" class="Tests\Feature\Playground\Crm\Resource\Http\Controllers\Playground\PeopleRouteTest" classname="Tests.Feature.Playground.Crm.Resource.Http.Controllers.Playground.PeopleRouteTest" assertions="3" time="0.237796"/>
        <testcase name="test_json_guest_cannot_restore" file="/app/vendor/gammamatrix/playground-test/src/Feature/Http/Controllers/Resource/Playground/RestoreJsonTrait.php" line="33" class="Tests\Feature\Playground\Crm\Resource\Http\Controllers\Playground\PeopleRouteTest" classname="Tests.Feature.Playground.Crm.Resource.Http.Controllers.Playground.PeopleRouteTest" assertions="3" time="0.227028"/>
        <testcase name="test_json_restore_as_admin_and_succeed" file="/app/vendor/gammamatrix/playground-test/src/Feature/Http/Controllers/Resource/Playground/RestoreJsonTrait.php" line="65" class="Tests\Feature\Playground\Crm\Resource\Http\Controllers\Playground\PeopleRouteTest" classname="Tests.Feature.Playground.Crm.Resource.Http.Controllers.Playground.PeopleRouteTest" assertions="101" time="0.260234"/>
        <testcase name="test_json_restore_as_admin_and_succeed_with_no_redirect" file="/app/vendor/gammamatrix/playground-test/src/Feature/Http/Controllers/Resource/Playground/RestoreJsonTrait.php" line="101" class="Tests\Feature\Playground\Crm\Resource\Http\Controllers\Playground\PeopleRouteTest" classname="Tests.Feature.Playground.Crm.Resource.Http.Controllers.Playground.PeopleRouteTest" assertions="101" time="0.249068"/>
        <testcase name="test_json_restore_as_user_and_get_denied" file="/app/vendor/gammamatrix/playground-test/src/Feature/Http/Controllers/Resource/Playground/RestoreJsonTrait.php" line="144" class="Tests\Feature\Playground\Crm\Resource\Http\Controllers\Playground\PeopleRouteTest" classname="Tests.Feature.Playground.Crm.Resource.Http.Controllers.Playground.PeopleRouteTest" assertions="3" time="0.238780"/>
        <testcase name="test_guest_cannot_restore" file="/app/vendor/gammamatrix/playground-test/src/Feature/Http/Controllers/Resource/Playground/RestoreTrait.php" line="33" class="Tests\Feature\Playground\Crm\Resource\Http\Controllers\Playground\PeopleRouteTest" classname="Tests.Feature.Playground.Crm.Resource.Http.Controllers.Playground.PeopleRouteTest" assertions="3" time="0.229728"/>
        <testcase name="test_restore_as_admin_and_succeed" file="/app/vendor/gammamatrix/playground-test/src/Feature/Http/Controllers/Resource/Playground/RestoreTrait.php" line="65" class="Tests\Feature\Playground\Crm\Resource\Http\Controllers\Playground\PeopleRouteTest" classname="Tests.Feature.Playground.Crm.Resource.Http.Controllers.Playground.PeopleRouteTest" assertions="4" time="0.250265"/>
        <testcase name="test_restore_as_admin_and_succeed_with_redirect_to_index_with_only_trash" file="/app/vendor/gammamatrix/playground-test/src/Feature/Http/Controllers/Resource/Playground/RestoreTrait.php" line="101" class="Tests\Feature\Playground\Crm\Resource\Http\Controllers\Playground\PeopleRouteTest" classname="Tests.Feature.Playground.Crm.Resource.Http.Controllers.Playground.PeopleRouteTest" assertions="4" time="0.245899"/>
        <testcase name="test_restore_as_user_and_get_denied" file="/app/vendor/gammamatrix/playground-test/src/Feature/Http/Controllers/Resource/Playground/RestoreTrait.php" line="147" class="Tests\Feature\Playground\Crm\Resource\Http\Controllers\Playground\PeopleRouteTest" classname="Tests.Feature.Playground.Crm.Resource.Http.Controllers.Playground.PeopleRouteTest" assertions="3" time="0.241024"/>
        <testcase name="test_json_guest_cannot_see_info" file="/app/vendor/gammamatrix/playground-test/src/Feature/Http/Controllers/Resource/Playground/ShowJsonTrait.php" line="30" class="Tests\Feature\Playground\Crm\Resource\Http\Controllers\Playground\PeopleRouteTest" classname="Tests.Feature.Playground.Crm.Resource.Http.Controllers.Playground.PeopleRouteTest" assertions="1" time="0.230674"/>
        <testcase name="test_json_show_info_for_admin" file="/app/vendor/gammamatrix/playground-test/src/Feature/Http/Controllers/Resource/Playground/ShowJsonTrait.php" line="50" class="Tests\Feature\Playground\Crm\Resource\Http\Controllers\Playground\PeopleRouteTest" classname="Tests.Feature.Playground.Crm.Resource.Http.Controllers.Playground.PeopleRouteTest" assertions="100" time="0.247745"/>
        <testcase name="test_guest_cannot_render_show_view" file="/app/vendor/gammamatrix/playground-test/src/Feature/Http/Controllers/Resource/Playground/ShowTrait.php" line="30" class="Tests\Feature\Playground\Crm\Resource\Http\Controllers\Playground\PeopleRouteTest" classname="Tests.Feature.Playground.Crm.Resource.Http.Controllers.Playground.PeopleRouteTest" assertions="1" time="0.231804"/>
        <testcase name="test_show_view_rendered_by_admin" file="/app/vendor/gammamatrix/playground-test/src/Feature/Http/Controllers/Resource/Playground/ShowTrait.php" line="50" class="Tests\Feature\Playground\Crm\Resource\Http\Controllers\Playground\PeopleRouteTest" classname="Tests.Feature.Playground.Crm.Resource.Http.Controllers.Playground.PeopleRouteTest" assertions="2" time="0.264757"/>
        <testcase name="test_json_guest_cannot_store" file="/app/vendor/gammamatrix/playground-test/src/Feature/Http/Controllers/Resource/Playground/StoreJsonTrait.php" line="44" class="Tests\Feature\Playground\Crm\Resource\Http\Controllers\Playground\PeopleRouteTest" classname="Tests.Feature.Playground.Crm.Resource.Http.Controllers.Playground.PeopleRouteTest" assertions="3" time="0.225453"/>
        <testcase name="test_json_store_as_admin_without_payload_and_fail_validation" file="/app/vendor/gammamatrix/playground-test/src/Feature/Http/Controllers/Resource/Playground/StoreJsonTrait.php" line="67" class="Tests\Feature\Playground\Crm\Resource\Http\Controllers\Playground\PeopleRouteTest" classname="Tests.Feature.Playground.Crm.Resource.Http.Controllers.Playground.PeopleRouteTest" assertions="5" time="0.240786"/>
        <testcase name="test_json_store_as_admin_and_succeed" file="/app/vendor/gammamatrix/playground-test/src/Feature/Http/Controllers/Resource/Playground/StoreJsonTrait.php" line="93" class="Tests\Feature\Playground\Crm\Resource\Http\Controllers\Playground\PeopleRouteTest" classname="Tests.Feature.Playground.Crm.Resource.Http.Controllers.Playground.PeopleRouteTest" assertions="3" time="0.271319"/>
        <testcase name="test_guest_cannot_store" file="/app/vendor/gammamatrix/playground-test/src/Feature/Http/Controllers/Resource/Playground/StoreTrait.php" line="39" class="Tests\Feature\Playground\Crm\Resource\Http\Controllers\Playground\PeopleRouteTest" classname="Tests.Feature.Playground.Crm.Resource.Http.Controllers.Playground.PeopleRouteTest" assertions="3" time="0.226597"/>
        <testcase name="test_store_as_admin_without_payload_and_fail_validation" file="/app/vendor/gammamatrix/playground-test/src/Feature/Http/Controllers/Resource/Playground/StoreTrait.php" line="62" class="Tests\Feature\Playground\Crm\Resource\Http\Controllers\Playground\PeopleRouteTest" classname="Tests.Feature.Playground.Crm.Resource.Http.Controllers.Playground.PeopleRouteTest" assertions="5" time="0.241467"/>
        <testcase name="test_store_as_admin_and_succeed" file="/app/vendor/gammamatrix/playground-test/src/Feature/Http/Controllers/Resource/Playground/StoreTrait.php" line="91" class="Tests\Feature\Playground\Crm\Resource\Http\Controllers\Playground\PeopleRouteTest" classname="Tests.Feature.Playground.Crm.Resource.Http.Controllers.Playground.PeopleRouteTest" assertions="4" time="0.267239"/>
        <testcase name="test_store_as_admin_and_succeed_with_return_url" file="/app/vendor/gammamatrix/playground-test/src/Feature/Http/Controllers/Resource/Playground/StoreTrait.php" line="136" class="Tests\Feature\Playground\Crm\Resource\Http\Controllers\Playground\PeopleRouteTest" classname="Tests.Feature.Playground.Crm.Resource.Http.Controllers.Playground.PeopleRouteTest" assertions="4" time="0.265508"/>
        <testcase name="test_json_guest_cannot_unlock" file="/app/vendor/gammamatrix/playground-test/src/Feature/Http/Controllers/Resource/Playground/UnlockJsonTrait.php" line="37" class="Tests\Feature\Playground\Crm\Resource\Http\Controllers\Playground\PeopleRouteTest" classname="Tests.Feature.Playground.Crm.Resource.Http.Controllers.Playground.PeopleRouteTest" assertions="3" time="0.237204"/>
        <testcase name="test_json_unlock_as_admin_and_succeed" file="/app/vendor/gammamatrix/playground-test/src/Feature/Http/Controllers/Resource/Playground/UnlockJsonTrait.php" line="69" class="Tests\Feature\Playground\Crm\Resource\Http\Controllers\Playground\PeopleRouteTest" classname="Tests.Feature.Playground.Crm.Resource.Http.Controllers.Playground.PeopleRouteTest" assertions="101" time="0.258054"/>
        <testcase name="test_json_unlock_as_admin_and_succeed_with_no_redirect" file="/app/vendor/gammamatrix/playground-test/src/Feature/Http/Controllers/Resource/Playground/UnlockJsonTrait.php" line="105" class="Tests\Feature\Playground\Crm\Resource\Http\Controllers\Playground\PeopleRouteTest" classname="Tests.Feature.Playground.Crm.Resource.Http.Controllers.Playground.PeopleRouteTest" assertions="101" time="0.257406"/>
        <testcase name="test_json_unlock_as_user_and_get_denied" file="/app/vendor/gammamatrix/playground-test/src/Feature/Http/Controllers/Resource/Playground/UnlockJsonTrait.php" line="146" class="Tests\Feature\Playground\Crm\Resource\Http\Controllers\Playground\PeopleRouteTest" classname="Tests.Feature.Playground.Crm.Resource.Http.Controllers.Playground.PeopleRouteTest" assertions="3" time="0.242994"/>
        <testcase name="test_guest_cannot_unlock" file="/app/vendor/gammamatrix/playground-test/src/Feature/Http/Controllers/Resource/Playground/UnlockTrait.php" line="37" class="Tests\Feature\Playground\Crm\Resource\Http\Controllers\Playground\PeopleRouteTest" classname="Tests.Feature.Playground.Crm.Resource.Http.Controllers.Playground.PeopleRouteTest" assertions="3" time="0.238191"/>
        <testcase name="test_unlock_as_admin_and_succeed" file="/app/vendor/gammamatrix/playground-test/src/Feature/Http/Controllers/Resource/Playground/UnlockTrait.php" line="69" class="Tests\Feature\Playground\Crm\Resource\Http\Controllers\Playground\PeopleRouteTest" classname="Tests.Feature.Playground.Crm.Resource.Http.Controllers.Playground.PeopleRouteTest" assertions="4" time="0.248627"/>
        <testcase name="test_unlock_as_admin_and_succeed_with_redirect_to_index_with_sorted_by_unlocked_desc" file="/app/vendor/gammamatrix/playground-test/src/Feature/Http/Controllers/Resource/Playground/UnlockTrait.php" line="110" class="Tests\Feature\Playground\Crm\Resource\Http\Controllers\Playground\PeopleRouteTest" classname="Tests.Feature.Playground.Crm.Resource.Http.Controllers.Playground.PeopleRouteTest" assertions="4" time="0.250807"/>
        <testcase name="test_unlock_as_user_and_get_denied" file="/app/vendor/gammamatrix/playground-test/src/Feature/Http/Controllers/Resource/Playground/UnlockTrait.php" line="149" class="Tests\Feature\Playground\Crm\Resource\Http\Controllers\Playground\PeopleRouteTest" classname="Tests.Feature.Playground.Crm.Resource.Http.Controllers.Playground.PeopleRouteTest" assertions="3" time="0.252689"/>
        <testcase name="test_json_guest_cannot_update" file="/app/vendor/gammamatrix/playground-test/src/Feature/Http/Controllers/Resource/Playground/UpdateJsonTrait.php" line="46" class="Tests\Feature\Playground\Crm\Resource\Http\Controllers\Playground\PeopleRouteTest" classname="Tests.Feature.Playground.Crm.Resource.Http.Controllers.Playground.PeopleRouteTest" assertions="1" time="0.233728"/>
        <testcase name="test_json_update_as_admin_without_payload_and_passes_validation" file="/app/vendor/gammamatrix/playground-test/src/Feature/Http/Controllers/Resource/Playground/UpdateJsonTrait.php" line="66" class="Tests\Feature\Playground\Crm\Resource\Http\Controllers\Playground\PeopleRouteTest" classname="Tests.Feature.Playground.Crm.Resource.Http.Controllers.Playground.PeopleRouteTest" assertions="2" time="0.262388"/>
        <testcase name="test_json_admin_can_update" file="/app/vendor/gammamatrix/playground-test/src/Feature/Http/Controllers/Resource/Playground/UpdateJsonTrait.php" line="114" class="Tests\Feature\Playground\Crm\Resource\Http\Controllers\Playground\PeopleRouteTest" classname="Tests.Feature.Playground.Crm.Resource.Http.Controllers.Playground.PeopleRouteTest" assertions="103" time="0.300625"/>
        <testcase name="test_guest_cannot_update" file="/app/vendor/gammamatrix/playground-test/src/Feature/Http/Controllers/Resource/Playground/UpdateTrait.php" line="46" class="Tests\Feature\Playground\Crm\Resource\Http\Controllers\Playground\PeopleRouteTest" classname="Tests.Feature.Playground.Crm.Resource.Http.Controllers.Playground.PeopleRouteTest" assertions="1" time="0.237532"/>
        <testcase name="test_update_as_admin_without_payload_and_passes_validation" file="/app/vendor/gammamatrix/playground-test/src/Feature/Http/Controllers/Resource/Playground/UpdateTrait.php" line="66" class="Tests\Feature\Playground\Crm\Resource\Http\Controllers\Playground\PeopleRouteTest" classname="Tests.Feature.Playground.Crm.Resource.Http.Controllers.Playground.PeopleRouteTest" assertions="3" time="0.260792"/>
        <testcase name="test_admin_can_update" file="/app/vendor/gammamatrix/playground-test/src/Feature/Http/Controllers/Resource/Playground/UpdateTrait.php" line="117" class="Tests\Feature\Playground\Crm\Resource\Http\Controllers\Playground\PeopleRouteTest" classname="Tests.Feature.Playground.Crm.Resource.Http.Controllers.Playground.PeopleRouteTest" assertions="6" time="0.295737"/>
        <testcase name="test_admin_can_update_view_with_return_url" file="/app/vendor/gammamatrix/playground-test/src/Feature/Http/Controllers/Resource/Playground/UpdateTrait.php" line="160" class="Tests\Feature\Playground\Crm\Resource\Http\Controllers\Playground\PeopleRouteTest" classname="Tests.Feature.Playground.Crm.Resource.Http.Controllers.Playground.PeopleRouteTest" assertions="6" time="0.293702"/>
      </testsuite>
      <testsuite name="Tests\Feature\Playground\Crm\Resource\Http\Requests\FormRequest\InstanceTest" file="/app/tests/Feature/Http/Requests/FormRequest/InstanceTest.php" tests="1" assertions="1" errors="0" failures="0" skipped="0" time="0.209243">
        <testcase name="test_form_request_authorize_with_admin" file="/app/tests/Feature/Http/Requests/FormRequest/InstanceTest.php" line="23" class="Tests\Feature\Playground\Crm\Resource\Http\Requests\FormRequest\InstanceTest" classname="Tests.Feature.Playground.Crm.Resource.Http.Requests.FormRequest.InstanceTest" assertions="1" time="0.209243"/>
      </testsuite>
    </testsuite>
  </testsuite>
</testsuites>
